    Finished `dev` profile [unoptimized + debuginfo] target(s) in 0.07s
Session "c991a515-5777-43d3-b5d4-145a1a2a1acf" | revision "10" | accepted "10" | draft matches accepted
Task: "# Schema construction and constraint task\n\nFixed before application implementation for CLI-004.\n\nBuild a schema for a service record using only navigation and typed value constructors. Its root is an object with no undeclared properties. It requires `name`, `port`, and `mode`. Name is a nonempty string. Port references a local `$defs/port` integer schema with inclusive bounds 1 and 65535. Mode is `development` or `production`. Optional `tags` is an array of unique strings. A schema with these rules must remain ordinary data until explicitly attached.\n\nSave the schema, then start an independent empty instance session, attach it, discover the missing fields, and author a valid service. Empty drafts and a string-valued port stay editable but cannot commit. Rejection identifies instance and schema paths and changes no saved byte. Fix the port, commit, reopen after removing the source file, inspect the attachment and continue. Changing and detaching constraints must be explicit. Human command and machine request journeys must agree on resulting documents, guidance, and findings.\n\nSeparately construct an OpenAPI 3.1.1 description with title `Service catalog`, version `1.0.0`, and GET `/services` operation `listServices`. Its successful `200` response has description `Service list`, JSON media type, and an array schema whose items reference `#/components/schemas/Service`. That component is an object requiring a string `name` and integer `port`. Preserve the slash-containing path and numeric-looking response key as literal object keys. No raw JSON containers may be typed into either construction trace. No API invocation is part of this task.\n\nValidation must also agree with retained, unmodified positive and negative cases from the JSON Schema project's Draft 2020-12 suite. Pin the downloaded bytes before application implementation. Exercise local references and their siblings, boolean schemas, numeric equivalence, invalid schemas, unsupported dialects and features, external and cyclic references, annotation data containing schema-looking keys, conditional guidance limits, and checkpoint failure recovery. This task fixes behavior; tests do not derive the expected service schema or API document from the produced artifact.\n"
{
  "accepted_revision": "10",
  "active_constraint": {
    "dialect": "https://json-schema.org/draft/2020-12/schema",
    "policy": "local-2020-12-v1",
    "schema_sha256": "c61ba2423e8f23f5b6b67556b082f151534979a98860cf0b7be49ec816035e37"
  },
  "constraint_mode": "json-schema-2020-12",
  "context": [],
  "definition_id": "bootstrap-json-constraints-v1",
  "definition_sha256": "0aad1c15cea491185b47162132a97930c6e246599d800692e2f2ce6ffa24a0e7",
  "dirty": false,
  "durability": "durable",
  "node_kind": "object",
  "revision": "10",
  "session_id": "c991a515-5777-43d3-b5d4-145a1a2a1acf"
}
Last receipt: {
  "request": {
    "arguments": {},
    "expected_revision": "9",
    "operation": "commit",
    "request_id": "02fd3918-43c9-4db7-b75c-a4ea269a41c5",
    "session_id": "c991a515-5777-43d3-b5d4-145a1a2a1acf"
  },
  "response": {
    "error": null,
    "event": "response",
    "mutation": "applied",
    "operation": "commit",
    "replayed": false,
    "request_id": "02fd3918-43c9-4db7-b75c-a4ea269a41c5",
    "result": {
      "accepted_revision": "10"
    },
    "session": {
      "accepted_revision": "10",
      "active_constraint": {
        "dialect": "https://json-schema.org/draft/2020-12/schema",
        "policy": "local-2020-12-v1",
        "schema_sha256": "c61ba2423e8f23f5b6b67556b082f151534979a98860cf0b7be49ec816035e37"
      },
      "constraint_mode": "json-schema-2020-12",
      "context": [],
      "definition_id": "bootstrap-json-constraints-v1",
      "definition_sha256": "0aad1c15cea491185b47162132a97930c6e246599d800692e2f2ce6ffa24a0e7",
      "dirty": false,
      "durability": "durable",
      "node_kind": "object",
      "revision": "10",
      "session_id": "c991a515-5777-43d3-b5d4-145a1a2a1acf"
    },
    "status": "ok"
  }
}
{
  "active_constraint": {
    "dialect": "https://json-schema.org/draft/2020-12/schema",
    "policy": "local-2020-12-v1",
    "schema_sha256": "c61ba2423e8f23f5b6b67556b082f151534979a98860cf0b7be49ec816035e37"
  },
  "draft_policy": "editable; full validation on commit",
  "format_policy": "annotation-only",
  "reference_policy": "in-document JSON Pointer, acyclic, no retrieval",
  "schema_json_text": "{\"$defs\":{\"port\":{\"maximum\":65535,\"minimum\":1,\"type\":\"integer\"}},\"$schema\":\"https://json-schema.org/draft/2020-12/schema\",\"additionalProperties\":false,\"properties\":{\"mode\":{\"enum\":[\"development\",\"production\"],\"type\":\"string\"},\"name\":{\"minLength\":1,\"type\":\"string\"},\"port\":{\"$ref\":\"#/$defs/port\"},\"tags\":{\"items\":{\"type\":\"string\"},\"type\":\"array\",\"uniqueItems\":true}},\"required\":[\"name\",\"port\",\"mode\"],\"type\":\"object\"}"
}
Mutation: "none" | replayed: false
Session: {"accepted_revision":"10","active_constraint":{"dialect":"https://json-schema.org/draft/2020-12/schema","policy":"local-2020-12-v1","schema_sha256":"c61ba2423e8f23f5b6b67556b082f151534979a98860cf0b7be49ec816035e37"},"constraint_mode":"json-schema-2020-12","context":[],"definition_id":"bootstrap-json-constraints-v1","definition_sha256":"0aad1c15cea491185b47162132a97930c6e246599d800692e2f2ce6ffa24a0e7","dirty":false,"durability":"durable","node_kind":"object","revision":"10","session_id":"c991a515-5777-43d3-b5d4-145a1a2a1acf"}
{
  "guidance": {
    "children": [],
    "complete": true,
    "notes": [],
    "path": {
      "base": "root",
      "segments": [
        {
          "key": "port"
        }
      ]
    },
    "required": [],
    "rules": [
      {
        "schema_json_text": "{\"maximum\":65535,\"minimum\":1,\"type\":\"integer\"}",
        "schema_path": "/$defs/port"
      },
      {
        "schema_json_text": "{\"$ref\":\"#/$defs/port\"}",
        "schema_path": "/properties/port"
      }
    ],
    "schema_paths": [
      "/$defs/port",
      "/properties/port"
    ],
    "terminal_path": "/port",
    "types": [
      "integer"
    ],
    "values": []
  }
}
Mutation: "none" | replayed: false
Session: {"accepted_revision":"10","active_constraint":{"dialect":"https://json-schema.org/draft/2020-12/schema","policy":"local-2020-12-v1","schema_sha256":"c61ba2423e8f23f5b6b67556b082f151534979a98860cf0b7be49ec816035e37"},"constraint_mode":"json-schema-2020-12","context":[],"definition_id":"bootstrap-json-constraints-v1","definition_sha256":"0aad1c15cea491185b47162132a97930c6e246599d800692e2f2ce6ffa24a0e7","dirty":false,"durability":"durable","node_kind":"object","revision":"10","session_id":"c991a515-5777-43d3-b5d4-145a1a2a1acf"}
{
  "guidance": {
    "children": [],
    "complete": true,
    "notes": [],
    "path": {
      "base": "root",
      "segments": [
        {
          "key": "mode"
        }
      ]
    },
    "required": [],
    "rules": [
      {
        "schema_json_text": "{\"enum\":[\"development\",\"production\"],\"type\":\"string\"}",
        "schema_path": "/properties/mode"
      }
    ],
    "schema_paths": [
      "/properties/mode"
    ],
    "terminal_path": "/mode",
    "types": [
      "string"
    ],
    "values": [
      {
        "kind": "string",
        "value": "development"
      },
      {
        "kind": "string",
        "value": "production"
      }
    ]
  }
}
Mutation: "none" | replayed: false
Session: {"accepted_revision":"10","active_constraint":{"dialect":"https://json-schema.org/draft/2020-12/schema","policy":"local-2020-12-v1","schema_sha256":"c61ba2423e8f23f5b6b67556b082f151534979a98860cf0b7be49ec816035e37"},"constraint_mode":"json-schema-2020-12","context":[],"definition_id":"bootstrap-json-constraints-v1","definition_sha256":"0aad1c15cea491185b47162132a97930c6e246599d800692e2f2ce6ffa24a0e7","dirty":false,"durability":"durable","node_kind":"object","revision":"10","session_id":"c991a515-5777-43d3-b5d4-145a1a2a1acf"}
{
  "entries": [
    {
      "kind": "string",
      "path": {
        "base": "root",
        "segments": [
          {
            "key": "mode"
          }
        ]
      },
      "segment": {
        "key": "mode"
      },
      "terminal_path": "/mode"
    },
    {
      "kind": "string",
      "path": {
        "base": "root",
        "segments": [
          {
            "key": "name"
          }
        ]
      },
      "segment": {
        "key": "name"
      },
      "terminal_path": "/name"
    },
    {
      "kind": "number",
      "path": {
        "base": "root",
        "segments": [
          {
            "key": "port"
          }
        ]
      },
      "segment": {
        "key": "port"
      },
      "terminal_path": "/port"
    },
    {
      "kind": "array",
      "path": {
        "base": "root",
        "segments": [
          {
            "key": "tags"
          }
        ]
      },
      "segment": {
        "key": "tags"
      },
      "terminal_path": "/tags"
    }
  ],
  "guidance": {
    "children": [
      {
        "key": "mode",
        "path": {
          "base": "root",
          "segments": [
            {
              "key": "mode"
            }
          ]
        },
        "required": true,
        "terminal_path": "/mode",
        "types": [
          "string"
        ]
      },
      {
        "key": "name",
        "path": {
          "base": "root",
          "segments": [
            {
              "key": "name"
            }
          ]
        },
        "required": true,
        "terminal_path": "/name",
        "types": [
          "string"
        ]
      },
      {
        "key": "port",
        "path": {
          "base": "root",
          "segments": [
            {
              "key": "port"
            }
          ]
        },
        "required": true,
        "terminal_path": "/port",
        "types": [
          "integer"
        ]
      },
      {
        "key": "tags",
        "path": {
          "base": "root",
          "segments": [
            {
              "key": "tags"
            }
          ]
        },
        "required": false,
        "terminal_path": "/tags",
        "types": [
          "array"
        ]
      }
    ],
    "complete": true,
    "notes": [],
    "path": {
      "base": "root",
      "segments": []
    },
    "required": [
      "mode",
      "name",
      "port"
    ],
    "rules": [
      {
        "schema_json_text": "{\"$defs\":{\"port\":{\"maximum\":65535,\"minimum\":1,\"type\":\"integer\"}},\"$schema\":\"https://json-schema.org/draft/2020-12/schema\",\"additionalProperties\":false,\"properties\":{\"mode\":{\"enum\":[\"development\",\"production\"],\"type\":\"string\"},\"name\":{\"minLength\":1,\"type\":\"string\"},\"port\":{\"$ref\":\"#/$defs/port\"},\"tags\":{\"items\":{\"type\":\"string\"},\"type\":\"array\",\"uniqueItems\":true}},\"required\":[\"name\",\"port\",\"mode\"],\"type\":\"object\"}",
        "schema_path": ""
      }
    ],
    "schema_paths": [
      ""
    ],
    "terminal_path": "",
    "types": [
      "object"
    ],
    "values": []
  },
  "next_offset": null
}
Mutation: "none" | replayed: false
Session: {"accepted_revision":"10","active_constraint":{"dialect":"https://json-schema.org/draft/2020-12/schema","policy":"local-2020-12-v1","schema_sha256":"c61ba2423e8f23f5b6b67556b082f151534979a98860cf0b7be49ec816035e37"},"constraint_mode":"json-schema-2020-12","context":[],"definition_id":"bootstrap-json-constraints-v1","definition_sha256":"0aad1c15cea491185b47162132a97930c6e246599d800692e2f2ce6ffa24a0e7","dirty":false,"durability":"durable","node_kind":"object","revision":"10","session_id":"c991a515-5777-43d3-b5d4-145a1a2a1acf"}
{
  "validation": {
    "findings": [],
    "truncated": false,
    "valid": true
  },
  "view": "candidate"
}
Mutation: "none" | replayed: false
Session: {"accepted_revision":"10","active_constraint":{"dialect":"https://json-schema.org/draft/2020-12/schema","policy":"local-2020-12-v1","schema_sha256":"c61ba2423e8f23f5b6b67556b082f151534979a98860cf0b7be49ec816035e37"},"constraint_mode":"json-schema-2020-12","context":[],"definition_id":"bootstrap-json-constraints-v1","definition_sha256":"0aad1c15cea491185b47162132a97930c6e246599d800692e2f2ce6ffa24a0e7","dirty":false,"durability":"durable","node_kind":"object","revision":"10","session_id":"c991a515-5777-43d3-b5d4-145a1a2a1acf"}
{"mode":"production","name":"catalog","port":5432,"tags":["public"]}
Mutation: "none" | replayed: false
Session: {"accepted_revision":"10","active_constraint":{"dialect":"https://json-schema.org/draft/2020-12/schema","policy":"local-2020-12-v1","schema_sha256":"c61ba2423e8f23f5b6b67556b082f151534979a98860cf0b7be49ec816035e37"},"constraint_mode":"json-schema-2020-12","context":[],"definition_id":"bootstrap-json-constraints-v1","definition_sha256":"0aad1c15cea491185b47162132a97930c6e246599d800692e2f2ce6ffa24a0e7","dirty":false,"durability":"durable","node_kind":"object","revision":"10","session_id":"c991a515-5777-43d3-b5d4-145a1a2a1acf"}
