    Finished `release` profile [optimized] target(s) in 0.06s
[preview] document; no binding invoked
SESSION_ID   REMOTE_NODE  DIRECTION  STATE        UPTIME    TTL  LAST_EVENT
75c4ae       leaf.alpha   inbound    Established  01:00:00  21s  KeepaliveReceived
bad [31m id  spoke .beta  inbound    OpenSent     -         -    WAIT 
[preview] document; no binding invoked
SELECTED  ENDPOINT           ROUTE_CLASS  LEARNED_KIND  NEXT_HOP           ORIGIN_NODE  PATH                  ELIGIBLE  REASON
>         hub/health         local                      local              hub.local    hub.local             true      PREFER_LOCAL
          orders [2J/submit  learned      direct        leaf.alpha@75c4ae  leaf.alpha   leaf.alpha>hub.local  false     SESSION_NOT_ESTABLISHED
SESSION_ID   REMOTE_NODE  DIRECTION  STATE        UPTIME    TTL  LAST_EVENT
75c4ae       leaf.alpha   inbound    Established  01:00:00  21s  KeepaliveReceived
bad [31m id  spoke .beta  inbound    OpenSent     -         -    WAIT 
SELECTED  ENDPOINT           ROUTE_CLASS  LEARNED_KIND  NEXT_HOP           ORIGIN_NODE  PATH                  ELIGIBLE  REASON
>         hub/health         local                      local              hub.local    hub.local             true      PREFER_LOCAL
          orders [2J/submit  learned      direct        leaf.alpha@75c4ae  leaf.alpha   leaf.alpha>hub.local  false     SESSION_NOT_ESTABLISHED
connections  Display connection identities, states, supplied uptime and hold TTL.
routes  Display route candidates and supplied selected-route membership.
[historical] retained result; no command invoked
View workflow retained in /home/apnex/taceng/cli/target/output-views-SvkXPt
    Finished `test` profile [unoptimized + debuginfo] target(s) in 0.05s
     Running tests/cli_output_views.rs (target/debug/deps/cli_output_views-9b579b687b8e868d)

running 11 tests
test projections_preserve_exact_numbers_nulls_missing_values_and_unicode_width ... ok
test native_tables_and_display_rows_match_frozen_agp_oracles ... ok
test supplied_durations_and_optional_fields_match_connection_semantics ... ok
test input_work_row_padding_and_decimal_bounds_fail_explicitly ... ok
test table_delivery_failure_preserves_receipt_for_later_rendering ... ok
test saved_result_renders_without_sources_grants_or_new_revision ... ok
test invalid_view_definitions_reject_before_creating_run_state ... ok
test legacy_output_and_discovery_remain_explicit_and_completion_lists_views ... ok
test failed_presentation_keeps_successful_effect_and_supports_safe_rerender ... ok
test component_assembly_scopes_view_names_and_keeps_result_paths ... ok
test contextual_recipe_exports_imports_and_runs_both_views_with_empty_path ... ok

test result: ok. 11 passed; 0 failed; 0 ignored; 0 measured; 0 filtered out; finished in 1.19s

