src/authoring_error.rs: OK
src/authoring_frontend.rs: OK
src/authoring_operations.rs: OK
src/authoring_protocol.rs: OK
src/authoring_result.rs: OK
src/authoring_runtime.rs: OK
src/cli_assembly.rs: OK
src/cli_composition.rs: OK
src/cli_definition.rs: OK
src/cli_file_read.rs: OK
src/cli_interface.rs: OK
src/cli_output_view.rs: OK
src/cli_run_completion.rs: OK
src/cli_run_frontend.rs: OK
src/cli_run_launcher.rs: OK
src/cli_run_routes.rs: OK
src/cli_run_session.rs: OK
src/cli_table_render.rs: OK
src/cli_terminal.rs: OK
src/cli_verb_tree.rs: OK
src/cli_view_expression.rs: OK
src/cli_view_frontend.rs: OK
src/constraint_operations.rs: OK
src/document_path.rs: OK
src/document_value.rs: OK
src/kernel_profile.rs: OK
src/lib.rs: OK
src/main.rs: OK
src/operation_definition.rs: OK
src/schema_constraint.rs: OK
src/schema_guidance.rs: OK
src/session_storage.rs: OK
src/storage_faults.rs: OK
src/terminal_completion.rs: OK
src/terminal_input.rs: OK
tests/cli_output_views.rs: OK
Cargo.toml: OK
Cargo.lock: OK
rust-toolchain.toml: OK
docs/output-views/acceptance/agp.commands: OK
docs/output-views/acceptance/agp.json: OK
