   Compiling programmable-cli v0.1.0 (/home/apnex/taceng/cli)
error[E0308]: mismatched types
  --> src/cli_run_session.rs:68:17
   |
62 |           let temporary = if checkpoint.is_none() {
   |  _________________________-
63 | |             let path = std::env::temp_dir().join(format!("cli-run-{}", uuid::Uuid::new_v4()));
64 | |             // The directory owns only this run's files and is inaccessible to other users.
65 | |             #[cfg(unix)]
...  |
68 | |                 std::fs::DirBuilder::new().mode(0o700).create(&path)
   | |                 ^^^^^^^^^^^^^^^^^^^^^^^^^^^^^^^^^^^^^^^^^^^^^^^^^^^^ expected `()`, found `Result<(), Error>`
...  |
80 | |             None
81 | |         };
   | |_________- expected this to be `()`
   |
   = note: expected unit type `()`
                   found enum `Result<(), std::io::Error>`
help: consider using a semicolon here
   |
68 |                 std::fs::DirBuilder::new().mode(0o700).create(&path);
   |                                                                     +
help: use the `?` operator to extract the `Result<(), std::io::Error>` value, propagating a `Result::Err` value to the caller
   |
68 |                 std::fs::DirBuilder::new().mode(0o700).create(&path)?
   |                                                                     +

For more information about this error, try `rustc --explain E0308`.
error: could not compile `programmable-cli` (lib) due to 1 previous error
