   Compiling programmable-cli v0.1.0 (/home/apnex/taceng/cli)
    Finished `release` profile [optimized] target(s) in 6.76s
     Running tests/cli_run.rs (target/release/deps/cli_run-f94e0ffa3a2f3b64)

running 10 tests
test exported_cli_runs_direct_verbs_without_authoring_setup ... ok
RUN_REJECTION_LANDED collision
RUN_REJECTION_LANDED invalid-parent
RUN_REJECTION_LANDED invalid-parameter
test generated_help_tree_and_completion_describe_callable_routes ... ok
test ambiguous_routes_and_invalid_sources_reject_before_checkpoint_creation ... ok
test command_authored_export_runs_and_agrees_with_canonical_invocation ... ok
FAULT_LANDED {"action":"error","pid":180247,"point":"before_checkpoint_write"}
test direct_connected_read_labels_history_and_requires_fresh_grants ... ok
FAULT_LANDED {"action":"error","pid":180257,"point":"after_checkpoint_rename"}
test assembled_nested_routes_use_local_words_and_keep_component_state_separate ... ok
test argv_and_interactive_strings_are_literal_and_control_like_domain_words_remain_callable ... ok
test persistent_qualified_invocation_preserves_cursor_and_failures_preserve_all_bytes ... ok
FAULT_LANDED {"action":"error","pid":180266,"point":"before_response_delivery"}
test run_publication_faults_preserve_recovery_and_never_acknowledge_uncertain_success ... ok
test actual_terminal_completes_context_and_executes_direct_commands ... ok

test result: ok. 10 passed; 0 failed; 0 ignored; 0 measured; 0 filtered out; finished in 0.14s

