   Compiling programmable-cli v0.1.0 (/home/apnex/taceng/cli)
    Finished `test` profile [unoptimized + debuginfo] target(s) in 0.57s
     Running tests/authoring_acceptance.rs (/tmp/cli-rust-toolchain-VjSXVO/app-target/debug/deps/authoring_acceptance-f7b1ef48afb3be9b)

running 4 tests
test terminal_batch_edits_share_atomic_dispatch_and_context_rules ... ok
PASS service-catalog:machine:1
PASS numeric-object-key
PASS service-catalog:machine:2
PASS wrong-segment-kind
PASS service-catalog:machine:3
PASS malformed-machine-line
PASS missing-revision
test duplicate_and_unknown_request_shapes_reject_without_losing_next_line ... ok
PASS service-catalog:machine:4
PASS missing-intermediate
PASS service-catalog:machine:5
PASS service-catalog:machine:6
PASS root-replacement
PASS service-catalog:machine:7
PASS service-catalog:machine:8
PASS root-delete
PASS service-catalog:machine:9
PASS service-catalog:machine:10
PASS set-is-not-append
PASS service-catalog:machine:11
PASS service-catalog:machine:12
PASS insert-shifts-context
PASS service-catalog:machine:13
PASS service-catalog:machine:14
PASS delete-shifts-context
PASS service-catalog:machine:15
PASS service-catalog:machine:16
PASS service-catalog:machine:17
PASS replace-ancestor-context
PASS service-catalog:machine:18
PASS service-catalog:machine:19
PASS delete-current-context
PASS service-catalog:machine:20
PASS service-catalog:machine:21
PASS batch-rollback
PASS service-catalog:machine:22
PASS service-catalog:machine:23
PASS batch-one-revision
PASS service-catalog:machine:24
PASS service-catalog:machine:25
PASS batch-context-path-rejected
PASS service-catalog:machine:26
PASS service-catalog:machine:27
PASS stale-revision
PASS service-catalog:machine:28
PASS service-catalog:machine:29
PASS wrong-session
PASS service-catalog:machine:30
PASS wrong-value-type
PASS service-catalog:machine:31
PASS service-catalog:machine:32
PASS unknown-argument
PASS service-catalog:machine:33
PASS service-catalog:machine:34
PASS unknown-operation
PASS service-catalog:machine:35
PASS service-catalog:machine:36
PASS no-op-consumes-revision
PASS service-catalog:machine:37
PASS service-catalog:machine:38
PASS number-spelling-is-authored
PASS service-catalog:terminal:1
PASS complete-is-paginated
PASS service-catalog:terminal:2
PASS service-catalog:terminal:3
PASS accepted-needs-root-path
PASS service-catalog:terminal:4
PASS service-catalog:terminal:5
PASS service-catalog:terminal:6
PASS service-catalog:terminal:7
PASS empty-key-terminal
PASS service-catalog:terminal:8
PASS service-catalog:terminal:9
PASS service-catalog:terminal:10
PASS service-catalog:terminal:11
PASS one-pass-pointer-escape
PASS service-catalog:terminal:12
PASS array-leading-zero-terminal
PASS service-catalog:terminal:13
PASS service-catalog:terminal:14
PASS invalid-number-25
PASS service-catalog:terminal:15
PASS service-catalog:terminal:16
PASS invalid-number-26
PASS service-catalog:terminal:17
PASS invalid-number-27
PASS service-catalog:terminal:18
PASS service-catalog:terminal:19
PASS invalid-number-28
PASS service-catalog:terminal:20
PASS service-catalog:terminal:21
PASS invalid-number-29
PASS service-catalog:terminal:22
PASS service-catalog:terminal:23
PASS invalid-number-30
PASS service-catalog:terminal:24
PASS invalid-number-31
PASS service-catalog:terminal:25
PASS service-catalog:terminal:26
PASS service-catalog:terminal:27
PASS help-exposes-value-contract
PASS service-catalog:terminal:28
PASS service-catalog:terminal:29
PASS second-completion-page
test recorded_operation_cases_execute_against_application ... ok
PASS service-catalog:terminal:30
PASS service-catalog:terminal:31
PASS service-catalog:terminal:32
PASS service-catalog:terminal:33
PASS service-catalog:terminal:34
PASS service-catalog:terminal:35
PASS service-catalog:terminal:36
PASS service-catalog:terminal:37
PASS service-catalog:terminal:38
PASS terminal-machine-parity
test service_catalog_journey_through_both_process_presentations ... ok

test result: ok. 4 passed; 0 failed; 0 ignored; 0 measured; 0 filtered out; finished in 0.38s

