   Compiling programmable-cli v0.1.0 (/home/apnex/taceng/cli)
error[E0283]: type annotations needed
   --> src/terminal_completion.rs:110:12
    |
108 | ...   CompletionResult::fresh(choices.into_iter().filter(|(value,_)| prefix.is_empty() || value.starts_with(&prefix)).map(|(value,d...
    |       ----------------------- required by a bound introduced by this call
109 | ...       value:quote_terminal_token(&value),description:Some(quote_terminal_token(&description)),span:Span::new(start,position),ap...
110 | ...   }).collect())
    |          ^^^^^^^ cannot infer type of the type parameter `B` declared on the method `collect`
    |
    = note: the type must implement `Into<Arc<[Suggestion]>>`
note: required by a bound in `CompletionResult::fresh`
   --> /tmp/cli-rust-toolchain-VjSXVO/cargo-home/registry/src/index.crates.io-1949cf8c6b5b557f/reedline-0.51.0/src/completion/base.rs:99:36
    |
 99 |     pub fn fresh(suggestions: impl Into<Suggestions>) -> Self {
    |                                    ^^^^^^^^^^^^^^^^^ required by this bound in `CompletionResult::fresh`
help: consider specifying the generic argument
    |
110 |         }).collect::<Vec<_>>())
    |                   ++++++++++

error[E0004]: non-exhaustive patterns: `_` not covered
   --> src/authoring_frontend.rs:110:15
    |
110 |         match editor.read_line(&prompt)? {
    |               ^^^^^^^^^^^^^^^^^^^^^^^^^^ pattern `_` not covered
    |
note: `Signal` defined here
   --> /tmp/cli-rust-toolchain-VjSXVO/cargo-home/registry/src/index.crates.io-1949cf8c6b5b557f/reedline-0.51.0/src/enums.rs:30:1
    |
 30 | pub enum Signal {
    | ^^^^^^^^^^^^^^^
    = note: the matched value is of type `Signal`
    = note: `Signal` is marked as non-exhaustive, so a wildcard `_` is necessary to match exhaustively
help: ensure that all possible cases are being handled by adding a match arm with a wildcard pattern or an explicit pattern as shown
    |
113 ~             Signal::CtrlD => { if buffer.pending_edit_count().is_some() { write_authoring_event(&mut output,&buffer.cancel_pending_input(),false)?; } break; },
114 +             _ => todo!()
    |

Some errors have detailed explanations: E0004, E0283.
For more information about an error, try `rustc --explain E0004`.
error: could not compile `programmable-cli` (lib test) due to 2 previous errors
warning: build failed, waiting for other jobs to finish...
error: could not compile `programmable-cli` (lib) due to 2 previous errors
