   Compiling proc-macro2 v1.0.107
   Compiling unicode-ident v1.0.24
   Compiling quote v1.0.47
   Compiling libc v0.2.189
   Compiling serde_core v1.0.229
   Compiling cfg-if v1.0.4
   Compiling version_check v0.9.5
   Compiling parking_lot_core v0.9.12
   Compiling serde v1.0.229
   Compiling autocfg v1.5.1
   Compiling signal-hook v0.3.18
   Compiling rustix v1.1.4
   Compiling unicode-segmentation v1.13.3
   Compiling typenum v1.20.1
   Compiling generic-array v0.14.7
   Compiling linux-raw-sys v0.12.1
   Compiling num-traits v0.2.19
   Compiling log v0.4.34
   Compiling memchr v2.8.3
   Compiling convert_case v0.10.0
   Compiling scopeguard v1.2.0
   Compiling smallvec v1.16.0
   Compiling lock_api v0.4.14
   Compiling getrandom v0.4.3
   Compiling syn v3.0.5
   Compiling syn v2.0.119
   Compiling zmij v1.0.23
   Compiling litrs v1.0.0
   Compiling heck v0.5.0
   Compiling errno v0.3.14
   Compiling mio v1.2.3
   Compiling signal-hook-registry v1.4.8
   Compiling thiserror v2.0.20
   Compiling crypto-common v0.1.7
   Compiling block-buffer v0.10.4
   Compiling document-features v0.2.12
   Compiling parking_lot v0.12.5
   Compiling signal-hook-mio v0.2.5
   Compiling vte v0.14.1
   Compiling iana-time-zone v0.1.65
   Compiling serde_json v1.0.151
   Compiling either v1.18.0
   Compiling strip-ansi-escapes v0.2.1
   Compiling digest v0.10.7
   Compiling nu-ansi-term v0.50.3
   Compiling itertools v0.15.0
   Compiling unicode-width v0.2.2
   Compiling itoa v1.0.18
   Compiling cpufeatures v0.2.17
   Compiling unicase v2.9.0
   Compiling sha2 v0.10.9
   Compiling bitflags v2.13.1
   Compiling uuid v1.26.0
   Compiling derive_more-impl v2.1.1
   Compiling strum_macros v0.28.0
   Compiling serde_derive v1.0.229
   Compiling thiserror-impl v2.0.20
   Compiling derive_more v2.1.1
   Compiling strum v0.28.0
   Compiling fd-lock v4.0.4
   Compiling chrono v0.4.45
   Compiling crossterm v0.29.0
   Compiling reedline v0.51.0
   Compiling programmable-cli v0.1.0 (/home/apnex/taceng/cli)
    Finished `dev` profile [unoptimized + debuginfo] target(s) in 13.69s
