src/authoring_error.rs: OK
src/authoring_frontend.rs: OK
src/authoring_operations.rs: OK
src/authoring_protocol.rs: OK
src/authoring_result.rs: OK
src/authoring_runtime.rs: OK
src/document_path.rs: OK
src/document_value.rs: OK
src/lib.rs: OK
src/main.rs: OK
src/operation_definition.rs: OK
src/session_storage.rs: OK
src/storage_faults.rs: OK
src/terminal_completion.rs: OK
src/terminal_input.rs: OK
tests/authoring_acceptance.rs: OK
tests/authoring_discovery.rs: OK
tests/authoring_fixture/mod.rs: OK
tests/authoring_limits.rs: OK
tests/authoring_recovery.rs: OK
tests/fixtures/changed_argument.rs: OK
tests/fixtures/extra_handler.rs: OK
tests/fixtures/handler_contract_probe.rs: OK
tests/fixtures/missing_handler.rs: OK
Cargo.toml: OK
Cargo.lock: OK
.gitignore: OK
