docs/evidence/document-import/comparison/archive-map.tsv: OK
docs/evidence/document-import/comparison/cli-continuation/evaluation/.work.session.json.lock: OK
docs/evidence/document-import/comparison/cli-continuation/evaluation/evaluation.json: OK
docs/evidence/document-import/comparison/cli-continuation/evaluation/logs/evaluation.input.txt: OK
docs/evidence/document-import/comparison/cli-continuation/evaluation/logs/evaluation.metrics.json: OK
docs/evidence/document-import/comparison/cli-continuation/evaluation/logs/evaluation.output.jsonl: OK
docs/evidence/document-import/comparison/cli-continuation/evaluation/logs/evaluation.stderr.txt: OK
docs/evidence/document-import/comparison/cli-continuation/evaluation/logs/typed-rejection.input.txt: OK
docs/evidence/document-import/comparison/cli-continuation/evaluation/logs/typed-rejection.metrics.json: OK
docs/evidence/document-import/comparison/cli-continuation/evaluation/logs/typed-rejection.output.jsonl: OK
docs/evidence/document-import/comparison/cli-continuation/evaluation/logs/typed-rejection.stderr.txt: OK
docs/evidence/document-import/comparison/cli-continuation/evaluation/operations.json: OK
docs/evidence/document-import/comparison/cli-continuation/evaluation/work.session.json: OK
docs/evidence/document-import/comparison/cli-continuation/package/.work.session.json.lock: OK
docs/evidence/document-import/comparison/cli-continuation/package/CATALOG-TASK.txt: OK
docs/evidence/document-import/comparison/cli-continuation/package/START.txt: OK
docs/evidence/document-import/comparison/cli-continuation/package/TASK.txt: OK
docs/evidence/document-import/comparison/cli-continuation/package/abandoned-request.json: OK
docs/evidence/document-import/comparison/cli-continuation/package/completed.definition.json: OK
docs/evidence/document-import/comparison/cli-continuation/package/completed.interface.json: OK
docs/evidence/document-import/comparison/cli-continuation/package/handover.session.json: OK
docs/evidence/document-import/comparison/cli-continuation/package/incompatible-operations.json: OK
docs/evidence/document-import/comparison/cli-continuation/package/logs/60c0a3eb-619d-4ec4-be15-9be8e98694d1.receiver.json: OK
docs/evidence/document-import/comparison/cli-continuation/package/logs/9e1857b3-02e9-47d7-a55c-f228cf090e4a-dependency.input.txt: OK
docs/evidence/document-import/comparison/cli-continuation/package/logs/9e1857b3-02e9-47d7-a55c-f228cf090e4a-dependency.metrics.json: OK
docs/evidence/document-import/comparison/cli-continuation/package/logs/9e1857b3-02e9-47d7-a55c-f228cf090e4a-dependency.output.jsonl: OK
docs/evidence/document-import/comparison/cli-continuation/package/logs/9e1857b3-02e9-47d7-a55c-f228cf090e4a-dependency.stderr.txt: OK
docs/evidence/document-import/comparison/cli-continuation/package/logs/9e1857b3-02e9-47d7-a55c-f228cf090e4a-stale.input.txt: OK
docs/evidence/document-import/comparison/cli-continuation/package/logs/9e1857b3-02e9-47d7-a55c-f228cf090e4a-stale.metrics.json: OK
docs/evidence/document-import/comparison/cli-continuation/package/logs/9e1857b3-02e9-47d7-a55c-f228cf090e4a-stale.output.jsonl: OK
docs/evidence/document-import/comparison/cli-continuation/package/logs/9e1857b3-02e9-47d7-a55c-f228cf090e4a-stale.stderr.txt: OK
docs/evidence/document-import/comparison/cli-continuation/package/logs/comparison.input.txt: OK
docs/evidence/document-import/comparison/cli-continuation/package/logs/comparison.metrics.json: OK
docs/evidence/document-import/comparison/cli-continuation/package/logs/comparison.output.jsonl: OK
docs/evidence/document-import/comparison/cli-continuation/package/logs/comparison.stderr.txt: OK
docs/evidence/document-import/comparison/cli-continuation/package/logs/probes.console.txt: OK
docs/evidence/document-import/comparison/cli-continuation/package/logs/probes.stderr.txt: OK
docs/evidence/document-import/comparison/cli-continuation/package/manifest.json: OK
docs/evidence/document-import/comparison/cli-continuation/package/operations.json: OK
docs/evidence/document-import/comparison/cli-continuation/package/queue-policy.json: OK
docs/evidence/document-import/comparison/cli-continuation/package/source.session.json: OK
docs/evidence/document-import/comparison/cli-continuation/package/work.session.json: OK
docs/evidence/document-import/comparison/cli-continuation/package/workflow.json: OK
docs/evidence/document-import/comparison/cli-continuation/result.json: OK
docs/evidence/document-import/comparison/cli-reconstruction/evaluation/.work.session.json.lock: OK
docs/evidence/document-import/comparison/cli-reconstruction/evaluation/evaluation.json: OK
docs/evidence/document-import/comparison/cli-reconstruction/evaluation/logs/evaluation.input.txt: OK
docs/evidence/document-import/comparison/cli-reconstruction/evaluation/logs/evaluation.metrics.json: OK
docs/evidence/document-import/comparison/cli-reconstruction/evaluation/logs/evaluation.output.jsonl: OK
docs/evidence/document-import/comparison/cli-reconstruction/evaluation/logs/evaluation.stderr.txt: OK
docs/evidence/document-import/comparison/cli-reconstruction/evaluation/logs/typed-rejection.input.txt: OK
docs/evidence/document-import/comparison/cli-reconstruction/evaluation/logs/typed-rejection.metrics.json: OK
docs/evidence/document-import/comparison/cli-reconstruction/evaluation/logs/typed-rejection.output.jsonl: OK
docs/evidence/document-import/comparison/cli-reconstruction/evaluation/logs/typed-rejection.stderr.txt: OK
docs/evidence/document-import/comparison/cli-reconstruction/evaluation/operations.json: OK
docs/evidence/document-import/comparison/cli-reconstruction/evaluation/work.session.json: OK
docs/evidence/document-import/comparison/cli-reconstruction/package/.work.session.json.lock: OK
docs/evidence/document-import/comparison/cli-reconstruction/package/CATALOG-TASK.txt: OK
docs/evidence/document-import/comparison/cli-reconstruction/package/START.txt: OK
docs/evidence/document-import/comparison/cli-reconstruction/package/TASK.txt: OK
docs/evidence/document-import/comparison/cli-reconstruction/package/abandoned-request.json: OK
docs/evidence/document-import/comparison/cli-reconstruction/package/completed.definition.json: OK
docs/evidence/document-import/comparison/cli-reconstruction/package/completed.interface.json: OK
docs/evidence/document-import/comparison/cli-reconstruction/package/handover.session.json: OK
docs/evidence/document-import/comparison/cli-reconstruction/package/incompatible-operations.json: OK
docs/evidence/document-import/comparison/cli-reconstruction/package/logs/6fffd2fc-8ec8-46bb-9bc8-650505d3f688.receiver.json: OK
docs/evidence/document-import/comparison/cli-reconstruction/package/logs/comparison.input.txt: OK
docs/evidence/document-import/comparison/cli-reconstruction/package/logs/comparison.metrics.json: OK
docs/evidence/document-import/comparison/cli-reconstruction/package/logs/comparison.output.jsonl: OK
docs/evidence/document-import/comparison/cli-reconstruction/package/logs/comparison.stderr.txt: OK
docs/evidence/document-import/comparison/cli-reconstruction/package/logs/e60fab03-b214-4512-94a3-d0dee5eff64d-dependency.input.txt: OK
docs/evidence/document-import/comparison/cli-reconstruction/package/logs/e60fab03-b214-4512-94a3-d0dee5eff64d-dependency.metrics.json: OK
docs/evidence/document-import/comparison/cli-reconstruction/package/logs/e60fab03-b214-4512-94a3-d0dee5eff64d-dependency.output.jsonl: OK
docs/evidence/document-import/comparison/cli-reconstruction/package/logs/e60fab03-b214-4512-94a3-d0dee5eff64d-dependency.stderr.txt: OK
docs/evidence/document-import/comparison/cli-reconstruction/package/logs/e60fab03-b214-4512-94a3-d0dee5eff64d-stale.input.txt: OK
docs/evidence/document-import/comparison/cli-reconstruction/package/logs/e60fab03-b214-4512-94a3-d0dee5eff64d-stale.metrics.json: OK
docs/evidence/document-import/comparison/cli-reconstruction/package/logs/e60fab03-b214-4512-94a3-d0dee5eff64d-stale.output.jsonl: OK
docs/evidence/document-import/comparison/cli-reconstruction/package/logs/e60fab03-b214-4512-94a3-d0dee5eff64d-stale.stderr.txt: OK
docs/evidence/document-import/comparison/cli-reconstruction/package/logs/probes.console.txt: OK
docs/evidence/document-import/comparison/cli-reconstruction/package/logs/probes.stderr.txt: OK
docs/evidence/document-import/comparison/cli-reconstruction/package/manifest.json: OK
docs/evidence/document-import/comparison/cli-reconstruction/package/operations.json: OK
docs/evidence/document-import/comparison/cli-reconstruction/package/queue-policy.json: OK
docs/evidence/document-import/comparison/cli-reconstruction/package/rebuild.commands: OK
docs/evidence/document-import/comparison/cli-reconstruction/package/source.session.json: OK
docs/evidence/document-import/comparison/cli-reconstruction/package/work.session.json: OK
docs/evidence/document-import/comparison/cli-reconstruction/package/workflow.json: OK
docs/evidence/document-import/comparison/cli-reconstruction/result.json: OK
docs/evidence/document-import/comparison/comparison.json: OK
docs/evidence/document-import/comparison/recipes/queue-finish.commands: OK
docs/evidence/document-import/comparison/recipes/rebuild.commands: OK
docs/evidence/document-import/comparison/recipes/targeted-edits.json: OK
docs/evidence/document-import/comparison/shared/package/CATALOG-TASK.txt: OK
docs/evidence/document-import/comparison/shared/package/START.txt: OK
docs/evidence/document-import/comparison/shared/package/TASK.txt: OK
docs/evidence/document-import/comparison/shared/package/abandoned-request.json: OK
docs/evidence/document-import/comparison/shared/package/handover.session.json: OK
docs/evidence/document-import/comparison/shared/package/incompatible-operations.json: OK
docs/evidence/document-import/comparison/shared/package/manifest.json: OK
docs/evidence/document-import/comparison/shared/package/operations.json: OK
docs/evidence/document-import/comparison/shared/package/queue-policy.json: OK
docs/evidence/document-import/comparison/shared/package/source.session.json: OK
docs/evidence/document-import/comparison/shared/preparation.json: OK
docs/evidence/document-import/comparison/shared/producer/.handover.session.json.lock: OK
docs/evidence/document-import/comparison/shared/producer/.policy.session.json.lock: OK
docs/evidence/document-import/comparison/shared/producer/.source.session.json.lock: OK
docs/evidence/document-import/comparison/shared/producer/CATALOG-TASK.txt: OK
docs/evidence/document-import/comparison/shared/producer/TASK.txt: OK
docs/evidence/document-import/comparison/shared/producer/catalog-definition.json: OK
docs/evidence/document-import/comparison/shared/producer/handover.session.json: OK
docs/evidence/document-import/comparison/shared/producer/logs/catalog.input.txt: OK
docs/evidence/document-import/comparison/shared/producer/logs/catalog.metrics.json: OK
docs/evidence/document-import/comparison/shared/producer/logs/catalog.output.jsonl: OK
docs/evidence/document-import/comparison/shared/producer/logs/catalog.stderr.txt: OK
docs/evidence/document-import/comparison/shared/producer/logs/partial.input.txt: OK
docs/evidence/document-import/comparison/shared/producer/logs/partial.metrics.json: OK
docs/evidence/document-import/comparison/shared/producer/logs/partial.output.jsonl: OK
docs/evidence/document-import/comparison/shared/producer/logs/partial.stderr.txt: OK
docs/evidence/document-import/comparison/shared/producer/logs/policy.input.txt: OK
docs/evidence/document-import/comparison/shared/producer/logs/policy.metrics.json: OK
docs/evidence/document-import/comparison/shared/producer/logs/policy.output.jsonl: OK
docs/evidence/document-import/comparison/shared/producer/logs/policy.stderr.txt: OK
docs/evidence/document-import/comparison/shared/producer/operations.json: OK
docs/evidence/document-import/comparison/shared/producer/policy.session.json: OK
docs/evidence/document-import/comparison/shared/producer/queue-policy.json: OK
docs/evidence/document-import/comparison/shared/producer/source.session.json: OK
docs/evidence/document-import/comparison/source-files.txt: OK
docs/evidence/document-import/comparison/source-inventory.sha256: OK
docs/evidence/document-import/comparison/targeted-json-editing/evaluation/.work.session.json.lock: OK
docs/evidence/document-import/comparison/targeted-json-editing/evaluation/evaluation.json: OK
docs/evidence/document-import/comparison/targeted-json-editing/evaluation/logs/evaluation.input.txt: OK
docs/evidence/document-import/comparison/targeted-json-editing/evaluation/logs/evaluation.metrics.json: OK
docs/evidence/document-import/comparison/targeted-json-editing/evaluation/logs/evaluation.output.jsonl: OK
docs/evidence/document-import/comparison/targeted-json-editing/evaluation/logs/evaluation.stderr.txt: OK
docs/evidence/document-import/comparison/targeted-json-editing/evaluation/logs/typed-rejection.input.txt: OK
docs/evidence/document-import/comparison/targeted-json-editing/evaluation/logs/typed-rejection.metrics.json: OK
docs/evidence/document-import/comparison/targeted-json-editing/evaluation/logs/typed-rejection.output.jsonl: OK
docs/evidence/document-import/comparison/targeted-json-editing/evaluation/logs/typed-rejection.stderr.txt: OK
docs/evidence/document-import/comparison/targeted-json-editing/evaluation/operations.json: OK
docs/evidence/document-import/comparison/targeted-json-editing/evaluation/work.session.json: OK
docs/evidence/document-import/comparison/targeted-json-editing/package/.work.session.json.lock: OK
docs/evidence/document-import/comparison/targeted-json-editing/package/CATALOG-TASK.txt: OK
docs/evidence/document-import/comparison/targeted-json-editing/package/START.txt: OK
docs/evidence/document-import/comparison/targeted-json-editing/package/TASK.txt: OK
docs/evidence/document-import/comparison/targeted-json-editing/package/abandoned-request.json: OK
docs/evidence/document-import/comparison/targeted-json-editing/package/completed.definition.json: OK
docs/evidence/document-import/comparison/targeted-json-editing/package/completed.interface.json: OK
docs/evidence/document-import/comparison/targeted-json-editing/package/external-edit/after.json: OK
docs/evidence/document-import/comparison/targeted-json-editing/package/external-edit/before.json: OK
docs/evidence/document-import/comparison/targeted-json-editing/package/external-edit/recipe.json: OK
docs/evidence/document-import/comparison/targeted-json-editing/package/external-edit/result.json: OK
docs/evidence/document-import/comparison/targeted-json-editing/package/external-validation-after.json: OK
docs/evidence/document-import/comparison/targeted-json-editing/package/external-validation-before.json: OK
docs/evidence/document-import/comparison/targeted-json-editing/package/handover.session.json: OK
docs/evidence/document-import/comparison/targeted-json-editing/package/incompatible-operations.json: OK
docs/evidence/document-import/comparison/targeted-json-editing/package/logs/b963b4f3-c2b5-4793-9098-b2144a7a6cbd.receiver.json: OK
docs/evidence/document-import/comparison/targeted-json-editing/package/logs/comparison.input.txt: OK
docs/evidence/document-import/comparison/targeted-json-editing/package/logs/comparison.metrics.json: OK
docs/evidence/document-import/comparison/targeted-json-editing/package/logs/comparison.output.jsonl: OK
docs/evidence/document-import/comparison/targeted-json-editing/package/logs/comparison.stderr.txt: OK
docs/evidence/document-import/comparison/targeted-json-editing/package/logs/d35e33db-2070-4eb8-bb38-7fa5ccc316be-dependency.input.txt: OK
docs/evidence/document-import/comparison/targeted-json-editing/package/logs/d35e33db-2070-4eb8-bb38-7fa5ccc316be-dependency.metrics.json: OK
docs/evidence/document-import/comparison/targeted-json-editing/package/logs/d35e33db-2070-4eb8-bb38-7fa5ccc316be-dependency.output.jsonl: OK
docs/evidence/document-import/comparison/targeted-json-editing/package/logs/d35e33db-2070-4eb8-bb38-7fa5ccc316be-dependency.stderr.txt: OK
docs/evidence/document-import/comparison/targeted-json-editing/package/logs/d35e33db-2070-4eb8-bb38-7fa5ccc316be-stale.input.txt: OK
docs/evidence/document-import/comparison/targeted-json-editing/package/logs/d35e33db-2070-4eb8-bb38-7fa5ccc316be-stale.metrics.json: OK
docs/evidence/document-import/comparison/targeted-json-editing/package/logs/d35e33db-2070-4eb8-bb38-7fa5ccc316be-stale.output.jsonl: OK
docs/evidence/document-import/comparison/targeted-json-editing/package/logs/d35e33db-2070-4eb8-bb38-7fa5ccc316be-stale.stderr.txt: OK
docs/evidence/document-import/comparison/targeted-json-editing/package/logs/probes.console.txt: OK
docs/evidence/document-import/comparison/targeted-json-editing/package/logs/probes.stderr.txt: OK
docs/evidence/document-import/comparison/targeted-json-editing/package/manifest.json: OK
docs/evidence/document-import/comparison/targeted-json-editing/package/operations.json: OK
docs/evidence/document-import/comparison/targeted-json-editing/package/queue-policy.json: OK
docs/evidence/document-import/comparison/targeted-json-editing/package/source.session.json: OK
docs/evidence/document-import/comparison/targeted-json-editing/package/work.session.json: OK
docs/evidence/document-import/comparison/targeted-json-editing/package/workflow.json: OK
docs/evidence/document-import/comparison/targeted-json-editing/result.json: OK
docs/evidence/document-import/comparison/targeted-json-import/evaluation/.work.session.json.lock: OK
docs/evidence/document-import/comparison/targeted-json-import/evaluation/evaluation.json: OK
docs/evidence/document-import/comparison/targeted-json-import/evaluation/logs/evaluation.input.txt: OK
docs/evidence/document-import/comparison/targeted-json-import/evaluation/logs/evaluation.metrics.json: OK
docs/evidence/document-import/comparison/targeted-json-import/evaluation/logs/evaluation.output.jsonl: OK
docs/evidence/document-import/comparison/targeted-json-import/evaluation/logs/evaluation.stderr.txt: OK
docs/evidence/document-import/comparison/targeted-json-import/evaluation/logs/typed-rejection.input.txt: OK
docs/evidence/document-import/comparison/targeted-json-import/evaluation/logs/typed-rejection.metrics.json: OK
docs/evidence/document-import/comparison/targeted-json-import/evaluation/logs/typed-rejection.output.jsonl: OK
docs/evidence/document-import/comparison/targeted-json-import/evaluation/logs/typed-rejection.stderr.txt: OK
docs/evidence/document-import/comparison/targeted-json-import/evaluation/operations.json: OK
docs/evidence/document-import/comparison/targeted-json-import/evaluation/work.session.json: OK
docs/evidence/document-import/comparison/targeted-json-import/package/.work.session.json.lock: OK
docs/evidence/document-import/comparison/targeted-json-import/package/CATALOG-TASK.txt: OK
docs/evidence/document-import/comparison/targeted-json-import/package/START.txt: OK
docs/evidence/document-import/comparison/targeted-json-import/package/TASK.txt: OK
docs/evidence/document-import/comparison/targeted-json-import/package/abandoned-request.json: OK
docs/evidence/document-import/comparison/targeted-json-import/package/completed.definition.json: OK
docs/evidence/document-import/comparison/targeted-json-import/package/completed.interface.json: OK
docs/evidence/document-import/comparison/targeted-json-import/package/edited.definition.json: OK
docs/evidence/document-import/comparison/targeted-json-import/package/external-edit/after.json: OK
docs/evidence/document-import/comparison/targeted-json-import/package/external-edit/before.json: OK
docs/evidence/document-import/comparison/targeted-json-import/package/external-edit/recipe.json: OK
docs/evidence/document-import/comparison/targeted-json-import/package/external-edit/result.json: OK
docs/evidence/document-import/comparison/targeted-json-import/package/external-validation-after.json: OK
docs/evidence/document-import/comparison/targeted-json-import/package/external-validation-before.json: OK
docs/evidence/document-import/comparison/targeted-json-import/package/handover.session.json: OK
docs/evidence/document-import/comparison/targeted-json-import/package/incompatible-operations.json: OK
docs/evidence/document-import/comparison/targeted-json-import/package/logs/074ea1e1-c521-4121-991b-5850601979dc.receiver.json: OK
docs/evidence/document-import/comparison/targeted-json-import/package/logs/b0068c3f-ab28-405d-a669-fb3aed6cedc1-dependency.input.txt: OK
docs/evidence/document-import/comparison/targeted-json-import/package/logs/b0068c3f-ab28-405d-a669-fb3aed6cedc1-dependency.metrics.json: OK
docs/evidence/document-import/comparison/targeted-json-import/package/logs/b0068c3f-ab28-405d-a669-fb3aed6cedc1-dependency.output.jsonl: OK
docs/evidence/document-import/comparison/targeted-json-import/package/logs/b0068c3f-ab28-405d-a669-fb3aed6cedc1-dependency.stderr.txt: OK
docs/evidence/document-import/comparison/targeted-json-import/package/logs/b0068c3f-ab28-405d-a669-fb3aed6cedc1-stale.input.txt: OK
docs/evidence/document-import/comparison/targeted-json-import/package/logs/b0068c3f-ab28-405d-a669-fb3aed6cedc1-stale.metrics.json: OK
docs/evidence/document-import/comparison/targeted-json-import/package/logs/b0068c3f-ab28-405d-a669-fb3aed6cedc1-stale.output.jsonl: OK
docs/evidence/document-import/comparison/targeted-json-import/package/logs/b0068c3f-ab28-405d-a669-fb3aed6cedc1-stale.stderr.txt: OK
docs/evidence/document-import/comparison/targeted-json-import/package/logs/comparison.input.txt: OK
docs/evidence/document-import/comparison/targeted-json-import/package/logs/comparison.metrics.json: OK
docs/evidence/document-import/comparison/targeted-json-import/package/logs/comparison.output.jsonl: OK
docs/evidence/document-import/comparison/targeted-json-import/package/logs/comparison.stderr.txt: OK
docs/evidence/document-import/comparison/targeted-json-import/package/logs/probes.console.txt: OK
docs/evidence/document-import/comparison/targeted-json-import/package/logs/probes.stderr.txt: OK
docs/evidence/document-import/comparison/targeted-json-import/package/manifest.json: OK
docs/evidence/document-import/comparison/targeted-json-import/package/operations.json: OK
docs/evidence/document-import/comparison/targeted-json-import/package/queue-policy.json: OK
docs/evidence/document-import/comparison/targeted-json-import/package/source.session.json: OK
docs/evidence/document-import/comparison/targeted-json-import/package/work.session.json: OK
docs/evidence/document-import/comparison/targeted-json-import/package/workflow.json: OK
docs/evidence/document-import/comparison/targeted-json-import/result.json: OK
docs/evidence/document-import/walkthrough/archive-map.tsv: OK
docs/evidence/document-import/walkthrough/author/.author.session.json.lock: OK
docs/evidence/document-import/walkthrough/author/author.jsonl: OK
docs/evidence/document-import/walkthrough/author/author.session.json: OK
docs/evidence/document-import/walkthrough/author/catalog-definition.json: OK
docs/evidence/document-import/walkthrough/consumer/.use.session.json.lock: OK
docs/evidence/document-import/walkthrough/consumer/TASK.txt: OK
docs/evidence/document-import/walkthrough/consumer/imported-definition.json: OK
docs/evidence/document-import/walkthrough/consumer/interface.json: OK
docs/evidence/document-import/walkthrough/consumer/resumed.jsonl: OK
docs/evidence/document-import/walkthrough/consumer/spec.source.json: OK
docs/evidence/document-import/walkthrough/consumer/use.jsonl: OK
docs/evidence/document-import/walkthrough/consumer/use.session.json: OK
docs/evidence/document-import/walkthrough/source-files.txt: OK
docs/evidence/document-import/walkthrough/source-inventory.sha256: OK
