Cargo.toml: OK
Cargo.lock: OK
src/authoring_error.rs: OK
src/authoring_frontend.rs: OK
src/authoring_operations.rs: OK
src/authoring_protocol.rs: OK
src/authoring_result.rs: OK
src/authoring_runtime.rs: OK
src/cli_composition.rs: OK
src/cli_definition.rs: OK
src/cli_interface.rs: OK
src/cli_terminal.rs: OK
src/cli_verb_tree.rs: OK
src/constraint_operations.rs: OK
src/document_path.rs: OK
src/document_value.rs: OK
src/kernel_profile.rs: OK
src/lib.rs: OK
src/main.rs: OK
src/operation_definition.rs: OK
src/schema_constraint.rs: OK
src/schema_guidance.rs: OK
src/session_storage.rs: OK
src/storage_faults.rs: OK
src/terminal_completion.rs: OK
src/terminal_input.rs: OK
tests/authoring_acceptance.rs: OK
tests/authoring_discovery.rs: OK
tests/authoring_limits.rs: OK
tests/authoring_recovery.rs: OK
tests/cli_composition.rs: OK
tests/cli_verb_tree.rs: OK
tests/continuation_trials.rs: OK
tests/document_import.rs: OK
tests/schema_constraints.rs: OK
tools/continuation/main.rs: OK
tools/continuation/receiver.rs: OK
tools/continuation/trial_comparison.rs: OK
tools/continuation/trial_manifest.rs: OK
tools/continuation/trial_oracle.rs: OK
tools/continuation/trial_package.rs: OK
tools/continuation/trial_process.rs: OK
tools/continuation/trial_rehearsal.rs: OK
tools/continuation/trial_text_edit.rs: OK
tools/scaffold/tests/project_records.rs: OK
docs/authoring/operations.json: OK
docs/authoring/acceptance/import-cases.json: OK
target/release/cli: OK
target/release/cli-trial-receiver: OK
target/release/examples/continuation-trial: OK
README.md: OK
VISION.md: OK
docs/ARCHITECTURE.md: OK
docs/BOARD.md: OK
docs/BACKLOG.md: OK
docs/resume-work.md: OK
docs/context/cli-005-import-approval.json: OK
docs/authoring/IMPORT.md: OK
docs/authoring/IMPORT-AUDIT.md: OK
docs/authoring/IMPORT-USE.md: OK
docs/authoring/IMPORT-RESULTS.md: OK
docs/authoring/SESSION-CONTRACT.md: OK
docs/authoring/USE.md: OK
docs/composition/USE.md: OK
docs/reuse/CLI-005.md: OK
docs/reuse/COMPARISON.md: OK
docs/reuse/COMPARISON-CONTRACT.md: OK
docs/reuse/COMPARISON-USE.md: OK
docs/evidence/document-import/verification.json: OK
docs/evidence/cli-005/verification.json: OK
true
true
