Cargo.toml: OK
Cargo.lock: OK
src/authoring_error.rs: OK
src/authoring_frontend.rs: OK
src/authoring_operations.rs: OK
src/authoring_protocol.rs: OK
src/authoring_result.rs: OK
src/authoring_runtime.rs: OK
src/cli_composition.rs: OK
src/cli_definition.rs: OK
src/cli_interface.rs: OK
src/cli_terminal.rs: OK
src/cli_verb_tree.rs: OK
src/constraint_operations.rs: OK
src/document_path.rs: OK
src/document_value.rs: OK
src/kernel_profile.rs: OK
src/lib.rs: OK
src/main.rs: OK
src/operation_definition.rs: OK
src/schema_constraint.rs: OK
src/schema_guidance.rs: OK
src/session_storage.rs: OK
src/storage_faults.rs: OK
src/terminal_completion.rs: OK
src/terminal_input.rs: OK
tests/continuation_trials.rs: OK
tools/continuation/main.rs: OK
tools/continuation/receiver.rs: OK
tools/continuation/trial_manifest.rs: OK
tools/continuation/trial_oracle.rs: OK
tools/continuation/trial_package.rs: OK
tools/continuation/trial_process.rs: OK
tools/continuation/trial_rehearsal.rs: OK
