    Updating crates.io index
 Downloading crates ...
  Downloaded cargo-audit v0.22.2
  Installing cargo-audit v0.22.2
    Blocking waiting for file lock on package cache
    Updating crates.io index
    Blocking waiting for file lock on package cache
    Updating crates.io index
 Downloading crates ...
  Downloaded adler2 v2.0.1
  Downloaded abscissa_core v0.9.0
  Downloaded abscissa_derive v0.9.0
  Downloaded addr2line v0.25.1
  Downloaded compression-core v0.4.32
  Downloaded gix-ignore v0.21.1
  Downloaded cfg_aliases v0.2.1
  Downloaded clap_lex v1.1.0
  Downloaded auditable-info v0.10.0
  Downloaded futures-io v0.3.32
  Downloaded gix-lock v23.0.0
  Downloaded form_urlencoded v1.2.2
  Downloaded fs_extra v1.3.0
  Downloaded clru v0.6.3
  Downloaded foldhash v0.1.5
  Downloaded dunce v1.0.5
  Downloaded anstyle-parse v1.0.0
  Downloaded futures-sink v0.3.32
  Downloaded gix-fs v0.21.2
  Downloaded gix-chunk v0.7.2
  Downloaded gix-config-value v0.18.1
  Downloaded gix-error v0.2.4
  Downloaded anstyle v1.0.14
  Downloaded atomic-waker v1.1.2
  Downloaded deranged v0.5.8
  Downloaded fixedbitset v0.5.7
  Downloaded auditable-extract v0.3.5
  Downloaded gix-date v0.15.4
  Downloaded auditable-serde v0.9.0
  Downloaded eyre v0.6.12
  Downloaded futures-core v0.3.32
  Downloaded anstream v1.0.0
  Downloaded getrandom v0.2.17
  Downloaded anstyle-query v1.1.5
  Downloaded arrayvec v0.7.6
  Downloaded binfarce v0.2.1
  Downloaded colorchoice v1.0.5
  Downloaded canonical-path v2.0.2
  Downloaded gix-actor v0.41.1
  Downloaded gix-hashtable v0.15.1
  Downloaded gix-negotiate v0.32.0
  Downloaded futures-task v0.3.32
  Downloaded gix-command v0.9.1
  Downloaded faster-hex v0.10.0
  Downloaded fnv v1.0.7
  Downloaded crossbeam-epoch v0.9.18
  Downloaded gix-bitmap v0.3.2
  Downloaded futures-channel v0.3.32
  Downloaded stable_deref_trait v1.2.1
  Downloaded try-lock v0.2.5
  Downloaded autocfg v1.5.0
  Downloaded crossbeam-deque v0.8.6
  Downloaded fastrand v2.4.1
  Downloaded find-msvc-tools v0.1.9
  Downloaded gix-commitgraph v0.37.1
  Downloaded displaydoc v0.2.5
  Downloaded fs-err v3.3.0
  Downloaded gix-glob v0.26.1
  Downloaded gix-hash v0.25.1
  Downloaded gix-sec v0.14.1
  Downloaded byteorder v1.5.0
  Downloaded cmake v0.1.58
  Downloaded filetime v0.2.28
  Downloaded gix-pathspec v0.18.1
  Downloaded bytes v1.11.1
  Downloaded display-error-chain v0.2.2
  Downloaded either v1.15.0
  Downloaded gix-attributes v0.33.1
  Downloaded gix-discover v0.52.0
  Downloaded crossbeam-channel v0.5.15
  Downloaded gix-config v0.57.0
  Downloaded gix-credentials v0.38.1
  Downloaded compression-codecs v0.4.38
  Downloaded bitflags v2.11.1
  Downloaded gix-filter v0.31.0
  Downloaded termcolor v1.4.1
  Downloaded toml_datetime v0.7.5+spec-1.1.0
  Downloaded base64 v0.22.1
  Downloaded clap_derive v4.6.1
  Downloaded crc32fast v1.5.0
  Downloaded borsh v1.6.1
  Downloaded cargo-lock v11.0.1
  Downloaded tokio-rustls v0.26.4
  Downloaded gix-features v0.48.1
  Downloaded gix-index v0.52.0
  Downloaded gix-object v0.61.0
  Downloaded rustls-native-certs v0.8.3
  Downloaded rustls-pki-types v1.14.1
  Downloaded camino v1.2.2
  Downloaded clap v4.6.1
  Downloaded crossbeam-utils v0.8.21
  Downloaded gix-utils v0.3.3
  Downloaded subtle v2.6.1
  Downloaded sync_wrapper v1.0.2
  Downloaded tempfile v3.27.0
  Downloaded tower-layer v0.3.3
  Downloaded tower-service v0.3.3
  Downloaded untrusted v0.9.0
  Downloaded want v0.3.1
  Downloaded yoke-derive v0.8.2
  Downloaded toml_parser v1.1.2+spec-1.1.0
  Downloaded gix-diff v0.64.0
  Downloaded cvss v2.2.0
  Downloaded getrandom v0.4.2
  Downloaded ident_case v1.0.1
  Downloaded zerofrom-derive v0.1.7
  Downloaded socket2 v0.6.3
  Downloaded aho-corasick v1.1.4
  Downloaded gix-prompt v0.15.1
  Downloaded gix-trace v0.1.20
  Downloaded quitters v0.1.0
  Downloaded rustls-platform-verifier v0.7.0
  Downloaded serde_derive v1.0.228
  Downloaded simd-adler32 v0.3.9
  Downloaded arc-swap v1.9.1
  Downloaded async-compression v0.4.42
  Downloaded indenter v0.3.4
  Downloaded shlex v1.3.0
  Downloaded zeroize v1.8.2
  Downloaded walkdir v2.5.0
  Downloaded backtrace v0.3.76
  Downloaded tame-index v0.26.3
  Downloaded toml v1.1.2+spec-1.1.0
  Downloaded tracing-attributes v0.1.31
  Downloaded writeable v0.6.3
  Downloaded yoke v0.8.2
  Downloaded cc v1.2.62
  Downloaded flate2 v1.1.9
  Downloaded potential_utf v0.1.5
  Downloaded toml v0.9.12+spec-1.1.0
  Downloaded gix-pack v0.71.0
  Downloaded zerotrie v0.2.4
  Downloaded home v0.5.12
  Downloaded http-body v1.0.1
  Downloaded is_terminal_polyfill v1.70.2
  Downloaded clap_builder v4.6.0
  Downloaded futures-util v0.3.32
  Downloaded unicode-normalization v0.1.25
  Downloaded zerovec v0.11.6
  Downloaded aws-lc-rs v1.16.3
  Downloaded tower-http v0.6.10
  Downloaded serde_json v1.0.149
  Downloaded wasmparser v0.207.0
  Downloaded time-core v0.1.8
  Downloaded sha1 v0.10.6
  Downloaded tinyvec_macros v0.1.1
  Downloaded utf8_iter v1.0.4
  Downloaded same-file v1.0.6
  Downloaded secrecy v0.10.3
  Downloaded gix-shallow v0.12.1
  Downloaded uluru v3.1.0
  Downloaded wait-timeout v0.2.1
  Downloaded gimli v0.32.3
  Downloaded topological-sort v0.2.2
  Downloaded serde_spanned v1.1.1
  Downloaded shell-words v1.1.1
  Downloaded strsim v0.11.1
  Downloaded synstructure v0.13.2
  Downloaded unicode-bom v2.0.3
  Downloaded utf8parse v0.2.2
  Downloaded zerofrom v0.1.7
  Downloaded gix v0.84.0
  Downloaded gix-odb v0.81.0
  Downloaded gix-refspec v0.42.0
  Downloaded rustversion v1.0.22
  Downloaded static_assertions v1.1.0
  Downloaded thread_local v1.1.9
  Downloaded time-macros v0.2.27
  Downloaded gix-quote v0.7.2
  Downloaded gix-submodule v0.31.0
  Downloaded idna_adapter v1.2.1
  Downloaded io-close v0.3.7
  Downloaded smol_str v0.3.2
  Downloaded toml_writer v1.1.1+spec-1.1.0
  Downloaded zmij v1.0.21
  Downloaded rustc-hash v2.1.2
  Downloaded thiserror-impl v2.0.18
  Downloaded zerovec-derive v0.11.3
  Downloaded thiserror v2.0.18
  Downloaded toml-span v0.7.1
  Downloaded twox-hash v2.1.2
  Downloaded tracing-log v0.2.0
  Downloaded lru-slab v0.1.2
  Downloaded tinyvec v1.11.0
  Downloaded openssl-probe v0.2.1
  Downloaded smallvec v1.15.1
  Downloaded gix-validate v0.11.2
  Downloaded sharded-slab v0.1.7
  Downloaded tracing-core v0.1.36
  Downloaded powerfmt v0.2.0
  Downloaded url v2.5.8
  Downloaded zerocopy v0.8.48
  Downloaded rustsec v0.33.0
  Downloaded serde v1.0.228
  Downloaded tower v0.5.3
  Downloaded rustls-webpki v0.103.13
  Downloaded syn v2.0.117
  Downloaded nonempty v0.12.0
  Downloaded typenum v1.20.0
  Downloaded bstr v1.12.1
  Downloaded num-conv v0.2.1
  Downloaded matchers v0.2.0
  Downloaded tokio-util v0.7.18
  Downloaded mime v0.3.17
  Downloaded tracing-subscriber v0.3.23
  Downloaded winnow v0.7.15
  Downloaded winnow v1.0.2
  Downloaded zlib-rs v0.6.3
  Downloaded time v0.3.47
  Downloaded tracing v0.1.44
  Downloaded hash32 v0.3.1
  Downloaded wasmparser v0.247.0
  Downloaded gix-worktree-state v0.31.0
  Downloaded gix-packetline v0.21.4
  Downloaded color-eyre v0.6.5
  Downloaded ipnet v2.12.0
  Downloaded lazy_static v1.5.0
  Downloaded maybe-async v0.2.10
  Downloaded owo-colors v4.3.0
  Downloaded rand_chacha v0.9.0
  Downloaded gix-traverse v0.58.0
  Downloaded gix-url v0.36.1
  Downloaded http-body-util v0.1.3
  Downloaded tokio v1.52.3
  Downloaded sha1-checked v0.10.0
  Downloaded encoding_rs v0.8.35
  Downloaded gix-revision v0.46.0
  Downloaded gix-revwalk v0.32.0
  Downloaded kstring v2.0.2
  Downloaded jobserver v0.1.34
  Downloaded ppv-lite86 v0.2.21
  Downloaded hyper-rustls v0.27.9
  Downloaded gix-worktree v0.53.0
  Downloaded rustc-demangle v0.1.27
  Downloaded httparse v1.10.1
  Downloaded memmap2 v0.9.10
  Downloaded rustc-stable-hash v0.1.2
  Downloaded gix-path v0.12.1
  Downloaded tinystr v0.8.3
  Downloaded quinn-udp v0.5.14
  Downloaded gix-tempfile v23.0.0
  Downloaded platforms v3.10.0
  Downloaded rand_core v0.9.5
  Downloaded quote v1.0.45
  Downloaded gix-worktree-stream v0.33.0
  Downloaded litemap v0.8.2
  Downloaded log v0.4.29
  Downloaded proc-macro2 v1.0.106
  Downloaded icu_properties v2.1.2
  Downloaded icu_provider v2.1.1
  Downloaded aws-lc-sys v0.40.0
  Downloaded heapless v0.8.0
  Downloaded icu_normalizer v2.1.1
  Downloaded icu_normalizer_data v2.1.1
  Downloaded serde_core v1.0.228
  Downloaded gix-protocol v0.62.0
  Downloaded gix-ref v0.64.0
  Downloaded gix-transport v0.57.1
  Downloaded miniz_oxide v0.8.9
  Downloaded rayon-core v1.13.0
  Downloaded memchr v2.8.0
  Downloaded icu_locale_core v2.1.1
  Downloaded prodash v31.0.0
  Downloaded quinn v0.11.9
  Downloaded hyper-util v0.1.20
  Downloaded jiff-static v0.2.28
  Downloaded indexmap v2.14.0
  Downloaded icu_collections v2.1.1
  Downloaded rand v0.9.4
  Downloaded mio v1.2.0
  Downloaded http v1.4.0
  Downloaded hashbrown v0.16.1
  Downloaded idna v1.1.0
  Downloaded hyper v1.9.0
  Downloaded regex v1.12.3
  Downloaded reqwest v0.13.3
  Downloaded h2 v0.4.14
  Downloaded hashbrown v0.15.5
  Downloaded rayon v1.12.0
  Downloaded icu_properties_data v2.1.2
  Downloaded quinn-proto v0.11.14
  Downloaded object v0.39.1
  Downloaded regex-syntax v0.8.10
  Downloaded rustls v0.23.40
  Downloaded object v0.37.3
  Downloaded regex-automata v0.4.14
  Downloaded jiff v0.2.28
  Downloaded petgraph v0.8.3
  Downloaded libc v0.2.186
  Downloaded ring v0.17.14
   Compiling proc-macro2 v1.0.106
   Compiling quote v1.0.45
   Compiling unicode-ident v1.0.24
   Compiling libc v0.2.186
   Compiling memchr v2.8.0
   Compiling cfg-if v1.0.4
   Compiling regex-syntax v0.8.10
   Compiling smallvec v1.15.1
   Compiling once_cell v1.21.4
   Compiling bytes v1.11.1
   Compiling stable_deref_trait v1.2.1
   Compiling thiserror v2.0.18
   Compiling crc32fast v1.5.0
   Compiling crossbeam-utils v0.8.21
   Compiling gix-trace v0.1.20
   Compiling tinyvec_macros v0.1.1
   Compiling tinyvec v1.11.0
   Compiling aho-corasick v1.1.4
   Compiling fastrand v2.4.1
   Compiling parking_lot_core v0.9.12
   Compiling bitflags v2.11.1
   Compiling syn v2.0.117
   Compiling unicode-normalization v0.1.25
   Compiling scopeguard v1.2.0
   Compiling itoa v1.0.18
   Compiling lock_api v0.4.14
   Compiling crossbeam-channel v0.5.15
   Compiling same-file v1.0.6
   Compiling equivalent v1.0.2
   Compiling foldhash v0.2.0
   Compiling parking_lot v0.12.5
   Compiling gix-utils v0.3.3
   Compiling allocator-api2 v0.2.21
   Compiling walkdir v2.5.0
   Compiling regex-automata v0.4.14
   Compiling prodash v31.0.0
   Compiling zlib-rs v0.6.3
   Compiling version_check v0.9.5
   Compiling hashbrown v0.17.1
   Compiling generic-array v0.14.7
   Compiling typenum v1.20.0
   Compiling byteorder v1.5.0
   Compiling serde_core v1.0.228
   Compiling heapless v0.8.0
   Compiling hash32 v0.3.1
   Compiling block-buffer v0.10.4
   Compiling crypto-common v0.1.7
   Compiling digest v0.10.7
   Compiling cpufeatures v0.2.17
   Compiling sha1 v0.10.6
   Compiling faster-hex v0.10.0
   Compiling synstructure v0.13.2
   Compiling sha1-checked v0.10.0
   Compiling jiff v0.2.28
   Compiling bstr v1.12.1
   Compiling thiserror-impl v2.0.18
   Compiling gix-validate v0.11.2
   Compiling gix-error v0.2.4
   Compiling zerofrom-derive v0.1.7
   Compiling yoke-derive v0.8.2
   Compiling rustix v1.1.4
   Compiling gix-path v0.12.1
   Compiling pin-project-lite v0.2.17
   Compiling gix-features v0.48.1
   Compiling gix-hash v0.25.1
   Compiling linux-raw-sys v0.12.1
   Compiling zerofrom v0.1.7
   Compiling gix-hashtable v0.15.1
   Compiling yoke v0.8.2
   Compiling jobserver v0.1.34
   Compiling zerovec-derive v0.11.3
   Compiling shlex v1.3.0
   Compiling find-msvc-tools v0.1.9
   Compiling displaydoc v0.2.5
   Compiling gix-date v0.15.4
   Compiling cc v1.2.62
   Compiling memmap2 v0.9.10
   Compiling serde v1.0.228
   Compiling getrandom v0.4.2
   Compiling gix-actor v0.41.1
   Compiling serde_derive v1.0.228
   Compiling gix-object v0.61.0
   Compiling zerovec v0.11.6
   Compiling cmake v0.1.58
   Compiling fs_extra v1.3.0
   Compiling futures-core v0.3.32
   Compiling dunce v1.0.5
   Compiling aws-lc-sys v0.40.0
   Compiling mio v1.2.0
   Compiling socket2 v0.6.3
   Compiling zeroize v1.8.2
   Compiling tempfile v3.27.0
   Compiling tinystr v0.8.3
   Compiling tokio v1.52.3
warning: aws-lc-sys@0.40.0: Environment Variable found 'CARGO_ENCODED_RUSTFLAGS': ''
warning: aws-lc-sys@0.40.0: Emitting configuration: cargo:rustc-cfg=universal
warning: aws-lc-sys@0.40.0: Building with: CC
warning: aws-lc-sys@0.40.0: Symbol Prefix: Some("aws_lc_0_40_0")
warning: aws-lc-sys@0.40.0: Target platform: 'x86_64-unknown-linux-gnu'
warning: aws-lc-sys@0.40.0: Compilation of 'c11.c' succeeded - Ok(["/tmp/cargo-installt3cYlg/release/build/aws-lc-sys-8215a29491b74e14/out/out-c11/7dfda64fdf5a526c-c11.o"]).
warning: aws-lc-sys@0.40.0: Using flag: -ffile-prefix-map=/home/apnex/.local/share/programmable-cli/toolchain/cargo/registry/src/index.crates.io-1949cf8c6b5b557f/aws-lc-sys-0.40.0=
warning: aws-lc-sys@0.40.0: Compilation of 'stdalign_check.c' succeeded - Ok(["/tmp/cargo-installt3cYlg/release/build/aws-lc-sys-8215a29491b74e14/out/out-stdalign_check/7dfda64fdf5a526c-stdalign_check.o"]).
warning: aws-lc-sys@0.40.0: Compilation of 'builtin_swap_check.c' succeeded - Ok(["/tmp/cargo-installt3cYlg/release/build/aws-lc-sys-8215a29491b74e14/out/out-builtin_swap_check/7dfda64fdf5a526c-builtin_swap_check.o"]).
warning: aws-lc-sys@0.40.0: Compilation of 'linux_random_h.c' succeeded - Ok(["/tmp/cargo-installt3cYlg/release/build/aws-lc-sys-8215a29491b74e14/out/out-linux_random_h/7dfda64fdf5a526c-linux_random_h.o"]).
error: failed to run custom build command for `aws-lc-sys v0.40.0`

Caused by:
  process didn't exit successfully: `/tmp/cargo-installt3cYlg/release/build/aws-lc-sys-524bb3a0add85a9d/build-script-main` (exit status: 101)
  --- stdout
  cargo:rerun-if-env-changed=AWS_LC_SYS_NO_PREFIX_x86_64_unknown_linux_gnu
  cargo:rerun-if-env-changed=AWS_LC_SYS_NO_PREFIX
  cargo:rerun-if-env-changed=AWS_LC_SYS_PREGENERATING_BINDINGS_x86_64_unknown_linux_gnu
  cargo:rerun-if-env-changed=AWS_LC_SYS_PREGENERATING_BINDINGS
  cargo:rerun-if-env-changed=AWS_LC_SYS_EXTERNAL_BINDGEN_x86_64_unknown_linux_gnu
  cargo:rerun-if-env-changed=AWS_LC_SYS_EXTERNAL_BINDGEN
  cargo:rerun-if-env-changed=AWS_LC_SYS_NO_ASM_x86_64_unknown_linux_gnu
  cargo:rerun-if-env-changed=AWS_LC_SYS_NO_ASM
  cargo:rerun-if-env-changed=AWS_LC_SYS_PREBUILT_NASM_x86_64_unknown_linux_gnu
  cargo:rerun-if-env-changed=AWS_LC_SYS_PREBUILT_NASM
  cargo:rerun-if-env-changed=AWS_LC_SYS_C_STD_x86_64_unknown_linux_gnu
  cargo:rerun-if-env-changed=AWS_LC_SYS_C_STD
  cargo:rerun-if-env-changed=AWS_LC_SYS_CMAKE_BUILDER_x86_64_unknown_linux_gnu
  cargo:rerun-if-env-changed=AWS_LC_SYS_CMAKE_BUILDER
  cargo:rerun-if-env-changed=AWS_LC_SYS_NO_PREGENERATED_SRC_x86_64_unknown_linux_gnu
  cargo:rerun-if-env-changed=AWS_LC_SYS_NO_PREGENERATED_SRC
  cargo:rerun-if-env-changed=AWS_LC_SYS_EFFECTIVE_TARGET_x86_64_unknown_linux_gnu
  cargo:rerun-if-env-changed=AWS_LC_SYS_EFFECTIVE_TARGET
  cargo:rerun-if-env-changed=AWS_LC_SYS_NO_JITTER_ENTROPY_x86_64_unknown_linux_gnu
  cargo:rerun-if-env-changed=AWS_LC_SYS_NO_JITTER_ENTROPY
  cargo:rerun-if-env-changed=AWS_LC_SYS_NO_U1_BINDINGS_x86_64_unknown_linux_gnu
  cargo:rerun-if-env-changed=AWS_LC_SYS_NO_U1_BINDINGS
  cargo:rerun-if-env-changed=AWS_LC_SYS_INCLUDES_x86_64_unknown_linux_gnu
  cargo:rerun-if-env-changed=AWS_LC_SYS_INCLUDES
  cargo:rerun-if-env-changed=AWS_LC_SYS_SANITIZER_x86_64_unknown_linux_gnu
  cargo:rerun-if-env-changed=AWS_LC_SYS_SANITIZER
  cargo:rerun-if-env-changed=CARGO_ENCODED_RUSTFLAGS
  cargo:warning=Environment Variable found 'CARGO_ENCODED_RUSTFLAGS': ''
  cargo:warning=Emitting configuration: cargo:rustc-cfg=universal
  cargo:rustc-cfg=universal
  cargo:rerun-if-env-changed=AWS_LC_SYS_STATIC_x86_64_unknown_linux_gnu
  cargo:rerun-if-env-changed=AWS_LC_SYS_STATIC
  cargo:rerun-if-env-changed=CARGO_FEATURE_SSL
  cargo:warning=Building with: CC
  cargo:warning=Symbol Prefix: Some("aws_lc_0_40_0")
  cargo:rerun-if-env-changed=CARGO_FEATURE_SSL
  cargo:warning=Target platform: 'x86_64-unknown-linux-gnu'
  cargo:root=/tmp/cargo-installt3cYlg/release/build/aws-lc-sys-8215a29491b74e14/out
  cargo:rerun-if-env-changed=AWS_LC_SYS_TARGET_CFLAGS_x86_64_unknown_linux_gnu
  cargo:rerun-if-env-changed=AWS_LC_SYS_TARGET_CFLAGS
  cargo:rerun-if-env-changed=TARGET_CFLAGS_x86_64_unknown_linux_gnu
  cargo:rerun-if-env-changed=TARGET_CFLAGS
  cargo:rerun-if-env-changed=AWS_LC_SYS_CFLAGS_x86_64_unknown_linux_gnu
  cargo:rerun-if-env-changed=AWS_LC_SYS_CFLAGS
  cargo:rerun-if-env-changed=CFLAGS_x86_64_unknown_linux_gnu
  cargo:rerun-if-env-changed=CFLAGS
  cargo:rerun-if-env-changed=CC_x86_64-unknown-linux-gnu
  CC_x86_64-unknown-linux-gnu = None
  cargo:rerun-if-env-changed=CC_x86_64_unknown_linux_gnu
  CC_x86_64_unknown_linux_gnu = None
  cargo:rerun-if-env-changed=HOST_CC
  HOST_CC = None
  cargo:rerun-if-env-changed=CC
  CC = None
  cargo:rerun-if-env-changed=CC_ENABLE_DEBUG_OUTPUT
  cargo:rerun-if-env-changed=CRATE_CC_NO_DEFAULTS
  CRATE_CC_NO_DEFAULTS = None
  cargo:rerun-if-env-changed=CFLAGS
  CFLAGS = None
  cargo:rerun-if-env-changed=HOST_CFLAGS
  HOST_CFLAGS = None
  cargo:rerun-if-env-changed=CFLAGS_x86_64_unknown_linux_gnu
  CFLAGS_x86_64_unknown_linux_gnu = None
  cargo:rerun-if-env-changed=CFLAGS_x86_64-unknown-linux-gnu
  CFLAGS_x86_64-unknown-linux-gnu = None
  cargo:rerun-if-env-changed=CC_x86_64-unknown-linux-gnu
  CC_x86_64-unknown-linux-gnu = None
  cargo:rerun-if-env-changed=CC_x86_64_unknown_linux_gnu
  CC_x86_64_unknown_linux_gnu = None
  cargo:rerun-if-env-changed=HOST_CC
  HOST_CC = None
  cargo:rerun-if-env-changed=CC
  CC = None
  cargo:rerun-if-env-changed=CRATE_CC_NO_DEFAULTS
  CRATE_CC_NO_DEFAULTS = None
  cargo:rerun-if-env-changed=CFLAGS
  CFLAGS = None
  cargo:rerun-if-env-changed=HOST_CFLAGS
  HOST_CFLAGS = None
  cargo:rerun-if-env-changed=CFLAGS_x86_64_unknown_linux_gnu
  CFLAGS_x86_64_unknown_linux_gnu = None
  cargo:rerun-if-env-changed=CFLAGS_x86_64-unknown-linux-gnu
  CFLAGS_x86_64-unknown-linux-gnu = None
  cargo:rerun-if-env-changed=CC_x86_64-unknown-linux-gnu
  CC_x86_64-unknown-linux-gnu = None
  cargo:rerun-if-env-changed=CC_x86_64_unknown_linux_gnu
  CC_x86_64_unknown_linux_gnu = None
  cargo:rerun-if-env-changed=HOST_CC
  HOST_CC = None
  cargo:rerun-if-env-changed=CC
  CC = None
  cargo:rerun-if-env-changed=CC_ENABLE_DEBUG_OUTPUT
  cargo:rerun-if-env-changed=CRATE_CC_NO_DEFAULTS
  CRATE_CC_NO_DEFAULTS = None
  cargo:rerun-if-env-changed=CFLAGS
  CFLAGS = None
  cargo:rerun-if-env-changed=HOST_CFLAGS
  HOST_CFLAGS = None
  cargo:rerun-if-env-changed=CFLAGS_x86_64_unknown_linux_gnu
  CFLAGS_x86_64_unknown_linux_gnu = None
  cargo:rerun-if-env-changed=CFLAGS_x86_64-unknown-linux-gnu
  CFLAGS_x86_64-unknown-linux-gnu = None
  cargo:rerun-if-env-changed=CC_FORCE_DISABLE
  CC_FORCE_DISABLE = None
  cargo:rerun-if-env-changed=CC_x86_64-unknown-linux-gnu
  CC_x86_64-unknown-linux-gnu = None
  cargo:rerun-if-env-changed=CC_x86_64_unknown_linux_gnu
  CC_x86_64_unknown_linux_gnu = None
  cargo:rerun-if-env-changed=HOST_CC
  HOST_CC = None
  cargo:rerun-if-env-changed=CC
  CC = None
  cargo:rerun-if-env-changed=CRATE_CC_NO_DEFAULTS
  CRATE_CC_NO_DEFAULTS = None
  cargo:rerun-if-env-changed=CFLAGS
  CFLAGS = None
  cargo:rerun-if-env-changed=HOST_CFLAGS
  HOST_CFLAGS = None
  cargo:rerun-if-env-changed=CFLAGS_x86_64_unknown_linux_gnu
  CFLAGS_x86_64_unknown_linux_gnu = None
  cargo:rerun-if-env-changed=CFLAGS_x86_64-unknown-linux-gnu
  CFLAGS_x86_64-unknown-linux-gnu = None
  cargo:warning=Compilation of 'c11.c' succeeded - Ok(["/tmp/cargo-installt3cYlg/release/build/aws-lc-sys-8215a29491b74e14/out/out-c11/7dfda64fdf5a526c-c11.o"]).
  cargo:rerun-if-env-changed=AWS_LC_SYS_TARGET_CC_x86_64_unknown_linux_gnu
  cargo:rerun-if-env-changed=AWS_LC_SYS_TARGET_CC
  cargo:rerun-if-env-changed=TARGET_CC_x86_64_unknown_linux_gnu
  cargo:rerun-if-env-changed=TARGET_CC
  cargo:rerun-if-env-changed=AWS_LC_SYS_CC_x86_64_unknown_linux_gnu
  cargo:rerun-if-env-changed=AWS_LC_SYS_CC
  cargo:rerun-if-env-changed=CC_x86_64_unknown_linux_gnu
  cargo:rerun-if-env-changed=CC
  cargo:rerun-if-env-changed=AWS_LC_SYS_TARGET_CXX_x86_64_unknown_linux_gnu
  cargo:rerun-if-env-changed=AWS_LC_SYS_TARGET_CXX
  cargo:rerun-if-env-changed=TARGET_CXX_x86_64_unknown_linux_gnu
  cargo:rerun-if-env-changed=TARGET_CXX
  cargo:rerun-if-env-changed=AWS_LC_SYS_CXX_x86_64_unknown_linux_gnu
  cargo:rerun-if-env-changed=AWS_LC_SYS_CXX
  cargo:rerun-if-env-changed=CXX_x86_64_unknown_linux_gnu
  cargo:rerun-if-env-changed=CXX
  cargo:rerun-if-env-changed=CC_x86_64-unknown-linux-gnu
  CC_x86_64-unknown-linux-gnu = None
  cargo:rerun-if-env-changed=CC_x86_64_unknown_linux_gnu
  CC_x86_64_unknown_linux_gnu = None
  cargo:rerun-if-env-changed=HOST_CC
  HOST_CC = None
  cargo:rerun-if-env-changed=CC
  CC = None
  cargo:rerun-if-env-changed=CC_ENABLE_DEBUG_OUTPUT
  cargo:rerun-if-env-changed=CRATE_CC_NO_DEFAULTS
  CRATE_CC_NO_DEFAULTS = None
  cargo:rerun-if-env-changed=CFLAGS
  CFLAGS = None
  cargo:rerun-if-env-changed=HOST_CFLAGS
  HOST_CFLAGS = None
  cargo:rerun-if-env-changed=CFLAGS_x86_64_unknown_linux_gnu
  CFLAGS_x86_64_unknown_linux_gnu = None
  cargo:rerun-if-env-changed=CFLAGS_x86_64-unknown-linux-gnu
  CFLAGS_x86_64-unknown-linux-gnu = None
  cargo:warning=Using flag: -ffile-prefix-map=/home/apnex/.local/share/programmable-cli/toolchain/cargo/registry/src/index.crates.io-1949cf8c6b5b557f/aws-lc-sys-0.40.0=
  cargo:rerun-if-env-changed=CC_x86_64-unknown-linux-gnu
  CC_x86_64-unknown-linux-gnu = None
  cargo:rerun-if-env-changed=CC_x86_64_unknown_linux_gnu
  CC_x86_64_unknown_linux_gnu = None
  cargo:rerun-if-env-changed=HOST_CC
  HOST_CC = None
  cargo:rerun-if-env-changed=CC
  CC = None
  cargo:rerun-if-env-changed=CC_ENABLE_DEBUG_OUTPUT
  cargo:rerun-if-env-changed=CRATE_CC_NO_DEFAULTS
  CRATE_CC_NO_DEFAULTS = None
  cargo:rerun-if-env-changed=CFLAGS
  CFLAGS = None
  cargo:rerun-if-env-changed=HOST_CFLAGS
  HOST_CFLAGS = None
  cargo:rerun-if-env-changed=CFLAGS_x86_64_unknown_linux_gnu
  CFLAGS_x86_64_unknown_linux_gnu = None
  cargo:rerun-if-env-changed=CFLAGS_x86_64-unknown-linux-gnu
  CFLAGS_x86_64-unknown-linux-gnu = None
  cargo:rerun-if-env-changed=CC_FORCE_DISABLE
  CC_FORCE_DISABLE = None
  cargo:rerun-if-env-changed=CC_x86_64-unknown-linux-gnu
  CC_x86_64-unknown-linux-gnu = None
  cargo:rerun-if-env-changed=CC_x86_64_unknown_linux_gnu
  CC_x86_64_unknown_linux_gnu = None
  cargo:rerun-if-env-changed=HOST_CC
  HOST_CC = None
  cargo:rerun-if-env-changed=CC
  CC = None
  cargo:rerun-if-env-changed=CRATE_CC_NO_DEFAULTS
  CRATE_CC_NO_DEFAULTS = None
  cargo:rerun-if-env-changed=CFLAGS
  CFLAGS = None
  cargo:rerun-if-env-changed=HOST_CFLAGS
  HOST_CFLAGS = None
  cargo:rerun-if-env-changed=CFLAGS_x86_64_unknown_linux_gnu
  CFLAGS_x86_64_unknown_linux_gnu = None
  cargo:rerun-if-env-changed=CFLAGS_x86_64-unknown-linux-gnu
  CFLAGS_x86_64-unknown-linux-gnu = None
  cargo:warning=Compilation of 'stdalign_check.c' succeeded - Ok(["/tmp/cargo-installt3cYlg/release/build/aws-lc-sys-8215a29491b74e14/out/out-stdalign_check/7dfda64fdf5a526c-stdalign_check.o"]).
  cargo:rerun-if-env-changed=CC_x86_64-unknown-linux-gnu
  CC_x86_64-unknown-linux-gnu = None
  cargo:rerun-if-env-changed=CC_x86_64_unknown_linux_gnu
  CC_x86_64_unknown_linux_gnu = None
  cargo:rerun-if-env-changed=HOST_CC
  HOST_CC = None
  cargo:rerun-if-env-changed=CC
  CC = None
  cargo:rerun-if-env-changed=CC_ENABLE_DEBUG_OUTPUT
  cargo:rerun-if-env-changed=CRATE_CC_NO_DEFAULTS
  CRATE_CC_NO_DEFAULTS = None
  cargo:rerun-if-env-changed=CFLAGS
  CFLAGS = None
  cargo:rerun-if-env-changed=HOST_CFLAGS
  HOST_CFLAGS = None
  cargo:rerun-if-env-changed=CFLAGS_x86_64_unknown_linux_gnu
  CFLAGS_x86_64_unknown_linux_gnu = None
  cargo:rerun-if-env-changed=CFLAGS_x86_64-unknown-linux-gnu
  CFLAGS_x86_64-unknown-linux-gnu = None
  cargo:rerun-if-env-changed=CC_FORCE_DISABLE
  CC_FORCE_DISABLE = None
  cargo:rerun-if-env-changed=CC_x86_64-unknown-linux-gnu
  CC_x86_64-unknown-linux-gnu = None
  cargo:rerun-if-env-changed=CC_x86_64_unknown_linux_gnu
  CC_x86_64_unknown_linux_gnu = None
  cargo:rerun-if-env-changed=HOST_CC
  HOST_CC = None
  cargo:rerun-if-env-changed=CC
  CC = None
  cargo:rerun-if-env-changed=CRATE_CC_NO_DEFAULTS
  CRATE_CC_NO_DEFAULTS = None
  cargo:rerun-if-env-changed=CFLAGS
  CFLAGS = None
  cargo:rerun-if-env-changed=HOST_CFLAGS
  HOST_CFLAGS = None
  cargo:rerun-if-env-changed=CFLAGS_x86_64_unknown_linux_gnu
  CFLAGS_x86_64_unknown_linux_gnu = None
  cargo:rerun-if-env-changed=CFLAGS_x86_64-unknown-linux-gnu
  CFLAGS_x86_64-unknown-linux-gnu = None
  cargo:warning=Compilation of 'builtin_swap_check.c' succeeded - Ok(["/tmp/cargo-installt3cYlg/release/build/aws-lc-sys-8215a29491b74e14/out/out-builtin_swap_check/7dfda64fdf5a526c-builtin_swap_check.o"]).
  cargo:rerun-if-env-changed=CC_x86_64-unknown-linux-gnu
  CC_x86_64-unknown-linux-gnu = None
  cargo:rerun-if-env-changed=CC_x86_64_unknown_linux_gnu
  CC_x86_64_unknown_linux_gnu = None
  cargo:rerun-if-env-changed=HOST_CC
  HOST_CC = None
  cargo:rerun-if-env-changed=CC
  CC = None
  cargo:rerun-if-env-changed=CC_ENABLE_DEBUG_OUTPUT
  cargo:rerun-if-env-changed=CRATE_CC_NO_DEFAULTS
  CRATE_CC_NO_DEFAULTS = None
  cargo:rerun-if-env-changed=CFLAGS
  CFLAGS = None
  cargo:rerun-if-env-changed=HOST_CFLAGS
  HOST_CFLAGS = None
  cargo:rerun-if-env-changed=CFLAGS_x86_64_unknown_linux_gnu
  CFLAGS_x86_64_unknown_linux_gnu = None
  cargo:rerun-if-env-changed=CFLAGS_x86_64-unknown-linux-gnu
  CFLAGS_x86_64-unknown-linux-gnu = None
  cargo:rerun-if-env-changed=CC_FORCE_DISABLE
  CC_FORCE_DISABLE = None
  cargo:rerun-if-env-changed=CC_x86_64-unknown-linux-gnu
  CC_x86_64-unknown-linux-gnu = None
  cargo:rerun-if-env-changed=CC_x86_64_unknown_linux_gnu
  CC_x86_64_unknown_linux_gnu = None
  cargo:rerun-if-env-changed=HOST_CC
  HOST_CC = None
  cargo:rerun-if-env-changed=CC
  CC = None
  cargo:rerun-if-env-changed=CRATE_CC_NO_DEFAULTS
  CRATE_CC_NO_DEFAULTS = None
  cargo:rerun-if-env-changed=CFLAGS
  CFLAGS = None
  cargo:rerun-if-env-changed=HOST_CFLAGS
  HOST_CFLAGS = None
  cargo:rerun-if-env-changed=CFLAGS_x86_64_unknown_linux_gnu
  CFLAGS_x86_64_unknown_linux_gnu = None
  cargo:rerun-if-env-changed=CFLAGS_x86_64-unknown-linux-gnu
  CFLAGS_x86_64-unknown-linux-gnu = None
  cargo:warning=Compilation of 'linux_random_h.c' succeeded - Ok(["/tmp/cargo-installt3cYlg/release/build/aws-lc-sys-8215a29491b74e14/out/out-linux_random_h/7dfda64fdf5a526c-linux_random_h.o"]).
  cargo:rerun-if-env-changed=CC_x86_64-unknown-linux-gnu
  CC_x86_64-unknown-linux-gnu = None
  cargo:rerun-if-env-changed=CC_x86_64_unknown_linux_gnu
  CC_x86_64_unknown_linux_gnu = None
  cargo:rerun-if-env-changed=HOST_CC
  HOST_CC = None
  cargo:rerun-if-env-changed=CC
  CC = None
  cargo:rerun-if-env-changed=CC_ENABLE_DEBUG_OUTPUT
  cargo:rerun-if-env-changed=CRATE_CC_NO_DEFAULTS
  CRATE_CC_NO_DEFAULTS = None
  cargo:rerun-if-env-changed=CFLAGS
  CFLAGS = None
  cargo:rerun-if-env-changed=HOST_CFLAGS
  HOST_CFLAGS = None
  cargo:rerun-if-env-changed=CFLAGS_x86_64_unknown_linux_gnu
  CFLAGS_x86_64_unknown_linux_gnu = None
  cargo:rerun-if-env-changed=CFLAGS_x86_64-unknown-linux-gnu
  CFLAGS_x86_64-unknown-linux-gnu = None

  --- stderr

  thread 'main' (228598) panicked at /home/apnex/.local/share/programmable-cli/toolchain/cargo/registry/src/index.crates.io-1949cf8c6b5b557f/aws-lc-sys-0.40.0/builder/cc_builder.rs:731:9:
  ### COMPILER BUG DETECTED ###
  Your compiler (cc) is not supported due to a memcmp related bug reported in https://gcc.gnu.org/bugzilla/show_bug.cgi?id=95189. We strongly recommend against using this compiler. 
  EXECUTED: true
  ERROR: 
  OUTPUT: 

  note: run with `RUST_BACKTRACE=1` environment variable to display a backtrace
warning: build failed, waiting for other jobs to finish...
error: failed to compile `cargo-audit v0.22.2`, intermediate artifacts can be found at `/tmp/cargo-installt3cYlg`.
To reuse those artifacts with a future compilation, set the environment variable `CARGO_BUILD_BUILD_DIR` to that path.
