   Compiling proc-macro2 v1.0.107
   Compiling unicode-ident v1.0.24
   Compiling quote v1.0.47
   Compiling libc v0.2.189
   Compiling serde_core v1.0.229
   Compiling autocfg v1.5.1
   Compiling cfg-if v1.0.4
   Compiling version_check v0.9.5
   Compiling serde v1.0.229
   Compiling memchr v2.8.3
   Compiling parking_lot_core v0.9.12
   Compiling scopeguard v1.2.0
   Compiling generic-array v0.14.7
   Compiling smallvec v1.16.0
   Compiling getrandom v0.3.4
   Compiling zmij v1.0.23
   Compiling num-traits v0.2.19
   Compiling zerocopy v0.8.56
   Compiling lock_api v0.4.14
   Compiling ahash v0.8.12
   Compiling typenum v1.20.1
   Compiling signal-hook v0.3.18
   Compiling syn v3.0.5
   Compiling syn v2.0.119
   Compiling serde_json v1.0.151
   Compiling ref-cast v1.0.27
   Compiling regex-syntax v0.8.11
   Compiling errno v0.3.14
   Compiling num-integer v0.1.47
   Compiling unicode-segmentation v1.13.3
   Compiling rustix v1.1.4
   Compiling parking_lot v0.12.5
   Compiling num-bigint v0.4.8
   Compiling convert_case v0.10.0
   Compiling num-iter v0.1.46
   Compiling num-complex v0.4.6
   Compiling signal-hook-registry v1.4.8
   Compiling bitflags v2.13.1
   Compiling aho-corasick v1.1.5
   Compiling serde_derive v1.0.229
   Compiling ref-cast-impl v1.0.27
   Compiling once_cell v1.21.4
   Compiling num-rational v0.4.2
   Compiling heck v0.5.0
   Compiling linux-raw-sys v0.12.1
   Compiling log v0.4.34
   Compiling itoa v1.0.18
   Compiling regex-automata v0.4.18
   Compiling num v0.4.3
   Compiling mio v1.2.3
   Compiling strum_macros v0.28.0
   Compiling derive_more-impl v2.1.1
   Compiling getrandom v0.4.3
   Compiling bit-vec v0.8.0
   Compiling allocator-api2 v0.2.21
   Compiling unicode-general-category v1.1.0
   Compiling litrs v1.0.0
   Compiling borrow-or-share v0.2.4
   Compiling equivalent v1.0.2
   Compiling foldhash v0.2.0
   Compiling thiserror v2.0.20
   Compiling hashbrown v0.17.1
   Compiling document-features v0.2.12
   Compiling fluent-uri v0.4.1
   Compiling bit-set v0.8.0
   Compiling signal-hook-mio v0.2.5
   Compiling strum v0.28.0
   Compiling derive_more v2.1.1
   Compiling fraction v0.17.0
   Compiling block-buffer v0.10.4
   Compiling crypto-common v0.1.7
   Compiling thiserror-impl v2.0.20
   Compiling vte v0.14.1
   Compiling outref v0.5.2
   Compiling micromap v0.3.0
   Compiling num-cmp v0.1.0
   Compiling either v1.18.0
   Compiling vsimd v0.8.0
   Compiling bytecount v0.6.9
   Compiling iana-time-zone v0.1.65
   Compiling percent-encoding v2.3.2
   Compiling referencing v0.55.0
   Compiling chrono v0.4.45
   Compiling uuid-simd v0.8.0
   Compiling jsonschema-value v0.55.0
   Compiling itertools v0.15.0
   Compiling strip-ansi-escapes v0.2.1
   Compiling digest v0.10.7
   Compiling crossterm v0.29.0
   Compiling fancy-regex v0.19.1
   Compiling regex v1.13.1
   Compiling email_address v0.2.9
   Compiling fd-lock v4.0.4
   Compiling jsonschema-regex v0.55.0
   Compiling cpufeatures v0.2.17
   Compiling nu-ansi-term v0.50.3
   Compiling unicase v2.9.0
   Compiling data-encoding v2.11.1
   Compiling unicode-width v0.2.2
   Compiling jsonschema v0.55.0
   Compiling reedline v0.51.0
   Compiling sha2 v0.10.9
   Compiling uuid v1.26.0
   Compiling programmable-cli v0.1.0 (/home/apnex/taceng/cli/target/publication-prep/source)
    Finished `release` profile [optimized] target(s) in 1m 45s
