    Blocking waiting for file lock on package cache
    Blocking waiting for file lock on package cache
    Blocking waiting for file lock on package cache
    Checking programmable-cli v0.1.0 (/home/apnex/taceng/cli)
error: the `Err`-variant returned from this function is very large
   --> src/authoring_operations.rs:238:6
    |
238 | ) -> Result<HandlerOutcome, AuthoringError> {
    |      ^^^^^^^^^^^^^^^^^^^^^^^^^^^^^^^^^^^^^^ the `Err`-variant is at least 152 bytes
    |
    = help: try reducing the size of `authoring_error::AuthoringError`, for example by boxing large elements or replacing it with `Box<authoring_error::AuthoringError>`
    = help: for further information visit https://rust-lang.github.io/rust-clippy/rust-1.98.0/index.html#result_large_err
    = note: `-D clippy::result-large-err` implied by `-D warnings`
    = help: to override `-D warnings` add `#[allow(clippy::result_large_err)]`

error: the `Err`-variant returned from this function is very large
   --> src/authoring_operations.rs:248:6
    |
248 | ) -> Result<HandlerOutcome, AuthoringError> {
    |      ^^^^^^^^^^^^^^^^^^^^^^^^^^^^^^^^^^^^^^ the `Err`-variant is at least 152 bytes
    |
    = help: try reducing the size of `authoring_error::AuthoringError`, for example by boxing large elements or replacing it with `Box<authoring_error::AuthoringError>`
    = help: for further information visit https://rust-lang.github.io/rust-clippy/rust-1.98.0/index.html#result_large_err

error: the `Err`-variant returned from this function is very large
   --> src/authoring_operations.rs:273:6
    |
273 | ) -> Result<HandlerOutcome, AuthoringError> {
    |      ^^^^^^^^^^^^^^^^^^^^^^^^^^^^^^^^^^^^^^ the `Err`-variant is at least 152 bytes
    |
    = help: try reducing the size of `authoring_error::AuthoringError`, for example by boxing large elements or replacing it with `Box<authoring_error::AuthoringError>`
    = help: for further information visit https://rust-lang.github.io/rust-clippy/rust-1.98.0/index.html#result_large_err

error: the `Err`-variant returned from this function is very large
   --> src/authoring_operations.rs:284:6
    |
284 | ) -> Result<HandlerOutcome, AuthoringError> {
    |      ^^^^^^^^^^^^^^^^^^^^^^^^^^^^^^^^^^^^^^ the `Err`-variant is at least 152 bytes
    |
    = help: try reducing the size of `authoring_error::AuthoringError`, for example by boxing large elements or replacing it with `Box<authoring_error::AuthoringError>`
    = help: for further information visit https://rust-lang.github.io/rust-clippy/rust-1.98.0/index.html#result_large_err

error: the `Err`-variant returned from this function is very large
   --> src/authoring_operations.rs:326:6
    |
326 | ) -> Result<HandlerOutcome, AuthoringError> {
    |      ^^^^^^^^^^^^^^^^^^^^^^^^^^^^^^^^^^^^^^ the `Err`-variant is at least 152 bytes
    |
    = help: try reducing the size of `authoring_error::AuthoringError`, for example by boxing large elements or replacing it with `Box<authoring_error::AuthoringError>`
    = help: for further information visit https://rust-lang.github.io/rust-clippy/rust-1.98.0/index.html#result_large_err

error: the `Err`-variant returned from this function is very large
   --> src/authoring_operations.rs:336:6
    |
336 | ) -> Result<HandlerOutcome, AuthoringError> {
    |      ^^^^^^^^^^^^^^^^^^^^^^^^^^^^^^^^^^^^^^ the `Err`-variant is at least 152 bytes
    |
    = help: try reducing the size of `authoring_error::AuthoringError`, for example by boxing large elements or replacing it with `Box<authoring_error::AuthoringError>`
    = help: for further information visit https://rust-lang.github.io/rust-clippy/rust-1.98.0/index.html#result_large_err

error: the `Err`-variant returned from this function is very large
   --> src/authoring_operations.rs:347:6
    |
347 | ) -> Result<HandlerOutcome, AuthoringError> {
    |      ^^^^^^^^^^^^^^^^^^^^^^^^^^^^^^^^^^^^^^ the `Err`-variant is at least 152 bytes
    |
    = help: try reducing the size of `authoring_error::AuthoringError`, for example by boxing large elements or replacing it with `Box<authoring_error::AuthoringError>`
    = help: for further information visit https://rust-lang.github.io/rust-clippy/rust-1.98.0/index.html#result_large_err

error: the `Err`-variant returned from this function is very large
   --> src/authoring_operations.rs:356:6
    |
356 | ) -> Result<HandlerOutcome, AuthoringError> {
    |      ^^^^^^^^^^^^^^^^^^^^^^^^^^^^^^^^^^^^^^ the `Err`-variant is at least 152 bytes
    |
    = help: try reducing the size of `authoring_error::AuthoringError`, for example by boxing large elements or replacing it with `Box<authoring_error::AuthoringError>`
    = help: for further information visit https://rust-lang.github.io/rust-clippy/rust-1.98.0/index.html#result_large_err

error: the `Err`-variant returned from this function is very large
   --> src/authoring_operations.rs:364:6
    |
364 | ) -> Result<HandlerOutcome, AuthoringError> {
    |      ^^^^^^^^^^^^^^^^^^^^^^^^^^^^^^^^^^^^^^ the `Err`-variant is at least 152 bytes
    |
    = help: try reducing the size of `authoring_error::AuthoringError`, for example by boxing large elements or replacing it with `Box<authoring_error::AuthoringError>`
    = help: for further information visit https://rust-lang.github.io/rust-clippy/rust-1.98.0/index.html#result_large_err

error: the `Err`-variant returned from this function is very large
   --> src/authoring_operations.rs:374:6
    |
374 | ) -> Result<HandlerOutcome, AuthoringError> {
    |      ^^^^^^^^^^^^^^^^^^^^^^^^^^^^^^^^^^^^^^ the `Err`-variant is at least 152 bytes
    |
    = help: try reducing the size of `authoring_error::AuthoringError`, for example by boxing large elements or replacing it with `Box<authoring_error::AuthoringError>`
    = help: for further information visit https://rust-lang.github.io/rust-clippy/rust-1.98.0/index.html#result_large_err

error: the `Err`-variant returned from this function is very large
   --> src/authoring_operations.rs:390:6
    |
390 | ) -> Result<HandlerOutcome, AuthoringError> {
    |      ^^^^^^^^^^^^^^^^^^^^^^^^^^^^^^^^^^^^^^ the `Err`-variant is at least 152 bytes
    |
    = help: try reducing the size of `authoring_error::AuthoringError`, for example by boxing large elements or replacing it with `Box<authoring_error::AuthoringError>`
    = help: for further information visit https://rust-lang.github.io/rust-clippy/rust-1.98.0/index.html#result_large_err

error: the `Err`-variant returned from this function is very large
   --> src/authoring_operations.rs:401:6
    |
401 | ) -> Result<HandlerOutcome, AuthoringError> {
    |      ^^^^^^^^^^^^^^^^^^^^^^^^^^^^^^^^^^^^^^ the `Err`-variant is at least 152 bytes
    |
    = help: try reducing the size of `authoring_error::AuthoringError`, for example by boxing large elements or replacing it with `Box<authoring_error::AuthoringError>`
    = help: for further information visit https://rust-lang.github.io/rust-clippy/rust-1.98.0/index.html#result_large_err

error: the `Err`-variant returned from this function is very large
   --> src/authoring_operations.rs:418:6
    |
418 | ) -> Result<HandlerOutcome, AuthoringError> {
    |      ^^^^^^^^^^^^^^^^^^^^^^^^^^^^^^^^^^^^^^ the `Err`-variant is at least 152 bytes
    |
    = help: try reducing the size of `authoring_error::AuthoringError`, for example by boxing large elements or replacing it with `Box<authoring_error::AuthoringError>`
    = help: for further information visit https://rust-lang.github.io/rust-clippy/rust-1.98.0/index.html#result_large_err

error: the `Err`-variant returned from this function is very large
   --> src/authoring_operations.rs:436:6
    |
436 | ) -> Result<HandlerOutcome, AuthoringError> {
    |      ^^^^^^^^^^^^^^^^^^^^^^^^^^^^^^^^^^^^^^ the `Err`-variant is at least 152 bytes
    |
    = help: try reducing the size of `authoring_error::AuthoringError`, for example by boxing large elements or replacing it with `Box<authoring_error::AuthoringError>`
    = help: for further information visit https://rust-lang.github.io/rust-clippy/rust-1.98.0/index.html#result_large_err

error: the `Err`-variant returned from this closure is very large
   --> src/authoring_operations.rs:443:31
    |
443 |         let mut apply = || -> Result<(), AuthoringError> {
    |                               ^^^^^^^^^^^^^^^^^^^^^^^^^^ the `Err`-variant is at least 152 bytes
    |
    = help: try reducing the size of `authoring_error::AuthoringError`, for example by boxing large elements or replacing it with `Box<authoring_error::AuthoringError>`
    = help: for further information visit https://rust-lang.github.io/rust-clippy/rust-1.98.0/index.html#result_large_err

error: the `Err`-variant returned from this function is very large
   --> src/authoring_operations.rs:479:6
    |
479 | ) -> Result<HandlerOutcome, AuthoringError> {
    |      ^^^^^^^^^^^^^^^^^^^^^^^^^^^^^^^^^^^^^^ the `Err`-variant is at least 152 bytes
    |
    = help: try reducing the size of `authoring_error::AuthoringError`, for example by boxing large elements or replacing it with `Box<authoring_error::AuthoringError>`
    = help: for further information visit https://rust-lang.github.io/rust-clippy/rust-1.98.0/index.html#result_large_err

error: the `Err`-variant returned from this function is very large
   --> src/authoring_operations.rs:494:6
    |
494 | ) -> Result<HandlerOutcome, AuthoringError> {
    |      ^^^^^^^^^^^^^^^^^^^^^^^^^^^^^^^^^^^^^^ the `Err`-variant is at least 152 bytes
    |
    = help: try reducing the size of `authoring_error::AuthoringError`, for example by boxing large elements or replacing it with `Box<authoring_error::AuthoringError>`
    = help: for further information visit https://rust-lang.github.io/rust-clippy/rust-1.98.0/index.html#result_large_err

error: the `Err`-variant returned from this function is very large
   --> src/authoring_operations.rs:504:6
    |
504 | ) -> Result<HandlerOutcome, AuthoringError> {
    |      ^^^^^^^^^^^^^^^^^^^^^^^^^^^^^^^^^^^^^^ the `Err`-variant is at least 152 bytes
    |
    = help: try reducing the size of `authoring_error::AuthoringError`, for example by boxing large elements or replacing it with `Box<authoring_error::AuthoringError>`
    = help: for further information visit https://rust-lang.github.io/rust-clippy/rust-1.98.0/index.html#result_large_err

error: the `Err`-variant returned from this function is very large
   --> src/authoring_operations.rs:515:6
    |
515 | ) -> Result<HandlerOutcome, AuthoringError> {
    |      ^^^^^^^^^^^^^^^^^^^^^^^^^^^^^^^^^^^^^^ the `Err`-variant is at least 152 bytes
    |
    = help: try reducing the size of `authoring_error::AuthoringError`, for example by boxing large elements or replacing it with `Box<authoring_error::AuthoringError>`
    = help: for further information visit https://rust-lang.github.io/rust-clippy/rust-1.98.0/index.html#result_large_err

error: the `Err`-variant returned from this function is very large
   --> src/authoring_protocol.rs:191:10
    |
191 |     ) -> Result<Self, AuthoringError> {
    |          ^^^^^^^^^^^^^^^^^^^^^^^^^^^^ the `Err`-variant is at least 152 bytes
    |
    = help: try reducing the size of `authoring_error::AuthoringError`, for example by boxing large elements or replacing it with `Box<authoring_error::AuthoringError>`
    = help: for further information visit https://rust-lang.github.io/rust-clippy/rust-1.98.0/index.html#result_large_err

error: the `Err`-variant returned from this function is very large
   --> src/authoring_protocol.rs:229:55
    |
229 |     pub fn session_header(&self, durability: &str) -> Result<SessionHeader, AuthoringError> {
    |                                                       ^^^^^^^^^^^^^^^^^^^^^^^^^^^^^^^^^^^^^ the `Err`-variant is at least 152 bytes
    |
    = help: try reducing the size of `authoring_error::AuthoringError`, for example by boxing large elements or replacing it with `Box<authoring_error::AuthoringError>`
    = help: for further information visit https://rust-lang.github.io/rust-clippy/rust-1.98.0/index.html#result_large_err

error: the `Err`-variant returned from this function is very large
   --> src/authoring_protocol.rs:255:48
    |
255 |     pub fn validate_checkpoint_state(&self) -> Result<(), AuthoringError> {
    |                                                ^^^^^^^^^^^^^^^^^^^^^^^^^^ the `Err`-variant is at least 152 bytes
    |
    = help: try reducing the size of `authoring_error::AuthoringError`, for example by boxing large elements or replacing it with `Box<authoring_error::AuthoringError>`
    = help: for further information visit https://rust-lang.github.io/rust-clippy/rust-1.98.0/index.html#result_large_err

error: the `Err`-variant returned from this function is very large
  --> src/authoring_result.rs:24:58
   |
24 |     pub fn push_result_entry(&mut self, entry: Value) -> Result<(), AuthoringError> {
   |                                                          ^^^^^^^^^^^^^^^^^^^^^^^^^^ the `Err`-variant is at least 152 bytes
   |
   = help: try reducing the size of `authoring_error::AuthoringError`, for example by boxing large elements or replacing it with `Box<authoring_error::AuthoringError>`
   = help: for further information visit https://rust-lang.github.io/rust-clippy/rust-1.98.0/index.html#result_large_err

error: the `Err`-variant returned from this function is very large
  --> src/authoring_runtime.rs:29:55
   |
29 | fn serialize_checkpoint(state: &SessionCheckpoint) -> Result<Vec<u8>, AuthoringError> {
   |                                                       ^^^^^^^^^^^^^^^^^^^^^^^^^^^^^^^ the `Err`-variant is at least 152 bytes
   |
   = help: try reducing the size of `authoring_error::AuthoringError`, for example by boxing large elements or replacing it with `Box<authoring_error::AuthoringError>`
   = help: for further information visit https://rust-lang.github.io/rust-clippy/rust-1.98.0/index.html#result_large_err

error: the `Err`-variant returned from this function is very large
  --> src/authoring_runtime.rs:41:65
   |
41 | pub fn checked_response_bytes(value: &impl serde::Serialize) -> Result<Vec<u8>, AuthoringError> {
   |                                                                 ^^^^^^^^^^^^^^^^^^^^^^^^^^^^^^^ the `Err`-variant is at least 152 bytes
   |
   = help: try reducing the size of `authoring_error::AuthoringError`, for example by boxing large elements or replacing it with `Box<authoring_error::AuthoringError>`
   = help: for further information visit https://rust-lang.github.io/rust-clippy/rust-1.98.0/index.html#result_large_err

error: the `Err`-variant returned from this function is very large
  --> src/authoring_runtime.rs:59:10
   |
59 |     ) -> Result<Self, AuthoringError> {
   |          ^^^^^^^^^^^^^^^^^^^^^^^^^^^^ the `Err`-variant is at least 152 bytes
   |
   = help: try reducing the size of `authoring_error::AuthoringError`, for example by boxing large elements or replacing it with `Box<authoring_error::AuthoringError>`
   = help: for further information visit https://rust-lang.github.io/rust-clippy/rust-1.98.0/index.html#result_large_err

error: the `Err`-variant returned from this function is very large
  --> src/authoring_runtime.rs:70:10
   |
70 |     ) -> Result<Self, AuthoringError> {
   |          ^^^^^^^^^^^^^^^^^^^^^^^^^^^^ the `Err`-variant is at least 152 bytes
   |
   = help: try reducing the size of `authoring_error::AuthoringError`, for example by boxing large elements or replacing it with `Box<authoring_error::AuthoringError>`
   = help: for further information visit https://rust-lang.github.io/rust-clippy/rust-1.98.0/index.html#result_large_err

error: the `Err`-variant returned from this function is very large
  --> src/authoring_runtime.rs:80:10
   |
80 |     ) -> Result<Self, AuthoringError> {
   |          ^^^^^^^^^^^^^^^^^^^^^^^^^^^^ the `Err`-variant is at least 152 bytes
   |
   = help: try reducing the size of `authoring_error::AuthoringError`, for example by boxing large elements or replacing it with `Box<authoring_error::AuthoringError>`
   = help: for further information visit https://rust-lang.github.io/rust-clippy/rust-1.98.0/index.html#result_large_err

error: this `if` statement can be collapsed
   --> src/authoring_runtime.rs:99:17
    |
 99 | /                 if let Some(version) = envelope.get("format_version").and_then(Value::as_u64) {
100 | |                     if version != u64::from(definition.kernel_profile().checkpoint_version()) {
101 | |                         return Err(AuthoringError::new(
102 | |                             "UNSUPPORTED_FORMAT",
...   |
107 | |                 }
    | |_________________^
    |
    = help: for further information visit https://rust-lang.github.io/rust-clippy/rust-1.98.0/index.html#collapsible_if
    = note: `-D clippy::collapsible-if` implied by `-D warnings`
    = help: to override `-D warnings` add `#[allow(clippy::collapsible_if)]`
help: collapse nested if block
    |
 99 ~                 if let Some(version) = envelope.get("format_version").and_then(Value::as_u64)
100 ~                     && version != u64::from(definition.kernel_profile().checkpoint_version()) {
101 |                         return Err(AuthoringError::new(
...
105 |                         ));
106 ~                     }
    |

error: the `Err`-variant returned from this function is very large
   --> src/authoring_runtime.rs:299:10
    |
299 |     ) -> Result<AuthoringResponse, AuthoringError> {
    |          ^^^^^^^^^^^^^^^^^^^^^^^^^^^^^^^^^^^^^^^^^ the `Err`-variant is at least 152 bytes
    |
    = help: try reducing the size of `authoring_error::AuthoringError`, for example by boxing large elements or replacing it with `Box<authoring_error::AuthoringError>`
    = help: for further information visit https://rust-lang.github.io/rust-clippy/rust-1.98.0/index.html#result_large_err

error: this `if` statement can be collapsed
   --> src/authoring_runtime.rs:329:9
    |
329 | /         if let Some(receipt) = &self.state.last_receipt {
330 | |             if receipt.request.request_id == request.request_id {
331 | |                 if receipt.request != *request {
332 | |                     return Err(AuthoringError::new(
...   |
350 | |         }
    | |_________^
    |
    = help: for further information visit https://rust-lang.github.io/rust-clippy/rust-1.98.0/index.html#collapsible_if
help: collapse nested if block
    |
329 ~         if let Some(receipt) = &self.state.last_receipt
330 ~             && receipt.request.request_id == request.request_id {
331 |                 if receipt.request != *request {
...
348 |                 return Ok(response);
349 ~             }
    |

error: the `Err`-variant returned from this function is very large
  --> src/cli_assembly.rs:96:46
   |
96 | fn validate_component_count(count: usize) -> Result<(), AuthoringError> {
   |                                              ^^^^^^^^^^^^^^^^^^^^^^^^^^ the `Err`-variant is at least 152 bytes
   |
   = help: try reducing the size of `authoring_error::AuthoringError`, for example by boxing large elements or replacing it with `Box<authoring_error::AuthoringError>`
   = help: for further information visit https://rust-lang.github.io/rust-clippy/rust-1.98.0/index.html#result_large_err

error: the `Err`-variant returned from this function is very large
   --> src/cli_assembly.rs:105:68
    |
105 | fn canonical_component_digest(component: &CliComponentDocument) -> Result<String, AuthoringError> {
    |                                                                    ^^^^^^^^^^^^^^^^^^^^^^^^^^^^^^ the `Err`-variant is at least 152 bytes
    |
    = help: try reducing the size of `authoring_error::AuthoringError`, for example by boxing large elements or replacing it with `Box<authoring_error::AuthoringError>`
    = help: for further information visit https://rust-lang.github.io/rust-clippy/rust-1.98.0/index.html#result_large_err

error: the `Err`-variant returned from this function is very large
   --> src/cli_assembly.rs:120:69
    |
120 | fn validate_component_document(component: &CliComponentDocument) -> Result<(), AuthoringError> {
    |                                                                     ^^^^^^^^^^^^^^^^^^^^^^^^^^ the `Err`-variant is at least 152 bytes
    |
    = help: try reducing the size of `authoring_error::AuthoringError`, for example by boxing large elements or replacing it with `Box<authoring_error::AuthoringError>`
    = help: for further information visit https://rust-lang.github.io/rust-clippy/rust-1.98.0/index.html#result_large_err

error: the `Err`-variant returned from this function is very large
   --> src/cli_assembly.rs:148:62
    |
148 | fn validate_component_graph(sources: &CliAssemblySources) -> Result<(), AuthoringError> {
    |                                                              ^^^^^^^^^^^^^^^^^^^^^^^^^^ the `Err`-variant is at least 152 bytes
    |
    = help: try reducing the size of `authoring_error::AuthoringError`, for example by boxing large elements or replacing it with `Box<authoring_error::AuthoringError>`
    = help: for further information visit https://rust-lang.github.io/rust-clippy/rust-1.98.0/index.html#result_large_err

error: the `Err`-variant returned from this function is very large
   --> src/cli_assembly.rs:180:10
    |
180 |     ) -> Result<(), AuthoringError> {
    |          ^^^^^^^^^^^^^^^^^^^^^^^^^^ the `Err`-variant is at least 152 bytes
    |
    = help: try reducing the size of `authoring_error::AuthoringError`, for example by boxing large elements or replacing it with `Box<authoring_error::AuthoringError>`
    = help: for further information visit https://rust-lang.github.io/rust-clippy/rust-1.98.0/index.html#result_large_err

error: the `Err`-variant returned from this function is very large
   --> src/cli_assembly.rs:226:6
    |
226 | ) -> Result<CliDefinition, AuthoringError> {
    |      ^^^^^^^^^^^^^^^^^^^^^^^^^^^^^^^^^^^^^ the `Err`-variant is at least 152 bytes
    |
    = help: try reducing the size of `authoring_error::AuthoringError`, for example by boxing large elements or replacing it with `Box<authoring_error::AuthoringError>`
    = help: for further information visit https://rust-lang.github.io/rust-clippy/rust-1.98.0/index.html#result_large_err

error: the `Err`-variant returned from this function is very large
   --> src/cli_assembly.rs:308:60
    |
308 | pub fn assemble_cli_document(candidate: &DocumentValue) -> Result<DocumentValue, AuthoringError> {
    |                                                            ^^^^^^^^^^^^^^^^^^^^^^^^^^^^^^^^^^^^^ the `Err`-variant is at least 152 bytes
    |
    = help: try reducing the size of `authoring_error::AuthoringError`, for example by boxing large elements or replacing it with `Box<authoring_error::AuthoringError>`
    = help: for further information visit https://rust-lang.github.io/rust-clippy/rust-1.98.0/index.html#result_large_err

error: the `Err`-variant returned from this function is very large
   --> src/cli_assembly.rs:364:61
    |
364 | pub fn validate_cli_assembly(definition: &CliDefinition) -> Result<(), AuthoringError> {
    |                                                             ^^^^^^^^^^^^^^^^^^^^^^^^^^ the `Err`-variant is at least 152 bytes
    |
    = help: try reducing the size of `authoring_error::AuthoringError`, for example by boxing large elements or replacing it with `Box<authoring_error::AuthoringError>`
    = help: for further information visit https://rust-lang.github.io/rust-clippy/rust-1.98.0/index.html#result_large_err

error: the `Err`-variant returned from this function is very large
   --> src/cli_assembly.rs:381:6
    |
381 | ) -> Result<(), AuthoringError> {
    |      ^^^^^^^^^^^^^^^^^^^^^^^^^^ the `Err`-variant is at least 152 bytes
    |
    = help: try reducing the size of `authoring_error::AuthoringError`, for example by boxing large elements or replacing it with `Box<authoring_error::AuthoringError>`
    = help: for further information visit https://rust-lang.github.io/rust-clippy/rust-1.98.0/index.html#result_large_err

error: the `Err`-variant returned from this function is very large
   --> src/cli_composition.rs:101:6
    |
101 | ) -> Result<HandlerOutcome, AuthoringError> {
    |      ^^^^^^^^^^^^^^^^^^^^^^^^^^^^^^^^^^^^^^ the `Err`-variant is at least 152 bytes
    |
    = help: try reducing the size of `authoring_error::AuthoringError`, for example by boxing large elements or replacing it with `Box<authoring_error::AuthoringError>`
    = help: for further information visit https://rust-lang.github.io/rust-clippy/rust-1.98.0/index.html#result_large_err

error: the `Err`-variant returned from this function is very large
   --> src/cli_composition.rs:113:6
    |
113 | ) -> Result<HandlerOutcome, AuthoringError> {
    |      ^^^^^^^^^^^^^^^^^^^^^^^^^^^^^^^^^^^^^^ the `Err`-variant is at least 152 bytes
    |
    = help: try reducing the size of `authoring_error::AuthoringError`, for example by boxing large elements or replacing it with `Box<authoring_error::AuthoringError>`
    = help: for further information visit https://rust-lang.github.io/rust-clippy/rust-1.98.0/index.html#result_large_err

error: the `Err`-variant returned from this function is very large
   --> src/cli_composition.rs:141:6
    |
141 | ) -> Result<ActiveCliInterface, AuthoringError> {
    |      ^^^^^^^^^^^^^^^^^^^^^^^^^^^^^^^^^^^^^^^^^^ the `Err`-variant is at least 152 bytes
    |
    = help: try reducing the size of `authoring_error::AuthoringError`, for example by boxing large elements or replacing it with `Box<authoring_error::AuthoringError>`
    = help: for further information visit https://rust-lang.github.io/rust-clippy/rust-1.98.0/index.html#result_large_err

error: the `Err`-variant returned from this function is very large
   --> src/cli_composition.rs:169:6
    |
169 | ) -> Result<HandlerOutcome, AuthoringError> {
    |      ^^^^^^^^^^^^^^^^^^^^^^^^^^^^^^^^^^^^^^ the `Err`-variant is at least 152 bytes
    |
    = help: try reducing the size of `authoring_error::AuthoringError`, for example by boxing large elements or replacing it with `Box<authoring_error::AuthoringError>`
    = help: for further information visit https://rust-lang.github.io/rust-clippy/rust-1.98.0/index.html#result_large_err

error: the `Err`-variant returned from this function is very large
   --> src/cli_composition.rs:184:6
    |
184 | ) -> Result<HandlerOutcome, AuthoringError> {
    |      ^^^^^^^^^^^^^^^^^^^^^^^^^^^^^^^^^^^^^^ the `Err`-variant is at least 152 bytes
    |
    = help: try reducing the size of `authoring_error::AuthoringError`, for example by boxing large elements or replacing it with `Box<authoring_error::AuthoringError>`
    = help: for further information visit https://rust-lang.github.io/rust-clippy/rust-1.98.0/index.html#result_large_err

error: the `Err`-variant returned from this function is very large
   --> src/cli_composition.rs:198:6
    |
198 | ) -> Result<HandlerOutcome, AuthoringError> {
    |      ^^^^^^^^^^^^^^^^^^^^^^^^^^^^^^^^^^^^^^ the `Err`-variant is at least 152 bytes
    |
    = help: try reducing the size of `authoring_error::AuthoringError`, for example by boxing large elements or replacing it with `Box<authoring_error::AuthoringError>`
    = help: for further information visit https://rust-lang.github.io/rust-clippy/rust-1.98.0/index.html#result_large_err

error: the `Err`-variant returned from this function is very large
   --> src/cli_composition.rs:213:6
    |
213 | ) -> Result<HandlerOutcome, AuthoringError> {
    |      ^^^^^^^^^^^^^^^^^^^^^^^^^^^^^^^^^^^^^^ the `Err`-variant is at least 152 bytes
    |
    = help: try reducing the size of `authoring_error::AuthoringError`, for example by boxing large elements or replacing it with `Box<authoring_error::AuthoringError>`
    = help: for further information visit https://rust-lang.github.io/rust-clippy/rust-1.98.0/index.html#result_large_err

error: the `Err`-variant returned from this function is very large
   --> src/cli_composition.rs:234:6
    |
234 | ) -> Result<HandlerOutcome, AuthoringError> {
    |      ^^^^^^^^^^^^^^^^^^^^^^^^^^^^^^^^^^^^^^ the `Err`-variant is at least 152 bytes
    |
    = help: try reducing the size of `authoring_error::AuthoringError`, for example by boxing large elements or replacing it with `Box<authoring_error::AuthoringError>`
    = help: for further information visit https://rust-lang.github.io/rust-clippy/rust-1.98.0/index.html#result_large_err

error: the `Err`-variant returned from this function is very large
   --> src/cli_definition.rs:241:48
    |
241 | pub(crate) fn validate_cli_name(name: &str) -> Result<(), AuthoringError> {
    |                                                ^^^^^^^^^^^^^^^^^^^^^^^^^^ the `Err`-variant is at least 152 bytes
    |
    = help: try reducing the size of `authoring_error::AuthoringError`, for example by boxing large elements or replacing it with `Box<authoring_error::AuthoringError>`
    = help: for further information visit https://rust-lang.github.io/rust-clippy/rust-1.98.0/index.html#result_large_err

error: the `Err`-variant returned from this function is very large
   --> src/cli_definition.rs:255:37
    |
255 | fn validate_cli_help(help: &str) -> Result<(), AuthoringError> {
    |                                     ^^^^^^^^^^^^^^^^^^^^^^^^^^ the `Err`-variant is at least 152 bytes
    |
    = help: try reducing the size of `authoring_error::AuthoringError`, for example by boxing large elements or replacing it with `Box<authoring_error::AuthoringError>`
    = help: for further information visit https://rust-lang.github.io/rust-clippy/rust-1.98.0/index.html#result_large_err

error: the `Err`-variant returned from this function is very large
   --> src/cli_definition.rs:264:52
    |
264 | fn validate_mock_path(path: &[DocumentSegment]) -> Result<(), AuthoringError> {
    |                                                    ^^^^^^^^^^^^^^^^^^^^^^^^^^ the `Err`-variant is at least 152 bytes
    |
    = help: try reducing the size of `authoring_error::AuthoringError`, for example by boxing large elements or replacing it with `Box<authoring_error::AuthoringError>`
    = help: for further information visit https://rust-lang.github.io/rust-clippy/rust-1.98.0/index.html#result_large_err

error: the `Err`-variant returned from this function is very large
   --> src/cli_definition.rs:276:6
    |
276 | ) -> Result<(), AuthoringError> {
    |      ^^^^^^^^^^^^^^^^^^^^^^^^^^ the `Err`-variant is at least 152 bytes
    |
    = help: try reducing the size of `authoring_error::AuthoringError`, for example by boxing large elements or replacing it with `Box<authoring_error::AuthoringError>`
    = help: for further information visit https://rust-lang.github.io/rust-clippy/rust-1.98.0/index.html#result_large_err

error: the `Err`-variant returned from this function is very large
   --> src/cli_definition.rs:291:50
    |
291 |     pub fn parse_cli_definition(bytes: &[u8]) -> Result<Self, AuthoringError> {
    |                                                  ^^^^^^^^^^^^^^^^^^^^^^^^^^^^ the `Err`-variant is at least 152 bytes
    |
    = help: try reducing the size of `authoring_error::AuthoringError`, for example by boxing large elements or replacing it with `Box<authoring_error::AuthoringError>`
    = help: for further information visit https://rust-lang.github.io/rust-clippy/rust-1.98.0/index.html#result_large_err

error: the `Err`-variant returned from this function is very large
   --> src/cli_definition.rs:299:46
    |
299 |     pub fn validate_cli_definition(&self) -> Result<(), AuthoringError> {
    |                                              ^^^^^^^^^^^^^^^^^^^^^^^^^^ the `Err`-variant is at least 152 bytes
    |
    = help: try reducing the size of `authoring_error::AuthoringError`, for example by boxing large elements or replacing it with `Box<authoring_error::AuthoringError>`
    = help: for further information visit https://rust-lang.github.io/rust-clippy/rust-1.98.0/index.html#result_large_err

error: the `Err`-variant returned from this function is very large
  --> src/cli_file_read.rs:70:10
   |
70 |     ) -> Result<(), AuthoringError> {
   |          ^^^^^^^^^^^^^^^^^^^^^^^^^^ the `Err`-variant is at least 152 bytes
   |
   = help: try reducing the size of `authoring_error::AuthoringError`, for example by boxing large elements or replacing it with `Box<authoring_error::AuthoringError>`
   = help: for further information visit https://rust-lang.github.io/rust-clippy/rust-1.98.0/index.html#result_large_err

error: the `Err`-variant returned from this function is very large
   --> src/cli_file_read.rs:112:10
    |
112 |     ) -> Result<(DocumentValue, JsonFileReadObservation), AuthoringError> {
    |          ^^^^^^^^^^^^^^^^^^^^^^^^^^^^^^^^^^^^^^^^^^^^^^^^^^^^^^^^^^^^^^^^ the `Err`-variant is at least 152 bytes
    |
    = help: try reducing the size of `authoring_error::AuthoringError`, for example by boxing large elements or replacing it with `Box<authoring_error::AuthoringError>`
    = help: for further information visit https://rust-lang.github.io/rust-clippy/rust-1.98.0/index.html#result_large_err

error: the `Err`-variant returned from this function is very large
   --> src/cli_interface.rs:102:45
    |
102 |     pub fn validate_cli_interface(&self) -> Result<(), AuthoringError> {
    |                                             ^^^^^^^^^^^^^^^^^^^^^^^^^^ the `Err`-variant is at least 152 bytes
    |
    = help: try reducing the size of `authoring_error::AuthoringError`, for example by boxing large elements or replacing it with `Box<authoring_error::AuthoringError>`
    = help: for further information visit https://rust-lang.github.io/rust-clippy/rust-1.98.0/index.html#result_large_err

error: the `Err`-variant returned from this function is very large
   --> src/cli_interface.rs:174:54
    |
174 |     pub fn resolve_cli_command(&self, word: &str) -> Result<&CliCommand, AuthoringError> {
    |                                                      ^^^^^^^^^^^^^^^^^^^^^^^^^^^^^^^^^^^ the `Err`-variant is at least 152 bytes
    |
    = help: try reducing the size of `authoring_error::AuthoringError`, for example by boxing large elements or replacing it with `Box<authoring_error::AuthoringError>`
    = help: for further information visit https://rust-lang.github.io/rust-clippy/rust-1.98.0/index.html#result_large_err

error: the `Err`-variant returned from this function is very large
   --> src/cli_interface.rs:183:10
    |
183 |     ) -> Result<(&str, &CliCommand), AuthoringError> {
    |          ^^^^^^^^^^^^^^^^^^^^^^^^^^^^^^^^^^^^^^^^^^^ the `Err`-variant is at least 152 bytes
    |
    = help: try reducing the size of `authoring_error::AuthoringError`, for example by boxing large elements or replacing it with `Box<authoring_error::AuthoringError>`
    = help: for further information visit https://rust-lang.github.io/rust-clippy/rust-1.98.0/index.html#result_large_err

error: the `Err`-variant returned from this function is very large
   --> src/cli_interface.rs:222:58
    |
222 |     pub fn enter_cli_context(&mut self, target: &str) -> Result<(), AuthoringError> {
    |                                                          ^^^^^^^^^^^^^^^^^^^^^^^^^^ the `Err`-variant is at least 152 bytes
    |
    = help: try reducing the size of `authoring_error::AuthoringError`, for example by boxing large elements or replacing it with `Box<authoring_error::AuthoringError>`
    = help: for further information visit https://rust-lang.github.io/rust-clippy/rust-1.98.0/index.html#result_large_err

error: the `Err`-variant returned from this function is very large
   --> src/cli_interface.rs:247:10
    |
247 |     ) -> Result<BTreeMap<String, DocumentValue>, AuthoringError> {
    |          ^^^^^^^^^^^^^^^^^^^^^^^^^^^^^^^^^^^^^^^^^^^^^^^^^^^^^^^ the `Err`-variant is at least 152 bytes
    |
    = help: try reducing the size of `authoring_error::AuthoringError`, for example by boxing large elements or replacing it with `Box<authoring_error::AuthoringError>`
    = help: for further information visit https://rust-lang.github.io/rust-clippy/rust-1.98.0/index.html#result_large_err

error: the `Err`-variant returned from this closure is very large
   --> src/cli_interface.rs:264:18
    |
264 |               .map(|parameter| {
    |  __________________^
265 | |                 let value = values.get(&parameter.name).ok_or_else(|| {
266 | |                     invocation_arguments_error("CLI required argument is missing.")
267 | |                 })?;
...   |
283 | |                 Ok((parameter.name.clone(), value))
284 | |             })
    | |_____________^ the `Err`-variant is at least 152 bytes
    |
    = help: try reducing the size of `authoring_error::AuthoringError`, for example by boxing large elements or replacing it with `Box<authoring_error::AuthoringError>`
    = help: for further information visit https://rust-lang.github.io/rust-clippy/rust-1.98.0/index.html#result_large_err

error: the `Err`-variant returned from this function is very large
   --> src/cli_interface.rs:294:10
    |
294 |     ) -> Result<CliInvocationOutcome, AuthoringError> {
    |          ^^^^^^^^^^^^^^^^^^^^^^^^^^^^^^^^^^^^^^^^^^^^ the `Err`-variant is at least 152 bytes
    |
    = help: try reducing the size of `authoring_error::AuthoringError`, for example by boxing large elements or replacing it with `Box<authoring_error::AuthoringError>`
    = help: for further information visit https://rust-lang.github.io/rust-clippy/rust-1.98.0/index.html#result_large_err

error: the `Err`-variant returned from this function is very large
   --> src/cli_interface.rs:351:6
    |
351 | ) -> Result<DocumentValue, AuthoringError> {
    |      ^^^^^^^^^^^^^^^^^^^^^^^^^^^^^^^^^^^^^ the `Err`-variant is at least 152 bytes
    |
    = help: try reducing the size of `authoring_error::AuthoringError`, for example by boxing large elements or replacing it with `Box<authoring_error::AuthoringError>`
    = help: for further information visit https://rust-lang.github.io/rust-clippy/rust-1.98.0/index.html#result_large_err

error: the `Err`-variant returned from this function is very large
   --> src/cli_run_frontend.rs:163:6
    |
163 | ) -> Result<Option<AuthoringResponse>, AuthoringError> {
    |      ^^^^^^^^^^^^^^^^^^^^^^^^^^^^^^^^^^^^^^^^^^^^^^^^^ the `Err`-variant is at least 152 bytes
    |
    = help: try reducing the size of `authoring_error::AuthoringError`, for example by boxing large elements or replacing it with `Box<authoring_error::AuthoringError>`
    = help: for further information visit https://rust-lang.github.io/rust-clippy/rust-1.98.0/index.html#result_large_err

error: the `Err`-variant returned from this closure is very large
   --> src/cli_run_frontend.rs:173:17
    |
173 |       let exact = |count| {
    |  _________________^
174 | |         if tokens.len() == count {
175 | |             Ok(())
176 | |         } else {
...   |
181 | |     };
    | |_____^ the `Err`-variant is at least 152 bytes
    |
    = help: try reducing the size of `authoring_error::AuthoringError`, for example by boxing large elements or replacing it with `Box<authoring_error::AuthoringError>`
    = help: for further information visit https://rust-lang.github.io/rust-clippy/rust-1.98.0/index.html#result_large_err

error: this `if` statement can be collapsed
   --> src/cli_run_frontend.rs:277:5
    |
277 | /     if response.status == "ok" && response.mutation == "applied" && !response.replayed {
278 | |         if let Some(session) = session {
279 | |             session.runtime.before_response_delivery()?;
280 | |         }
281 | |     }
    | |_____^
    |
    = help: for further information visit https://rust-lang.github.io/rust-clippy/rust-1.98.0/index.html#collapsible_if
help: collapse nested if block
    |
277 ~     if response.status == "ok" && response.mutation == "applied" && !response.replayed
278 ~         && let Some(session) = session {
279 |             session.runtime.before_response_delivery()?;
280 ~         }
    |

error: the `Err`-variant returned from this closure is very large
   --> src/cli_run_frontend.rs:361:32
    |
361 |       let tokens = line.and_then(|bytes| {
    |  ________________________________^
362 | |         let line = std::str::from_utf8(&bytes)
363 | |             .map_err(|_| run_usage_error("Command input must be UTF-8."))?;
364 | |         tokenize_terminal_input(line)
365 | |     });
    | |_____^ the `Err`-variant is at least 152 bytes
    |
    = help: try reducing the size of `authoring_error::AuthoringError`, for example by boxing large elements or replacing it with `Box<authoring_error::AuthoringError>`
    = help: for further information visit https://rust-lang.github.io/rust-clippy/rust-1.98.0/index.html#result_large_err

error: the `Err`-variant returned from this function is very large
  --> src/cli_run_launcher.rs:24:6
   |
24 | ) -> Result<i32, AuthoringError> {
   |      ^^^^^^^^^^^^^^^^^^^^^^^^^^^ the `Err`-variant is at least 152 bytes
   |
   = help: try reducing the size of `authoring_error::AuthoringError`, for example by boxing large elements or replacing it with `Box<authoring_error::AuthoringError>`
   = help: for further information visit https://rust-lang.github.io/rust-clippy/rust-1.98.0/index.html#result_large_err

error: the `Err`-variant returned from this closure is very large
   --> src/cli_run_launcher.rs:103:14
    |
103 |           .map(|word| {
    |  ______________^
104 | |             let text = word
105 | |                 .into_string()
106 | |                 .map_err(|_| run_usage_error("Configured command arguments must be UTF-8."))?;
...   |
117 | |             })
118 | |         })
    | |_________^ the `Err`-variant is at least 152 bytes
    |
    = help: try reducing the size of `authoring_error::AuthoringError`, for example by boxing large elements or replacing it with `Box<authoring_error::AuthoringError>`
    = help: for further information visit https://rust-lang.github.io/rust-clippy/rust-1.98.0/index.html#result_large_err

error: the `Err`-variant returned from this function is very large
  --> src/cli_run_routes.rs:48:63
   |
48 |     pub fn from_cli_definition(definition: &CliDefinition) -> Result<Self, AuthoringError> {
   |                                                               ^^^^^^^^^^^^^^^^^^^^^^^^^^^^ the `Err`-variant is at least 152 bytes
   |
   = help: try reducing the size of `authoring_error::AuthoringError`, for example by boxing large elements or replacing it with `Box<authoring_error::AuthoringError>`
   = help: for further information visit https://rust-lang.github.io/rust-clippy/rust-1.98.0/index.html#result_large_err

error: the `Err`-variant returned from this function is very large
  --> src/cli_run_routes.rs:87:10
   |
87 |     ) -> Result<CliRunTarget, AuthoringError> {
   |          ^^^^^^^^^^^^^^^^^^^^^^^^^^^^^^^^^^^^ the `Err`-variant is at least 152 bytes
   |
   = help: try reducing the size of `authoring_error::AuthoringError`, for example by boxing large elements or replacing it with `Box<authoring_error::AuthoringError>`
   = help: for further information visit https://rust-lang.github.io/rust-clippy/rust-1.98.0/index.html#result_large_err

error: the `Err`-variant returned from this function is very large
  --> src/cli_run_session.rs:38:10
   |
38 |     ) -> Result<Self, AuthoringError> {
   |          ^^^^^^^^^^^^^^^^^^^^^^^^^^^^ the `Err`-variant is at least 152 bytes
   |
   = help: try reducing the size of `authoring_error::AuthoringError`, for example by boxing large elements or replacing it with `Box<authoring_error::AuthoringError>`
   = help: for further information visit https://rust-lang.github.io/rust-clippy/rust-1.98.0/index.html#result_large_err

error: the `Err`-variant returned from this function is very large
  --> src/cli_terminal.rs:15:6
   |
15 | ) -> Result<Value, AuthoringError> {
   |      ^^^^^^^^^^^^^^^^^^^^^^^^^^^^^ the `Err`-variant is at least 152 bytes
   |
   = help: try reducing the size of `authoring_error::AuthoringError`, for example by boxing large elements or replacing it with `Box<authoring_error::AuthoringError>`
   = help: for further information visit https://rust-lang.github.io/rust-clippy/rust-1.98.0/index.html#result_large_err

error: the `Err`-variant returned from this function is very large
  --> src/constraint_operations.rs:84:6
   |
84 | ) -> Result<&SchemaConstraint, AuthoringError> {
   |      ^^^^^^^^^^^^^^^^^^^^^^^^^^^^^^^^^^^^^^^^^ the `Err`-variant is at least 152 bytes
   |
   = help: try reducing the size of `authoring_error::AuthoringError`, for example by boxing large elements or replacing it with `Box<authoring_error::AuthoringError>`
   = help: for further information visit https://rust-lang.github.io/rust-clippy/rust-1.98.0/index.html#result_large_err

error: the `Err`-variant returned from this function is very large
  --> src/constraint_operations.rs:98:6
   |
98 | ) -> Result<HandlerOutcome, AuthoringError> {
   |      ^^^^^^^^^^^^^^^^^^^^^^^^^^^^^^^^^^^^^^ the `Err`-variant is at least 152 bytes
   |
   = help: try reducing the size of `authoring_error::AuthoringError`, for example by boxing large elements or replacing it with `Box<authoring_error::AuthoringError>`
   = help: for further information visit https://rust-lang.github.io/rust-clippy/rust-1.98.0/index.html#result_large_err

error: the `Err`-variant returned from this function is very large
   --> src/constraint_operations.rs:128:6
    |
128 | ) -> Result<HandlerOutcome, AuthoringError> {
    |      ^^^^^^^^^^^^^^^^^^^^^^^^^^^^^^^^^^^^^^ the `Err`-variant is at least 152 bytes
    |
    = help: try reducing the size of `authoring_error::AuthoringError`, for example by boxing large elements or replacing it with `Box<authoring_error::AuthoringError>`
    = help: for further information visit https://rust-lang.github.io/rust-clippy/rust-1.98.0/index.html#result_large_err

error: the `Err`-variant returned from this function is very large
   --> src/constraint_operations.rs:138:6
    |
138 | ) -> Result<HandlerOutcome, AuthoringError> {
    |      ^^^^^^^^^^^^^^^^^^^^^^^^^^^^^^^^^^^^^^ the `Err`-variant is at least 152 bytes
    |
    = help: try reducing the size of `authoring_error::AuthoringError`, for example by boxing large elements or replacing it with `Box<authoring_error::AuthoringError>`
    = help: for further information visit https://rust-lang.github.io/rust-clippy/rust-1.98.0/index.html#result_large_err

error: the `Err`-variant returned from this function is very large
   --> src/constraint_operations.rs:149:6
    |
149 | ) -> Result<HandlerOutcome, AuthoringError> {
    |      ^^^^^^^^^^^^^^^^^^^^^^^^^^^^^^^^^^^^^^ the `Err`-variant is at least 152 bytes
    |
    = help: try reducing the size of `authoring_error::AuthoringError`, for example by boxing large elements or replacing it with `Box<authoring_error::AuthoringError>`
    = help: for further information visit https://rust-lang.github.io/rust-clippy/rust-1.98.0/index.html#result_large_err

error: the `Err`-variant returned from this function is very large
   --> src/constraint_operations.rs:169:6
    |
169 | ) -> Result<HandlerOutcome, AuthoringError> {
    |      ^^^^^^^^^^^^^^^^^^^^^^^^^^^^^^^^^^^^^^ the `Err`-variant is at least 152 bytes
    |
    = help: try reducing the size of `authoring_error::AuthoringError`, for example by boxing large elements or replacing it with `Box<authoring_error::AuthoringError>`
    = help: for further information visit https://rust-lang.github.io/rust-clippy/rust-1.98.0/index.html#result_large_err

error: the `Err`-variant returned from this function is very large
  --> src/document_path.rs:69:6
   |
69 | ) -> Result<&'a DocumentValue, AuthoringError> {
   |      ^^^^^^^^^^^^^^^^^^^^^^^^^^^^^^^^^^^^^^^^^ the `Err`-variant is at least 152 bytes
   |
   = help: try reducing the size of `authoring_error::AuthoringError`, for example by boxing large elements or replacing it with `Box<authoring_error::AuthoringError>`
   = help: for further information visit https://rust-lang.github.io/rust-clippy/rust-1.98.0/index.html#result_large_err

error: the `Err`-variant returned from this function is very large
   --> src/document_path.rs:109:6
    |
109 | ) -> Result<&'a mut DocumentValue, AuthoringError> {
    |      ^^^^^^^^^^^^^^^^^^^^^^^^^^^^^^^^^^^^^^^^^^^^^ the `Err`-variant is at least 152 bytes
    |
    = help: try reducing the size of `authoring_error::AuthoringError`, for example by boxing large elements or replacing it with `Box<authoring_error::AuthoringError>`
    = help: for further information visit https://rust-lang.github.io/rust-clippy/rust-1.98.0/index.html#result_large_err

error: the `Err`-variant returned from this function is very large
   --> src/document_path.rs:149:6
    |
149 | ) -> Result<(), AuthoringError> {
    |      ^^^^^^^^^^^^^^^^^^^^^^^^^^ the `Err`-variant is at least 152 bytes
    |
    = help: try reducing the size of `authoring_error::AuthoringError`, for example by boxing large elements or replacing it with `Box<authoring_error::AuthoringError>`
    = help: for further information visit https://rust-lang.github.io/rust-clippy/rust-1.98.0/index.html#result_large_err

error: the `Err`-variant returned from this function is very large
   --> src/document_path.rs:188:6
    |
188 | ) -> Result<(), AuthoringError> {
    |      ^^^^^^^^^^^^^^^^^^^^^^^^^^ the `Err`-variant is at least 152 bytes
    |
    = help: try reducing the size of `authoring_error::AuthoringError`, for example by boxing large elements or replacing it with `Box<authoring_error::AuthoringError>`
    = help: for further information visit https://rust-lang.github.io/rust-clippy/rust-1.98.0/index.html#result_large_err

error: this `if` statement can be collapsed
   --> src/document_path.rs:207:5
    |
207 | /     if context.starts_with(array_path) {
208 | |         if let Some(DocumentSegment::Index { index: focused }) = context.get(array_path.len()) {
209 | |             if *focused >= index {
210 | |                 *context = array_path.to_vec();
...   |
213 | |     }
    | |_____^
    |
    = help: for further information visit https://rust-lang.github.io/rust-clippy/rust-1.98.0/index.html#collapsible_if
help: collapse nested if block
    |
207 ~     if context.starts_with(array_path)
208 ~         && let Some(DocumentSegment::Index { index: focused }) = context.get(array_path.len()) {
209 |             if *focused >= index {
210 |                 *context = array_path.to_vec();
211 |             }
212 ~         }
    |

error: this `if` statement can be collapsed
   --> src/document_path.rs:208:9
    |
208 | /         if let Some(DocumentSegment::Index { index: focused }) = context.get(array_path.len()) {
209 | |             if *focused >= index {
210 | |                 *context = array_path.to_vec();
211 | |             }
212 | |         }
    | |_________^
    |
    = help: for further information visit https://rust-lang.github.io/rust-clippy/rust-1.98.0/index.html#collapsible_if
help: collapse nested if block
    |
208 ~         if let Some(DocumentSegment::Index { index: focused }) = context.get(array_path.len())
209 ~             && *focused >= index {
210 |                 *context = array_path.to_vec();
211 ~             }
    |

error: the `Err`-variant returned from this function is very large
   --> src/document_path.rs:223:6
    |
223 | ) -> Result<(), AuthoringError> {
    |      ^^^^^^^^^^^^^^^^^^^^^^^^^^ the `Err`-variant is at least 152 bytes
    |
    = help: try reducing the size of `authoring_error::AuthoringError`, for example by boxing large elements or replacing it with `Box<authoring_error::AuthoringError>`
    = help: for further information visit https://rust-lang.github.io/rust-clippy/rust-1.98.0/index.html#result_large_err

error: the `Err`-variant returned from this function is very large
   --> src/document_path.rs:252:6
    |
252 | ) -> Result<(), AuthoringError> {
    |      ^^^^^^^^^^^^^^^^^^^^^^^^^^ the `Err`-variant is at least 152 bytes
    |
    = help: try reducing the size of `authoring_error::AuthoringError`, for example by boxing large elements or replacing it with `Box<authoring_error::AuthoringError>`
    = help: for further information visit https://rust-lang.github.io/rust-clippy/rust-1.98.0/index.html#result_large_err

error: the `Err`-variant returned from this function is very large
   --> src/document_path.rs:296:41
    |
296 | fn decode_pointer_token(token: &str) -> Result<String, AuthoringError> {
    |                                         ^^^^^^^^^^^^^^^^^^^^^^^^^^^^^^ the `Err`-variant is at least 152 bytes
    |
    = help: try reducing the size of `authoring_error::AuthoringError`, for example by boxing large elements or replacing it with `Box<authoring_error::AuthoringError>`
    = help: for further information visit https://rust-lang.github.io/rust-clippy/rust-1.98.0/index.html#result_large_err

error: the `Err`-variant returned from this function is very large
   --> src/document_path.rs:324:6
    |
324 | ) -> Result<DocumentPath, AuthoringError> {
    |      ^^^^^^^^^^^^^^^^^^^^^^^^^^^^^^^^^^^^ the `Err`-variant is at least 152 bytes
    |
    = help: try reducing the size of `authoring_error::AuthoringError`, for example by boxing large elements or replacing it with `Box<authoring_error::AuthoringError>`
    = help: for further information visit https://rust-lang.github.io/rust-clippy/rust-1.98.0/index.html#result_large_err

error: the `Err`-variant returned from this function is very large
   --> src/document_path.rs:423:6
    |
423 | ) -> Result<(), AuthoringError> {
    |      ^^^^^^^^^^^^^^^^^^^^^^^^^^ the `Err`-variant is at least 152 bytes
    |
    = help: try reducing the size of `authoring_error::AuthoringError`, for example by boxing large elements or replacing it with `Box<authoring_error::AuthoringError>`
    = help: for further information visit https://rust-lang.github.io/rust-clippy/rust-1.98.0/index.html#result_large_err

error: the `Err`-variant returned from this function is very large
   --> src/document_path.rs:445:6
    |
445 | ) -> Result<Vec<Value>, AuthoringError> {
    |      ^^^^^^^^^^^^^^^^^^^^^^^^^^^^^^^^^^ the `Err`-variant is at least 152 bytes
    |
    = help: try reducing the size of `authoring_error::AuthoringError`, for example by boxing large elements or replacing it with `Box<authoring_error::AuthoringError>`
    = help: for further information visit https://rust-lang.github.io/rust-clippy/rust-1.98.0/index.html#result_large_err

error: the `Err`-variant returned from this closure is very large
   --> src/document_path.rs:457:14
    |
457 |   ...   &mut |path, before, after| {
    |  ____________^
458 | | ...       changes.push_result_entry(json!({"path":DocumentPath::from_absolute(path.to_vec()),"before":value_side(before),"after":...
459 | | ...   },
    | |_______^ the `Err`-variant is at least 152 bytes
    |
    = help: try reducing the size of `authoring_error::AuthoringError`, for example by boxing large elements or replacing it with `Box<authoring_error::AuthoringError>`
    = help: for further information visit https://rust-lang.github.io/rust-clippy/rust-1.98.0/index.html#result_large_err

error: the `Err`-variant returned from this function is very large
   --> src/document_path.rs:468:6
    |
468 | ) -> Result<Vec<Value>, AuthoringError> {
    |      ^^^^^^^^^^^^^^^^^^^^^^^^^^^^^^^^^^ the `Err`-variant is at least 152 bytes
    |
    = help: try reducing the size of `authoring_error::AuthoringError`, for example by boxing large elements or replacing it with `Box<authoring_error::AuthoringError>`
    = help: for further information visit https://rust-lang.github.io/rust-clippy/rust-1.98.0/index.html#result_large_err

error: the `Err`-variant returned from this closure is very large
   --> src/document_path.rs:474:14
    |
474 |           &mut |path, _, _| {
    |  ______________^
475 | |             paths.push_result_entry(json!(DocumentPath::from_absolute(path.to_vec())))
476 | |         },
    | |_________^ the `Err`-variant is at least 152 bytes
    |
    = help: try reducing the size of `authoring_error::AuthoringError`, for example by boxing large elements or replacing it with `Box<authoring_error::AuthoringError>`
    = help: for further information visit https://rust-lang.github.io/rust-clippy/rust-1.98.0/index.html#result_large_err

error: the `Err`-variant returned from this function is very large
   --> src/document_value.rs:115:42
    |
115 |     pub fn parse_document(text: &str) -> Result<Self, AuthoringError> {
    |                                          ^^^^^^^^^^^^^^^^^^^^^^^^^^^^ the `Err`-variant is at least 152 bytes
    |
    = help: try reducing the size of `authoring_error::AuthoringError`, for example by boxing large elements or replacing it with `Box<authoring_error::AuthoringError>`
    = help: for further information visit https://rust-lang.github.io/rust-clippy/rust-1.98.0/index.html#result_large_err

error: the `Err`-variant returned from this function is very large
   --> src/document_value.rs:126:10
    |
126 |     ) -> Result<Self, AuthoringError> {
    |          ^^^^^^^^^^^^^^^^^^^^^^^^^^^^ the `Err`-variant is at least 152 bytes
    |
    = help: try reducing the size of `authoring_error::AuthoringError`, for example by boxing large elements or replacing it with `Box<authoring_error::AuthoringError>`
    = help: for further information visit https://rust-lang.github.io/rust-clippy/rust-1.98.0/index.html#result_large_err

error: the `Err`-variant returned from this closure is very large
   --> src/document_value.rs:149:30
    |
149 |                         .map(|value| Self::parse_raw_value(value, depth + 1, max_depth))
    |                              ^^^^^^^^^^^^^^^^^^^^^^^^^^^^^^^^^^^^^^^^^^^^^^^^^^^^^^^^^^ the `Err`-variant is at least 152 bytes
    |
    = help: try reducing the size of `authoring_error::AuthoringError`, for example by boxing large elements or replacing it with `Box<authoring_error::AuthoringError>`
    = help: for further information visit https://rust-lang.github.io/rust-clippy/rust-1.98.0/index.html#result_large_err

error: the `Err`-variant returned from this function is very large
   --> src/document_value.rs:183:47
    |
183 |     pub fn validate_document_limits(&self) -> Result<(), AuthoringError> {
    |                                               ^^^^^^^^^^^^^^^^^^^^^^^^^^ the `Err`-variant is at least 152 bytes
    |
    = help: try reducing the size of `authoring_error::AuthoringError`, for example by boxing large elements or replacing it with `Box<authoring_error::AuthoringError>`
    = help: for further information visit https://rust-lang.github.io/rust-clippy/rust-1.98.0/index.html#result_large_err

error: the `Err`-variant returned from this function is very large
   --> src/document_value.rs:184:57
    |
184 |         fn walk(value: &DocumentValue, depth: usize) -> Result<(), AuthoringError> {
    |                                                         ^^^^^^^^^^^^^^^^^^^^^^^^^^ the `Err`-variant is at least 152 bytes
    |
    = help: try reducing the size of `authoring_error::AuthoringError`, for example by boxing large elements or replacing it with `Box<authoring_error::AuthoringError>`
    = help: for further information visit https://rust-lang.github.io/rust-clippy/rust-1.98.0/index.html#result_large_err

error: the `Err`-variant returned from this function is very large
   --> src/document_value.rs:225:6
    |
225 | ) -> Result<T, AuthoringError> {
    |      ^^^^^^^^^^^^^^^^^^^^^^^^^ the `Err`-variant is at least 152 bytes
    |
    = help: try reducing the size of `authoring_error::AuthoringError`, for example by boxing large elements or replacing it with `Box<authoring_error::AuthoringError>`
    = help: for further information visit https://rust-lang.github.io/rust-clippy/rust-1.98.0/index.html#result_large_err

error: the `Err`-variant returned from this function is very large
   --> src/operation_definition.rs:201:10
    |
201 |     ) -> Result<Self, AuthoringError> {
    |          ^^^^^^^^^^^^^^^^^^^^^^^^^^^^ the `Err`-variant is at least 152 bytes
    |
    = help: try reducing the size of `authoring_error::AuthoringError`, for example by boxing large elements or replacing it with `Box<authoring_error::AuthoringError>`
    = help: for further information visit https://rust-lang.github.io/rust-clippy/rust-1.98.0/index.html#result_large_err

error: the `Err`-variant returned from this function is very large
   --> src/operation_definition.rs:255:56
    |
255 |     pub fn load_composition_definition(path: &Path) -> Result<Self, AuthoringError> {
    |                                                        ^^^^^^^^^^^^^^^^^^^^^^^^^^^^ the `Err`-variant is at least 152 bytes
    |
    = help: try reducing the size of `authoring_error::AuthoringError`, for example by boxing large elements or replacing it with `Box<authoring_error::AuthoringError>`
    = help: for further information visit https://rust-lang.github.io/rust-clippy/rust-1.98.0/index.html#result_large_err

error: the `Err`-variant returned from this function is very large
   --> src/operation_definition.rs:265:49
    |
265 |     pub fn embedded_composition_definition() -> Result<Self, AuthoringError> {
    |                                                 ^^^^^^^^^^^^^^^^^^^^^^^^^^^^ the `Err`-variant is at least 152 bytes
    |
    = help: try reducing the size of `authoring_error::AuthoringError`, for example by boxing large elements or replacing it with `Box<authoring_error::AuthoringError>`
    = help: for further information visit https://rust-lang.github.io/rust-clippy/rust-1.98.0/index.html#result_large_err

error: the `Err`-variant returned from this function is very large
   --> src/operation_definition.rs:269:48
    |
269 |     fn from_composition_bytes(bytes: &[u8]) -> Result<Self, AuthoringError> {
    |                                                ^^^^^^^^^^^^^^^^^^^^^^^^^^^^ the `Err`-variant is at least 152 bytes
    |
    = help: try reducing the size of `authoring_error::AuthoringError`, for example by boxing large elements or replacing it with `Box<authoring_error::AuthoringError>`
    = help: for further information visit https://rust-lang.github.io/rust-clippy/rust-1.98.0/index.html#result_large_err

error: the `Err`-variant returned from this function is very large
   --> src/operation_definition.rs:304:54
    |
304 |     pub fn load_operation_definition(path: &Path) -> Result<Self, AuthoringError> {
    |                                                      ^^^^^^^^^^^^^^^^^^^^^^^^^^^^ the `Err`-variant is at least 152 bytes
    |
    = help: try reducing the size of `authoring_error::AuthoringError`, for example by boxing large elements or replacing it with `Box<authoring_error::AuthoringError>`
    = help: for further information visit https://rust-lang.github.io/rust-clippy/rust-1.98.0/index.html#result_large_err

error: the `Err`-variant returned from this function is very large
   --> src/operation_definition.rs:317:10
    |
317 |     ) -> Result<Self, AuthoringError> {
    |          ^^^^^^^^^^^^^^^^^^^^^^^^^^^^ the `Err`-variant is at least 152 bytes
    |
    = help: try reducing the size of `authoring_error::AuthoringError`, for example by boxing large elements or replacing it with `Box<authoring_error::AuthoringError>`
    = help: for further information visit https://rust-lang.github.io/rust-clippy/rust-1.98.0/index.html#result_large_err

error: the `Err`-variant returned from this function is very large
   --> src/operation_definition.rs:517:10
    |
517 |     ) -> Result<HandlerArgumentKind, AuthoringError> {
    |          ^^^^^^^^^^^^^^^^^^^^^^^^^^^^^^^^^^^^^^^^^^^ the `Err`-variant is at least 152 bytes
    |
    = help: try reducing the size of `authoring_error::AuthoringError`, for example by boxing large elements or replacing it with `Box<authoring_error::AuthoringError>`
    = help: for further information visit https://rust-lang.github.io/rust-clippy/rust-1.98.0/index.html#result_large_err

error: the `Err`-variant returned from this function is very large
   --> src/operation_definition.rs:554:10
    |
554 |     ) -> Result<ValidatedArguments, AuthoringError> {
    |          ^^^^^^^^^^^^^^^^^^^^^^^^^^^^^^^^^^^^^^^^^^ the `Err`-variant is at least 152 bytes
    |
    = help: try reducing the size of `authoring_error::AuthoringError`, for example by boxing large elements or replacing it with `Box<authoring_error::AuthoringError>`
    = help: for further information visit https://rust-lang.github.io/rust-clippy/rust-1.98.0/index.html#result_large_err

error: the `Err`-variant returned from this function is very large
   --> src/operation_definition.rs:590:10
    |
590 |     ) -> Result<ValidatedArgument, AuthoringError> {
    |          ^^^^^^^^^^^^^^^^^^^^^^^^^^^^^^^^^^^^^^^^^ the `Err`-variant is at least 152 bytes
    |
    = help: try reducing the size of `authoring_error::AuthoringError`, for example by boxing large elements or replacing it with `Box<authoring_error::AuthoringError>`
    = help: for further information visit https://rust-lang.github.io/rust-clippy/rust-1.98.0/index.html#result_large_err

error: the `Err`-variant returned from this function is very large
   --> src/operation_definition.rs:672:10
    |
672 |     ) -> Result<HandlerOutcome, AuthoringError> {
    |          ^^^^^^^^^^^^^^^^^^^^^^^^^^^^^^^^^^^^^^ the `Err`-variant is at least 152 bytes
    |
    = help: try reducing the size of `authoring_error::AuthoringError`, for example by boxing large elements or replacing it with `Box<authoring_error::AuthoringError>`
    = help: for further information visit https://rust-lang.github.io/rust-clippy/rust-1.98.0/index.html#result_large_err

error: the `Err`-variant returned from this function is very large
   --> src/operation_definition.rs:677:57
    |
677 |     pub fn operation_help(&self, name: Option<&str>) -> Result<Value, AuthoringError> {
    |                                                         ^^^^^^^^^^^^^^^^^^^^^^^^^^^^^ the `Err`-variant is at least 152 bytes
    |
    = help: try reducing the size of `authoring_error::AuthoringError`, for example by boxing large elements or replacing it with `Box<authoring_error::AuthoringError>`
    = help: for further information visit https://rust-lang.github.io/rust-clippy/rust-1.98.0/index.html#result_large_err

error: the `Err`-variant returned from this function is very large
   --> src/operation_definition.rs:697:10
    |
697 |     ) -> Result<(), AuthoringError> {
    |          ^^^^^^^^^^^^^^^^^^^^^^^^^^ the `Err`-variant is at least 152 bytes
    |
    = help: try reducing the size of `authoring_error::AuthoringError`, for example by boxing large elements or replacing it with `Box<authoring_error::AuthoringError>`
    = help: for further information visit https://rust-lang.github.io/rust-clippy/rust-1.98.0/index.html#result_large_err

error: the `Err`-variant returned from this function is very large
   --> src/operation_definition.rs:890:50
    |
890 | pub fn parse_value_constructor(value: &Value) -> Result<DocumentValue, AuthoringError> {
    |                                                  ^^^^^^^^^^^^^^^^^^^^^^^^^^^^^^^^^^^^^ the `Err`-variant is at least 152 bytes
    |
    = help: try reducing the size of `authoring_error::AuthoringError`, for example by boxing large elements or replacing it with `Box<authoring_error::AuthoringError>`
    = help: for further information visit https://rust-lang.github.io/rust-clippy/rust-1.98.0/index.html#result_large_err

error: the `Err`-variant returned from this function is very large
   --> src/schema_constraint.rs:157:65
    |
157 | fn validate_number_bounds(value: &DocumentValue, path: &str) -> Result<(), AuthoringError> {
    |                                                                 ^^^^^^^^^^^^^^^^^^^^^^^^^^ the `Err`-variant is at least 152 bytes
    |
    = help: try reducing the size of `authoring_error::AuthoringError`, for example by boxing large elements or replacing it with `Box<authoring_error::AuthoringError>`
    = help: for further information visit https://rust-lang.github.io/rust-clippy/rust-1.98.0/index.html#result_large_err

error: the `Err`-variant returned from this function is very large
   --> src/schema_constraint.rs:191:6
    |
191 | ) -> Result<(), AuthoringError> {
    |      ^^^^^^^^^^^^^^^^^^^^^^^^^^ the `Err`-variant is at least 152 bytes
    |
    = help: try reducing the size of `authoring_error::AuthoringError`, for example by boxing large elements or replacing it with `Box<authoring_error::AuthoringError>`
    = help: for further information visit https://rust-lang.github.io/rust-clippy/rust-1.98.0/index.html#result_large_err

error: can be more succinctly written as a byte str
   --> src/schema_constraint.rs:226:53
    |
226 |                     .any(|pair| pair[0] == b'~' && ![b'0', b'1'].contains(&pair[1]))
    |                                                     ^^^^^^^^^^^^ help: try: `b"01"`
    |
    = help: for further information visit https://rust-lang.github.io/rust-clippy/rust-1.98.0/index.html#byte_char_slices
    = note: `-D clippy::byte-char-slices` implied by `-D warnings`
    = help: to override `-D warnings` add `#[allow(clippy::byte_char_slices)]`

error: the `Err`-variant returned from this function is very large
   --> src/schema_constraint.rs:275:6
    |
275 | ) -> Result<(), AuthoringError> {
    |      ^^^^^^^^^^^^^^^^^^^^^^^^^^ the `Err`-variant is at least 152 bytes
    |
    = help: try reducing the size of `authoring_error::AuthoringError`, for example by boxing large elements or replacing it with `Box<authoring_error::AuthoringError>`
    = help: for further information visit https://rust-lang.github.io/rust-clippy/rust-1.98.0/index.html#result_large_err

error: the `Err`-variant returned from this function is very large
   --> src/schema_constraint.rs:299:6
    |
299 | ) -> Result<jsonschema::Validator, AuthoringError> {
    |      ^^^^^^^^^^^^^^^^^^^^^^^^^^^^^^^^^^^^^^^^^^^^^ the `Err`-variant is at least 152 bytes
    |
    = help: try reducing the size of `authoring_error::AuthoringError`, for example by boxing large elements or replacing it with `Box<authoring_error::AuthoringError>`
    = help: for further information visit https://rust-lang.github.io/rust-clippy/rust-1.98.0/index.html#result_large_err

error: the `Err`-variant returned from this function is very large
   --> src/schema_constraint.rs:346:59
    |
346 |     pub fn from_schema_document(schema: DocumentValue) -> Result<Self, AuthoringError> {
    |                                                           ^^^^^^^^^^^^^^^^^^^^^^^^^^^^ the `Err`-variant is at least 152 bytes
    |
    = help: try reducing the size of `authoring_error::AuthoringError`, for example by boxing large elements or replacing it with `Box<authoring_error::AuthoringError>`
    = help: for further information visit https://rust-lang.github.io/rust-clippy/rust-1.98.0/index.html#result_large_err

error: the `Err`-variant returned from this function is very large
   --> src/schema_constraint.rs:369:51
    |
369 |     pub fn validate_constraint_snapshot(&self) -> Result<(), AuthoringError> {
    |                                                   ^^^^^^^^^^^^^^^^^^^^^^^^^^ the `Err`-variant is at least 152 bytes
    |
    = help: try reducing the size of `authoring_error::AuthoringError`, for example by boxing large elements or replacing it with `Box<authoring_error::AuthoringError>`
    = help: for further information visit https://rust-lang.github.io/rust-clippy/rust-1.98.0/index.html#result_large_err

error: the `Err`-variant returned from this function is very large
   --> src/schema_constraint.rs:393:10
    |
393 |     ) -> Result<SchemaValidationReport, AuthoringError> {
    |          ^^^^^^^^^^^^^^^^^^^^^^^^^^^^^^^^^^^^^^^^^^^^^^ the `Err`-variant is at least 152 bytes
    |
    = help: try reducing the size of `authoring_error::AuthoringError`, for example by boxing large elements or replacing it with `Box<authoring_error::AuthoringError>`
    = help: for further information visit https://rust-lang.github.io/rust-clippy/rust-1.98.0/index.html#result_large_err

error: the `Err`-variant returned from this function is very large
   --> src/schema_constraint.rs:413:71
    |
413 |     pub fn require_valid_instance(&self, document: &DocumentValue) -> Result<(), AuthoringError> {
    |                                                                       ^^^^^^^^^^^^^^^^^^^^^^^^^^ the `Err`-variant is at least 152 bytes
    |
    = help: try reducing the size of `authoring_error::AuthoringError`, for example by boxing large elements or replacing it with `Box<authoring_error::AuthoringError>`
    = help: for further information visit https://rust-lang.github.io/rust-clippy/rust-1.98.0/index.html#result_large_err

error: the `Err`-variant returned from this function is very large
   --> src/schema_guidance.rs:201:6
    |
201 | ) -> Result<SchemaPathGuidance, AuthoringError> {
    |      ^^^^^^^^^^^^^^^^^^^^^^^^^^^^^^^^^^^^^^^^^^ the `Err`-variant is at least 152 bytes
    |
    = help: try reducing the size of `authoring_error::AuthoringError`, for example by boxing large elements or replacing it with `Box<authoring_error::AuthoringError>`
    = help: for further information visit https://rust-lang.github.io/rust-clippy/rust-1.98.0/index.html#result_large_err

error: the `Err`-variant returned from this function is very large
  --> src/session_storage.rs:34:6
   |
34 | ) -> Result<(), AuthoringError> {
   |      ^^^^^^^^^^^^^^^^^^^^^^^^^^ the `Err`-variant is at least 152 bytes
   |
   = help: try reducing the size of `authoring_error::AuthoringError`, for example by boxing large elements or replacing it with `Box<authoring_error::AuthoringError>`
   = help: for further information visit https://rust-lang.github.io/rust-clippy/rust-1.98.0/index.html#result_large_err

error: the `Err`-variant returned from this function is very large
  --> src/session_storage.rs:55:54
   |
55 | fn canonical_target_path(path: &Path, code: &str) -> Result<PathBuf, AuthoringError> {
   |                                                      ^^^^^^^^^^^^^^^^^^^^^^^^^^^^^^^ the `Err`-variant is at least 152 bytes
   |
   = help: try reducing the size of `authoring_error::AuthoringError`, for example by boxing large elements or replacing it with `Box<authoring_error::AuthoringError>`
   = help: for further information visit https://rust-lang.github.io/rust-clippy/rust-1.98.0/index.html#result_large_err

error: the `Err`-variant returned from this function is very large
  --> src/session_storage.rs:84:6
   |
84 | ) -> Result<Vec<u8>, AuthoringError> {
   |      ^^^^^^^^^^^^^^^^^^^^^^^^^^^^^^^ the `Err`-variant is at least 152 bytes
   |
   = help: try reducing the size of `authoring_error::AuthoringError`, for example by boxing large elements or replacing it with `Box<authoring_error::AuthoringError>`
   = help: for further information visit https://rust-lang.github.io/rust-clippy/rust-1.98.0/index.html#result_large_err

error: the `Err`-variant returned from this function is very large
   --> src/session_storage.rs:153:10
    |
153 |     ) -> Result<Self, AuthoringError> {
    |          ^^^^^^^^^^^^^^^^^^^^^^^^^^^^ the `Err`-variant is at least 152 bytes
    |
    = help: try reducing the size of `authoring_error::AuthoringError`, for example by boxing large elements or replacing it with `Box<authoring_error::AuthoringError>`
    = help: for further information visit https://rust-lang.github.io/rust-clippy/rust-1.98.0/index.html#result_large_err

error: the `Err`-variant returned from this function is very large
   --> src/session_storage.rs:197:50
    |
197 |     pub fn read_session_checkpoint(&mut self) -> Result<Vec<u8>, AuthoringError> {
    |                                                  ^^^^^^^^^^^^^^^^^^^^^^^^^^^^^^^ the `Err`-variant is at least 152 bytes
    |
    = help: try reducing the size of `authoring_error::AuthoringError`, for example by boxing large elements or replacing it with `Box<authoring_error::AuthoringError>`
    = help: for further information visit https://rust-lang.github.io/rust-clippy/rust-1.98.0/index.html#result_large_err

error: the `Err`-variant returned from this function is very large
   --> src/session_storage.rs:204:54
    |
204 |     pub fn synchronize_reopened_checkpoint(&self) -> Result<(), AuthoringError> {
    |                                                      ^^^^^^^^^^^^^^^^^^^^^^^^^^ the `Err`-variant is at least 152 bytes
    |
    = help: try reducing the size of `authoring_error::AuthoringError`, for example by boxing large elements or replacing it with `Box<authoring_error::AuthoringError>`
    = help: for further information visit https://rust-lang.github.io/rust-clippy/rust-1.98.0/index.html#result_large_err

error: the `Err`-variant returned from this function is very large
   --> src/session_storage.rs:220:50
    |
220 |     pub fn verify_unchanged_checkpoint(&self) -> Result<(), AuthoringError> {
    |                                                  ^^^^^^^^^^^^^^^^^^^^^^^^^^ the `Err`-variant is at least 152 bytes
    |
    = help: try reducing the size of `authoring_error::AuthoringError`, for example by boxing large elements or replacing it with `Box<authoring_error::AuthoringError>`
    = help: for further information visit https://rust-lang.github.io/rust-clippy/rust-1.98.0/index.html#result_large_err

error: the `Err`-variant returned from this function is very large
   --> src/session_storage.rs:235:10
    |
235 |     ) -> Result<(), AuthoringError> {
    |          ^^^^^^^^^^^^^^^^^^^^^^^^^^ the `Err`-variant is at least 152 bytes
    |
    = help: try reducing the size of `authoring_error::AuthoringError`, for example by boxing large elements or replacing it with `Box<authoring_error::AuthoringError>`
    = help: for further information visit https://rust-lang.github.io/rust-clippy/rust-1.98.0/index.html#result_large_err

error: the `Err`-variant returned from this function is very large
   --> src/session_storage.rs:294:10
    |
294 |     ) -> Result<Value, AuthoringError> {
    |          ^^^^^^^^^^^^^^^^^^^^^^^^^^^^^ the `Err`-variant is at least 152 bytes
    |
    = help: try reducing the size of `authoring_error::AuthoringError`, for example by boxing large elements or replacing it with `Box<authoring_error::AuthoringError>`
    = help: for further information visit https://rust-lang.github.io/rust-clippy/rust-1.98.0/index.html#result_large_err

error: the `Err`-variant returned from this function is very large
  --> src/storage_faults.rs:23:39
   |
23 |     pub fn from_test_environment() -> Result<Self, AuthoringError> {
   |                                       ^^^^^^^^^^^^^^^^^^^^^^^^^^^^ the `Err`-variant is at least 152 bytes
   |
   = help: try reducing the size of `authoring_error::AuthoringError`, for example by boxing large elements or replacing it with `Box<authoring_error::AuthoringError>`
   = help: for further information visit https://rust-lang.github.io/rust-clippy/rust-1.98.0/index.html#result_large_err

error: this `if` statement can be collapsed
  --> src/terminal_completion.rs:76:9
   |
76 | /         if let Some(constraint) = &snapshot.active_constraint {
77 | |             if let Ok(guidance) = crate::schema_guidance::describe_schema_path(
78 | |                 constraint,
79 | |                 &path.absolute_segments(&snapshot.context),
...  |
92 | |         }
   | |_________^
   |
   = help: for further information visit https://rust-lang.github.io/rust-clippy/rust-1.98.0/index.html#collapsible_if
help: collapse nested if block
   |
76 ~         if let Some(constraint) = &snapshot.active_constraint
77 ~             && let Ok(guidance) = crate::schema_guidance::describe_schema_path(
78 |                 constraint,
...
90 |                 }
91 ~             }
   |

error: the `Err`-variant returned from this function is very large
  --> src/terminal_input.rs:71:47
   |
71 | pub fn tokenize_terminal_input(line: &str) -> Result<Vec<TerminalToken>, AuthoringError> {
   |                                               ^^^^^^^^^^^^^^^^^^^^^^^^^^^^^^^^^^^^^^^^^^ the `Err`-variant is at least 152 bytes
   |
   = help: try reducing the size of `authoring_error::AuthoringError`, for example by boxing large elements or replacing it with `Box<authoring_error::AuthoringError>`
   = help: for further information visit https://rust-lang.github.io/rust-clippy/rust-1.98.0/index.html#result_large_err

error: the `Err`-variant returned from this function is very large
   --> src/terminal_input.rs:152:6
    |
152 | ) -> Result<AuthoringRequest, AuthoringError> {
    |      ^^^^^^^^^^^^^^^^^^^^^^^^^^^^^^^^^^^^^^^^ the `Err`-variant is at least 152 bytes
    |
    = help: try reducing the size of `authoring_error::AuthoringError`, for example by boxing large elements or replacing it with `Box<authoring_error::AuthoringError>`
    = help: for further information visit https://rust-lang.github.io/rust-clippy/rust-1.98.0/index.html#result_large_err

error: this `if` statement can be collapsed
   --> src/terminal_input.rs:345:17
    |
345 | /                 if let Some(pending) = &mut self.pending {
346 | |                     if pending.first_error.is_none() {
347 | |                         pending.first_error =
348 | |                             Some(error.clone().at_batch_index(pending.edits.len()));
349 | |                     }
350 | |                 }
    | |_________________^
    |
    = help: for further information visit https://rust-lang.github.io/rust-clippy/rust-1.98.0/index.html#collapsible_if
help: collapse nested if block
    |
345 ~                 if let Some(pending) = &mut self.pending
346 ~                     && pending.first_error.is_none() {
347 |                         pending.first_error =
348 |                             Some(error.clone().at_batch_index(pending.edits.len()));
349 ~                     }
    |

error: the `Err`-variant returned from this closure is very large
   --> src/terminal_input.rs:384:37
    |
384 |                 let compile = || -> Result<(Value, SessionCheckpoint), AuthoringError> {
    |                                     ^^^^^^^^^^^^^^^^^^^^^^^^^^^^^^^^^^^^^^^^^^^^^^^^^^ the `Err`-variant is at least 152 bytes
    |
    = help: try reducing the size of `authoring_error::AuthoringError`, for example by boxing large elements or replacing it with `Box<authoring_error::AuthoringError>`
    = help: for further information visit https://rust-lang.github.io/rust-clippy/rust-1.98.0/index.html#result_large_err

error: could not compile `programmable-cli` (lib test) due to 139 previous errors
warning: build failed, waiting for other jobs to finish...
error: could not compile `programmable-cli` (lib) due to 139 previous errors
