Cargo.toml: OK
Cargo.lock: OK
src/authoring_error.rs: OK
src/authoring_frontend.rs: OK
src/authoring_operations.rs: OK
src/authoring_protocol.rs: OK
src/authoring_result.rs: OK
src/authoring_runtime.rs: OK
src/cli_assembly.rs: OK
src/cli_composition.rs: OK
src/cli_definition.rs: OK
src/cli_interface.rs: OK
src/cli_terminal.rs: OK
src/cli_verb_tree.rs: OK
src/constraint_operations.rs: OK
src/document_path.rs: OK
src/document_value.rs: OK
src/kernel_profile.rs: OK
src/lib.rs: OK
src/main.rs: OK
src/operation_definition.rs: OK
src/schema_constraint.rs: OK
src/schema_guidance.rs: OK
src/session_storage.rs: OK
src/storage_faults.rs: OK
src/terminal_completion.rs: OK
src/terminal_input.rs: OK
tests/authoring_acceptance.rs: OK
tests/authoring_discovery.rs: OK
tests/authoring_fixture/mod.rs: OK
tests/authoring_limits.rs: OK
tests/authoring_recovery.rs: OK
tests/cli_assembly.rs: OK
tests/cli_composition.rs: OK
tests/cli_verb_tree.rs: OK
tests/continuation_trials.rs: OK
tests/document_import.rs: OK
tests/fixtures/changed_argument.rs: OK
tests/fixtures/extra_handler.rs: OK
tests/fixtures/handler_contract_probe.rs: OK
tests/fixtures/missing_handler.rs: OK
tests/schema_constraints.rs: OK
tools/continuation/main.rs: OK
tools/continuation/receiver.rs: OK
tools/continuation/trial_comparison.rs: OK
tools/continuation/trial_manifest.rs: OK
tools/continuation/trial_oracle.rs: OK
tools/continuation/trial_package.rs: OK
tools/continuation/trial_process.rs: OK
tools/continuation/trial_rehearsal.rs: OK
tools/continuation/trial_text_edit.rs: OK
docs/authoring/operations.json: OK
docs/composition/operations.json: OK
docs/components/acceptance/TASK.md: OK
docs/components/acceptance/assembly.commands: OK
docs/components/acceptance/queues.commands: OK
docs/components/acceptance/services.commands: OK
docs/components/acceptance/assembly.expected.json: OK
docs/components/acceptance/queues.expected.json: OK
docs/components/acceptance/services.expected.json: OK
target/release/cli: OK
docs/evidence/component-assembly/walkthrough/assembly-input.commands: OK
docs/evidence/component-assembly/walkthrough/assembly/.assembly.session.json.lock: OK
docs/evidence/component-assembly/walkthrough/assembly/assembly.json: OK
docs/evidence/component-assembly/walkthrough/assembly/assembly.jsonl: OK
docs/evidence/component-assembly/walkthrough/assembly/assembly.session.json: OK
docs/evidence/component-assembly/walkthrough/assembly/worker-platform.json: OK
docs/evidence/component-assembly/walkthrough/consumer/.use.session.json.lock: OK
docs/evidence/component-assembly/walkthrough/consumer/TASK.txt: OK
docs/evidence/component-assembly/walkthrough/consumer/interface.json: OK
docs/evidence/component-assembly/walkthrough/consumer/resumed.jsonl: OK
docs/evidence/component-assembly/walkthrough/consumer/same-definition.json: OK
docs/evidence/component-assembly/walkthrough/consumer/spec.source.json: OK
docs/evidence/component-assembly/walkthrough/consumer/use.jsonl: OK
docs/evidence/component-assembly/walkthrough/consumer/use.session.json: OK
docs/evidence/component-assembly/walkthrough/queues/.author.session.json.lock: OK
docs/evidence/component-assembly/walkthrough/queues/author.jsonl: OK
docs/evidence/component-assembly/walkthrough/queues/author.session.json: OK
docs/evidence/component-assembly/walkthrough/queues/queues.component.json: OK
docs/evidence/component-assembly/walkthrough/services/.author.session.json.lock: OK
docs/evidence/component-assembly/walkthrough/services/author.jsonl: OK
docs/evidence/component-assembly/walkthrough/services/author.session.json: OK
docs/evidence/component-assembly/walkthrough/services/services.component.json: OK
docs/evidence/component-assembly/walkthrough/source-archive/queues.component.json: OK
docs/evidence/component-assembly/walkthrough/source-archive/services.component.json: OK
README.md: OK
VISION.md: OK
docs/ARCHITECTURE.md: OK
docs/BOARD.md: OK
docs/BACKLOG.md: OK
docs/resume-work.md: OK
docs/reuse/CLI-005.md: OK
docs/composition/USE.md: OK
docs/composition/CONTRACT.md: OK
docs/scaffold-workflow.md: OK
docs/components/CONTRACT.md: OK
docs/components/AXIOM-AUDIT.md: OK
docs/components/USE.md: OK
docs/components/RESULTS.md: OK
docs/context/cli-005-assembly-approval.json: OK
docs/evidence/component-assembly/verification.json: OK
docs/evidence/cli-005/verification.json: OK
true
true
