   Compiling proc-macro2 v1.0.107
   Compiling unicode-ident v1.0.24
   Compiling quote v1.0.47
   Compiling libc v0.2.189
   Compiling serde_core v1.0.229
   Compiling autocfg v1.5.1
   Compiling cfg-if v1.0.4
   Compiling version_check v0.9.5
   Compiling memchr v2.8.3
   Compiling serde v1.0.229
   Compiling parking_lot_core v0.9.12
   Compiling generic-array v0.14.7
   Compiling smallvec v1.16.0
   Compiling getrandom v0.3.4
   Compiling zerocopy v0.8.56
   Compiling num-traits v0.2.19
   Compiling scopeguard v1.2.0
   Compiling zmij v1.0.23
   Compiling lock_api v0.4.14
   Compiling ahash v0.8.12
   Compiling typenum v1.20.1
   Compiling rustix v1.1.4
   Compiling syn v3.0.5
   Compiling syn v2.0.119
   Compiling ref-cast v1.0.27
   Compiling signal-hook v0.3.18
   Compiling unicode-segmentation v1.13.3
   Compiling num-integer v0.1.47
   Compiling errno v0.3.14
   Compiling serde_json v1.0.151
   Compiling regex-syntax v0.8.11
   Compiling convert_case v0.10.0
   Compiling num-bigint v0.4.8
   Compiling parking_lot v0.12.5
   Compiling num-iter v0.1.46
   Compiling signal-hook-registry v1.4.8
   Compiling num-complex v0.4.6
   Compiling bitflags v2.13.1
   Compiling aho-corasick v1.1.5
   Compiling linux-raw-sys v0.12.1
   Compiling itoa v1.0.18
   Compiling serde_derive v1.0.229
   Compiling ref-cast-impl v1.0.27
   Compiling num-rational v0.4.2
   Compiling once_cell v1.21.4
   Compiling heck v0.5.0
   Compiling log v0.4.34
   Compiling strum_macros v0.28.0
   Compiling mio v1.2.3
   Compiling regex-automata v0.4.18
   Compiling num v0.4.3
   Compiling derive_more-impl v2.1.1
   Compiling allocator-api2 v0.2.21
   Compiling equivalent v1.0.2
   Compiling bit-vec v0.8.0
   Compiling thiserror v2.0.20
   Compiling unicode-general-category v1.1.0
   Compiling foldhash v0.2.0
   Compiling borrow-or-share v0.2.4
   Compiling getrandom v0.4.3
   Compiling litrs v1.0.0
   Compiling fluent-uri v0.4.1
   Compiling hashbrown v0.17.1
   Compiling document-features v0.2.12
   Compiling bit-set v0.8.0
   Compiling signal-hook-mio v0.2.5
   Compiling derive_more v2.1.1
   Compiling strum v0.28.0
   Compiling fraction v0.17.0
   Compiling thiserror-impl v2.0.20
   Compiling block-buffer v0.10.4
   Compiling crypto-common v0.1.7
   Compiling vte v0.14.1
   Compiling outref v0.5.2
   Compiling vsimd v0.8.0
   Compiling bytecount v0.6.9
   Compiling either v1.18.0
   Compiling percent-encoding v2.3.2
   Compiling iana-time-zone v0.1.65
   Compiling micromap v0.3.0
   Compiling num-cmp v0.1.0
   Compiling chrono v0.4.45
   Compiling referencing v0.55.0
   Compiling uuid-simd v0.8.0
   Compiling jsonschema-value v0.55.0
   Compiling itertools v0.15.0
   Compiling strip-ansi-escapes v0.2.1
   Compiling digest v0.10.7
   Compiling crossterm v0.29.0
   Compiling fancy-regex v0.19.1
   Compiling regex v1.13.1
   Compiling fd-lock v4.0.4
   Compiling email_address v0.2.9
   Compiling jsonschema-regex v0.55.0
   Compiling cpufeatures v0.2.17
   Compiling unicase v2.9.0
   Compiling unicode-width v0.2.2
   Compiling nu-ansi-term v0.50.3
   Compiling data-encoding v2.11.1
   Compiling reedline v0.51.0
   Compiling sha2 v0.10.9
   Compiling jsonschema v0.55.0
   Compiling uuid v1.26.0
   Compiling programmable-cli v0.1.0 (/home/apnex/taceng/cli)
    Finished `release` profile [optimized] target(s) in 1m 29s
{
  "actor": "scripted producer",
  "artifact_bytes": {
    "CATALOG-TASK.md": 2291,
    "START.md": 3748,
    "TASK.md": 4589,
    "abandoned-request.json": 239,
    "cli": 11036136,
    "handover.session.json": 12557,
    "incompatible-operations.json": 8722,
    "operations.json": 8721,
    "queue-policy.json": 538,
    "receiver": 10263104,
    "source.session.json": 12493
  },
  "directory": "/home/apnex/taceng/cli/target/continuation-RaWVd8/rehearsal",
  "elapsed_preparation_ms": "1942",
  "fresh_actor_trial": "not-run",
  "manifest_bytes": 4078,
  "partial_extension": {
    "actor_reasoning_time": null,
    "applied": 16,
    "elapsed_process_ms": "216",
    "exit_code": 0,
    "failures": 0,
    "input_bytes": 538,
    "output_bytes": 20923,
    "presentation": "terminal",
    "requests": 16,
    "started_unix_ms": "1788905559660",
    "token_use": null
  },
  "policy_construction": {
    "actor_reasoning_time": null,
    "applied": 48,
    "elapsed_process_ms": "460",
    "exit_code": 0,
    "failures": 0,
    "input_bytes": 1220,
    "output_bytes": 37891,
    "presentation": "terminal",
    "requests": 49,
    "started_unix_ms": "1788905558054",
    "token_use": null
  },
  "reuse_scope": "Complete catalog definition and checkpoint, extended into a second task; no general component resolver.",
  "source_asset_construction": {
    "actor_reasoning_time": null,
    "applied": 113,
    "elapsed_process_ms": "1144",
    "exit_code": 0,
    "failures": 0,
    "input_bytes": 3157,
    "output_bytes": 83055,
    "presentation": "terminal",
    "requests": 114,
    "started_unix_ms": "1788905558515",
    "token_use": null
  },
  "status": "prepared",
  "targeted_edit_comparison": "not-run",
  "timing_scope": "Includes source and policy construction, partial extension, file copying, executable hashing, and manifest creation; excludes compilation.",
  "token_use": null
}
{
  "actor": "scripted; not a fresh actor",
  "status": "rehearsed"
}
{
  "definition_bytes": 2490,
  "fresh_actor_attestation": null,
  "interaction": {
    "actor_elapsed_ms": null,
    "elapsed_process_ms": "811",
    "elapsed_receiver_ms": "144",
    "errors": {
      "DEFINITION_MISMATCH": 1,
      "REVISION_CONFLICT": 1,
      "SCHEMA_VIOLATION": 1
    },
    "human_interventions": null,
    "input_bytes": 2129,
    "input_lines": 77,
    "operation_responses": 78,
    "operations": {
      "activate": 1,
      "append": 6,
      "commit": 2,
      "delete": 1,
      "diff": 1,
      "discover": 1,
      "edit": 12,
      "enter": 2,
      "export-interface": 1,
      "guide": 1,
      "help": 1,
      "invoke": 2,
      "save": 1,
      "schema": 1,
      "set": 39,
      "show": 2,
      "status": 1,
      "tree": 2
    },
    "output_bytes": 121806,
    "recorded_processes": 3,
    "timing_overlap": "Receiver durations include their nested process time; do not add the two columns.",
    "tokens": null
  },
  "interface_export_bytes": 7795,
  "scope": "Task fidelity and real CLI behavior; actor independence is attested separately.",
  "status": "pass",
  "submitted_checkpoint_sha256": "1e3a7d247c9696678cf8c868c06b4555860f545be52556ae075f04050591351b"
}
{
  "actor": "scripted producer",
  "artifact_bytes": {
    "CATALOG-TASK.md": 2291,
    "START.md": 3748,
    "TASK.md": 4589,
    "abandoned-request.json": 239,
    "cli": 11036136,
    "handover.session.json": 12557,
    "incompatible-operations.json": 8722,
    "operations.json": 8721,
    "queue-policy.json": 538,
    "receiver": 10263104,
    "source.session.json": 12493
  },
  "directory": "/home/apnex/taceng/cli/target/continuation-RaWVd8/recipient",
  "elapsed_preparation_ms": "1990",
  "fresh_actor_trial": "not-run",
  "manifest_bytes": 4078,
  "partial_extension": {
    "actor_reasoning_time": null,
    "applied": 16,
    "elapsed_process_ms": "171",
    "exit_code": 0,
    "failures": 0,
    "input_bytes": 538,
    "output_bytes": 20923,
    "presentation": "terminal",
    "requests": 16,
    "started_unix_ms": "1788905562838",
    "token_use": null
  },
  "policy_construction": {
    "actor_reasoning_time": null,
    "applied": 48,
    "elapsed_process_ms": "498",
    "exit_code": 0,
    "failures": 0,
    "input_bytes": 1220,
    "output_bytes": 37891,
    "presentation": "terminal",
    "requests": 49,
    "started_unix_ms": "1788905561119",
    "token_use": null
  },
  "reuse_scope": "Complete catalog definition and checkpoint, extended into a second task; no general component resolver.",
  "source_asset_construction": {
    "actor_reasoning_time": null,
    "applied": 113,
    "elapsed_process_ms": "1219",
    "exit_code": 0,
    "failures": 0,
    "input_bytes": 3157,
    "output_bytes": 83055,
    "presentation": "terminal",
    "requests": 114,
    "started_unix_ms": "1788905561618",
    "token_use": null
  },
  "status": "prepared",
  "targeted_edit_comparison": "not-run",
  "timing_scope": "Includes source and policy construction, partial extension, file copying, executable hashing, and manifest creation; excludes compilation.",
  "token_use": null
}
real 94.53
user 557.15
sys 13.77
