docs/evidence/cli-005/comparison/walkthrough/cli-continuation/evaluation/evaluation.json: OK
docs/evidence/cli-005/comparison/walkthrough/cli-continuation/evaluation/logs/evaluation.input.txt: OK
docs/evidence/cli-005/comparison/walkthrough/cli-continuation/evaluation/logs/evaluation.metrics.json: OK
docs/evidence/cli-005/comparison/walkthrough/cli-continuation/evaluation/logs/evaluation.output.jsonl: OK
docs/evidence/cli-005/comparison/walkthrough/cli-continuation/evaluation/logs/evaluation.stderr.txt: OK
docs/evidence/cli-005/comparison/walkthrough/cli-continuation/evaluation/logs/typed-rejection.input.txt: OK
docs/evidence/cli-005/comparison/walkthrough/cli-continuation/evaluation/logs/typed-rejection.metrics.json: OK
docs/evidence/cli-005/comparison/walkthrough/cli-continuation/evaluation/logs/typed-rejection.output.jsonl: OK
docs/evidence/cli-005/comparison/walkthrough/cli-continuation/evaluation/logs/typed-rejection.stderr.txt: OK
docs/evidence/cli-005/comparison/walkthrough/cli-continuation/evaluation/operations.json: OK
docs/evidence/cli-005/comparison/walkthrough/cli-continuation/evaluation/work.session.json: OK
docs/evidence/cli-005/comparison/walkthrough/cli-continuation/package/CATALOG-TASK.txt: OK
docs/evidence/cli-005/comparison/walkthrough/cli-continuation/package/START.txt: OK
docs/evidence/cli-005/comparison/walkthrough/cli-continuation/package/TASK.txt: OK
docs/evidence/cli-005/comparison/walkthrough/cli-continuation/package/abandoned-request.json: OK
docs/evidence/cli-005/comparison/walkthrough/cli-continuation/package/completed.definition.json: OK
docs/evidence/cli-005/comparison/walkthrough/cli-continuation/package/completed.interface.json: OK
docs/evidence/cli-005/comparison/walkthrough/cli-continuation/package/handover.session.json: OK
docs/evidence/cli-005/comparison/walkthrough/cli-continuation/package/incompatible-operations.json: OK
docs/evidence/cli-005/comparison/walkthrough/cli-continuation/package/logs/6145ef59-e58d-45e4-b7c8-eb5879533430.receiver.json: OK
docs/evidence/cli-005/comparison/walkthrough/cli-continuation/package/logs/8f80f6d0-1ee8-4d8f-a586-6e76ecec1370-dependency.input.txt: OK
docs/evidence/cli-005/comparison/walkthrough/cli-continuation/package/logs/8f80f6d0-1ee8-4d8f-a586-6e76ecec1370-dependency.metrics.json: OK
docs/evidence/cli-005/comparison/walkthrough/cli-continuation/package/logs/8f80f6d0-1ee8-4d8f-a586-6e76ecec1370-dependency.output.jsonl: OK
docs/evidence/cli-005/comparison/walkthrough/cli-continuation/package/logs/8f80f6d0-1ee8-4d8f-a586-6e76ecec1370-dependency.stderr.txt: OK
docs/evidence/cli-005/comparison/walkthrough/cli-continuation/package/logs/8f80f6d0-1ee8-4d8f-a586-6e76ecec1370-stale.input.txt: OK
docs/evidence/cli-005/comparison/walkthrough/cli-continuation/package/logs/8f80f6d0-1ee8-4d8f-a586-6e76ecec1370-stale.metrics.json: OK
docs/evidence/cli-005/comparison/walkthrough/cli-continuation/package/logs/8f80f6d0-1ee8-4d8f-a586-6e76ecec1370-stale.output.jsonl: OK
docs/evidence/cli-005/comparison/walkthrough/cli-continuation/package/logs/8f80f6d0-1ee8-4d8f-a586-6e76ecec1370-stale.stderr.txt: OK
docs/evidence/cli-005/comparison/walkthrough/cli-continuation/package/logs/comparison.input.txt: OK
docs/evidence/cli-005/comparison/walkthrough/cli-continuation/package/logs/comparison.metrics.json: OK
docs/evidence/cli-005/comparison/walkthrough/cli-continuation/package/logs/comparison.output.jsonl: OK
docs/evidence/cli-005/comparison/walkthrough/cli-continuation/package/logs/comparison.stderr.txt: OK
docs/evidence/cli-005/comparison/walkthrough/cli-continuation/package/logs/probes.console.txt: OK
docs/evidence/cli-005/comparison/walkthrough/cli-continuation/package/logs/probes.stderr.txt: OK
docs/evidence/cli-005/comparison/walkthrough/cli-continuation/package/manifest.json: OK
docs/evidence/cli-005/comparison/walkthrough/cli-continuation/package/operations.json: OK
docs/evidence/cli-005/comparison/walkthrough/cli-continuation/package/queue-policy.json: OK
docs/evidence/cli-005/comparison/walkthrough/cli-continuation/package/source.session.json: OK
docs/evidence/cli-005/comparison/walkthrough/cli-continuation/package/work.session.json: OK
docs/evidence/cli-005/comparison/walkthrough/cli-continuation/package/workflow.json: OK
docs/evidence/cli-005/comparison/walkthrough/cli-continuation/result.json: OK
docs/evidence/cli-005/comparison/walkthrough/cli-reconstruction/evaluation/evaluation.json: OK
docs/evidence/cli-005/comparison/walkthrough/cli-reconstruction/evaluation/logs/evaluation.input.txt: OK
docs/evidence/cli-005/comparison/walkthrough/cli-reconstruction/evaluation/logs/evaluation.metrics.json: OK
docs/evidence/cli-005/comparison/walkthrough/cli-reconstruction/evaluation/logs/evaluation.output.jsonl: OK
docs/evidence/cli-005/comparison/walkthrough/cli-reconstruction/evaluation/logs/evaluation.stderr.txt: OK
docs/evidence/cli-005/comparison/walkthrough/cli-reconstruction/evaluation/logs/typed-rejection.input.txt: OK
docs/evidence/cli-005/comparison/walkthrough/cli-reconstruction/evaluation/logs/typed-rejection.metrics.json: OK
docs/evidence/cli-005/comparison/walkthrough/cli-reconstruction/evaluation/logs/typed-rejection.output.jsonl: OK
docs/evidence/cli-005/comparison/walkthrough/cli-reconstruction/evaluation/logs/typed-rejection.stderr.txt: OK
docs/evidence/cli-005/comparison/walkthrough/cli-reconstruction/evaluation/operations.json: OK
docs/evidence/cli-005/comparison/walkthrough/cli-reconstruction/evaluation/work.session.json: OK
docs/evidence/cli-005/comparison/walkthrough/cli-reconstruction/package/CATALOG-TASK.txt: OK
docs/evidence/cli-005/comparison/walkthrough/cli-reconstruction/package/START.txt: OK
docs/evidence/cli-005/comparison/walkthrough/cli-reconstruction/package/TASK.txt: OK
docs/evidence/cli-005/comparison/walkthrough/cli-reconstruction/package/abandoned-request.json: OK
docs/evidence/cli-005/comparison/walkthrough/cli-reconstruction/package/completed.definition.json: OK
docs/evidence/cli-005/comparison/walkthrough/cli-reconstruction/package/completed.interface.json: OK
docs/evidence/cli-005/comparison/walkthrough/cli-reconstruction/package/handover.session.json: OK
docs/evidence/cli-005/comparison/walkthrough/cli-reconstruction/package/incompatible-operations.json: OK
docs/evidence/cli-005/comparison/walkthrough/cli-reconstruction/package/logs/0272a84b-e8bd-4fd1-b404-e39596dddd78-dependency.input.txt: OK
docs/evidence/cli-005/comparison/walkthrough/cli-reconstruction/package/logs/0272a84b-e8bd-4fd1-b404-e39596dddd78-dependency.metrics.json: OK
docs/evidence/cli-005/comparison/walkthrough/cli-reconstruction/package/logs/0272a84b-e8bd-4fd1-b404-e39596dddd78-dependency.output.jsonl: OK
docs/evidence/cli-005/comparison/walkthrough/cli-reconstruction/package/logs/0272a84b-e8bd-4fd1-b404-e39596dddd78-dependency.stderr.txt: OK
docs/evidence/cli-005/comparison/walkthrough/cli-reconstruction/package/logs/0272a84b-e8bd-4fd1-b404-e39596dddd78-stale.input.txt: OK
docs/evidence/cli-005/comparison/walkthrough/cli-reconstruction/package/logs/0272a84b-e8bd-4fd1-b404-e39596dddd78-stale.metrics.json: OK
docs/evidence/cli-005/comparison/walkthrough/cli-reconstruction/package/logs/0272a84b-e8bd-4fd1-b404-e39596dddd78-stale.output.jsonl: OK
docs/evidence/cli-005/comparison/walkthrough/cli-reconstruction/package/logs/0272a84b-e8bd-4fd1-b404-e39596dddd78-stale.stderr.txt: OK
docs/evidence/cli-005/comparison/walkthrough/cli-reconstruction/package/logs/0686bd74-6a71-4cfd-95a2-483e8edcbf49.receiver.json: OK
docs/evidence/cli-005/comparison/walkthrough/cli-reconstruction/package/logs/comparison.input.txt: OK
docs/evidence/cli-005/comparison/walkthrough/cli-reconstruction/package/logs/comparison.metrics.json: OK
docs/evidence/cli-005/comparison/walkthrough/cli-reconstruction/package/logs/comparison.output.jsonl: OK
docs/evidence/cli-005/comparison/walkthrough/cli-reconstruction/package/logs/comparison.stderr.txt: OK
docs/evidence/cli-005/comparison/walkthrough/cli-reconstruction/package/logs/probes.console.txt: OK
docs/evidence/cli-005/comparison/walkthrough/cli-reconstruction/package/logs/probes.stderr.txt: OK
docs/evidence/cli-005/comparison/walkthrough/cli-reconstruction/package/manifest.json: OK
docs/evidence/cli-005/comparison/walkthrough/cli-reconstruction/package/operations.json: OK
docs/evidence/cli-005/comparison/walkthrough/cli-reconstruction/package/queue-policy.json: OK
docs/evidence/cli-005/comparison/walkthrough/cli-reconstruction/package/rebuild.commands: OK
docs/evidence/cli-005/comparison/walkthrough/cli-reconstruction/package/source.session.json: OK
docs/evidence/cli-005/comparison/walkthrough/cli-reconstruction/package/work.session.json: OK
docs/evidence/cli-005/comparison/walkthrough/cli-reconstruction/package/workflow.json: OK
docs/evidence/cli-005/comparison/walkthrough/cli-reconstruction/result.json: OK
docs/evidence/cli-005/comparison/walkthrough/comparison.json: OK
docs/evidence/cli-005/comparison/walkthrough/recipes/queue-finish.commands: OK
docs/evidence/cli-005/comparison/walkthrough/recipes/rebuild.commands: OK
docs/evidence/cli-005/comparison/walkthrough/recipes/targeted-edits.json: OK
docs/evidence/cli-005/comparison/walkthrough/shared/package/CATALOG-TASK.txt: OK
docs/evidence/cli-005/comparison/walkthrough/shared/package/START.txt: OK
docs/evidence/cli-005/comparison/walkthrough/shared/package/TASK.txt: OK
docs/evidence/cli-005/comparison/walkthrough/shared/package/abandoned-request.json: OK
docs/evidence/cli-005/comparison/walkthrough/shared/package/handover.session.json: OK
docs/evidence/cli-005/comparison/walkthrough/shared/package/incompatible-operations.json: OK
docs/evidence/cli-005/comparison/walkthrough/shared/package/manifest.json: OK
docs/evidence/cli-005/comparison/walkthrough/shared/package/operations.json: OK
docs/evidence/cli-005/comparison/walkthrough/shared/package/queue-policy.json: OK
docs/evidence/cli-005/comparison/walkthrough/shared/package/source.session.json: OK
docs/evidence/cli-005/comparison/walkthrough/shared/preparation.json: OK
docs/evidence/cli-005/comparison/walkthrough/shared/producer/CATALOG-TASK.txt: OK
docs/evidence/cli-005/comparison/walkthrough/shared/producer/TASK.txt: OK
docs/evidence/cli-005/comparison/walkthrough/shared/producer/catalog-definition.json: OK
docs/evidence/cli-005/comparison/walkthrough/shared/producer/handover.session.json: OK
docs/evidence/cli-005/comparison/walkthrough/shared/producer/logs/catalog.input.txt: OK
docs/evidence/cli-005/comparison/walkthrough/shared/producer/logs/catalog.metrics.json: OK
docs/evidence/cli-005/comparison/walkthrough/shared/producer/logs/catalog.output.jsonl: OK
docs/evidence/cli-005/comparison/walkthrough/shared/producer/logs/catalog.stderr.txt: OK
docs/evidence/cli-005/comparison/walkthrough/shared/producer/logs/partial.input.txt: OK
docs/evidence/cli-005/comparison/walkthrough/shared/producer/logs/partial.metrics.json: OK
docs/evidence/cli-005/comparison/walkthrough/shared/producer/logs/partial.output.jsonl: OK
docs/evidence/cli-005/comparison/walkthrough/shared/producer/logs/partial.stderr.txt: OK
docs/evidence/cli-005/comparison/walkthrough/shared/producer/logs/policy.input.txt: OK
docs/evidence/cli-005/comparison/walkthrough/shared/producer/logs/policy.metrics.json: OK
docs/evidence/cli-005/comparison/walkthrough/shared/producer/logs/policy.output.jsonl: OK
docs/evidence/cli-005/comparison/walkthrough/shared/producer/logs/policy.stderr.txt: OK
docs/evidence/cli-005/comparison/walkthrough/shared/producer/operations.json: OK
docs/evidence/cli-005/comparison/walkthrough/shared/producer/policy.session.json: OK
docs/evidence/cli-005/comparison/walkthrough/shared/producer/queue-policy.json: OK
docs/evidence/cli-005/comparison/walkthrough/shared/producer/source.session.json: OK
docs/evidence/cli-005/comparison/walkthrough/targeted-json-editing/evaluation/evaluation.json: OK
docs/evidence/cli-005/comparison/walkthrough/targeted-json-editing/evaluation/logs/evaluation.input.txt: OK
docs/evidence/cli-005/comparison/walkthrough/targeted-json-editing/evaluation/logs/evaluation.metrics.json: OK
docs/evidence/cli-005/comparison/walkthrough/targeted-json-editing/evaluation/logs/evaluation.output.jsonl: OK
docs/evidence/cli-005/comparison/walkthrough/targeted-json-editing/evaluation/logs/evaluation.stderr.txt: OK
docs/evidence/cli-005/comparison/walkthrough/targeted-json-editing/evaluation/logs/typed-rejection.input.txt: OK
docs/evidence/cli-005/comparison/walkthrough/targeted-json-editing/evaluation/logs/typed-rejection.metrics.json: OK
docs/evidence/cli-005/comparison/walkthrough/targeted-json-editing/evaluation/logs/typed-rejection.output.jsonl: OK
docs/evidence/cli-005/comparison/walkthrough/targeted-json-editing/evaluation/logs/typed-rejection.stderr.txt: OK
docs/evidence/cli-005/comparison/walkthrough/targeted-json-editing/evaluation/operations.json: OK
docs/evidence/cli-005/comparison/walkthrough/targeted-json-editing/evaluation/work.session.json: OK
docs/evidence/cli-005/comparison/walkthrough/targeted-json-editing/package/CATALOG-TASK.txt: OK
docs/evidence/cli-005/comparison/walkthrough/targeted-json-editing/package/START.txt: OK
docs/evidence/cli-005/comparison/walkthrough/targeted-json-editing/package/TASK.txt: OK
docs/evidence/cli-005/comparison/walkthrough/targeted-json-editing/package/abandoned-request.json: OK
docs/evidence/cli-005/comparison/walkthrough/targeted-json-editing/package/completed.definition.json: OK
docs/evidence/cli-005/comparison/walkthrough/targeted-json-editing/package/completed.interface.json: OK
docs/evidence/cli-005/comparison/walkthrough/targeted-json-editing/package/external-edit/after.json: OK
docs/evidence/cli-005/comparison/walkthrough/targeted-json-editing/package/external-edit/before.json: OK
docs/evidence/cli-005/comparison/walkthrough/targeted-json-editing/package/external-edit/recipe.json: OK
docs/evidence/cli-005/comparison/walkthrough/targeted-json-editing/package/external-edit/result.json: OK
docs/evidence/cli-005/comparison/walkthrough/targeted-json-editing/package/external-validation-after.json: OK
docs/evidence/cli-005/comparison/walkthrough/targeted-json-editing/package/external-validation-before.json: OK
docs/evidence/cli-005/comparison/walkthrough/targeted-json-editing/package/handover.session.json: OK
docs/evidence/cli-005/comparison/walkthrough/targeted-json-editing/package/incompatible-operations.json: OK
docs/evidence/cli-005/comparison/walkthrough/targeted-json-editing/package/logs/b98b50d6-586f-4fd2-b3bb-626510cc6cee.receiver.json: OK
docs/evidence/cli-005/comparison/walkthrough/targeted-json-editing/package/logs/comparison.input.txt: OK
docs/evidence/cli-005/comparison/walkthrough/targeted-json-editing/package/logs/comparison.metrics.json: OK
docs/evidence/cli-005/comparison/walkthrough/targeted-json-editing/package/logs/comparison.output.jsonl: OK
docs/evidence/cli-005/comparison/walkthrough/targeted-json-editing/package/logs/comparison.stderr.txt: OK
docs/evidence/cli-005/comparison/walkthrough/targeted-json-editing/package/logs/dc6efc8c-ebdc-44d1-9d93-3eccae35b948-dependency.input.txt: OK
docs/evidence/cli-005/comparison/walkthrough/targeted-json-editing/package/logs/dc6efc8c-ebdc-44d1-9d93-3eccae35b948-dependency.metrics.json: OK
docs/evidence/cli-005/comparison/walkthrough/targeted-json-editing/package/logs/dc6efc8c-ebdc-44d1-9d93-3eccae35b948-dependency.output.jsonl: OK
docs/evidence/cli-005/comparison/walkthrough/targeted-json-editing/package/logs/dc6efc8c-ebdc-44d1-9d93-3eccae35b948-dependency.stderr.txt: OK
docs/evidence/cli-005/comparison/walkthrough/targeted-json-editing/package/logs/dc6efc8c-ebdc-44d1-9d93-3eccae35b948-stale.input.txt: OK
docs/evidence/cli-005/comparison/walkthrough/targeted-json-editing/package/logs/dc6efc8c-ebdc-44d1-9d93-3eccae35b948-stale.metrics.json: OK
docs/evidence/cli-005/comparison/walkthrough/targeted-json-editing/package/logs/dc6efc8c-ebdc-44d1-9d93-3eccae35b948-stale.output.jsonl: OK
docs/evidence/cli-005/comparison/walkthrough/targeted-json-editing/package/logs/dc6efc8c-ebdc-44d1-9d93-3eccae35b948-stale.stderr.txt: OK
docs/evidence/cli-005/comparison/walkthrough/targeted-json-editing/package/logs/probes.console.txt: OK
docs/evidence/cli-005/comparison/walkthrough/targeted-json-editing/package/logs/probes.stderr.txt: OK
docs/evidence/cli-005/comparison/walkthrough/targeted-json-editing/package/manifest.json: OK
docs/evidence/cli-005/comparison/walkthrough/targeted-json-editing/package/operations.json: OK
docs/evidence/cli-005/comparison/walkthrough/targeted-json-editing/package/queue-policy.json: OK
docs/evidence/cli-005/comparison/walkthrough/targeted-json-editing/package/source.session.json: OK
docs/evidence/cli-005/comparison/walkthrough/targeted-json-editing/package/work.session.json: OK
docs/evidence/cli-005/comparison/walkthrough/targeted-json-editing/package/workflow.json: OK
docs/evidence/cli-005/comparison/walkthrough/targeted-json-editing/result.json: OK
